
  [32m[1mVITE[22m v7.3.6[39m  [2mready in [0m[1m1905[22m[2m[0m ms[22m

  [32m➜[39m  [1mLocal[22m:   [36mhttp://127.0.0.1:[1m5189[22m/[39m
12:06:52 AM [vite-plugin-svelte] src/lib/learn/document/DocumentCanvas.svelte:119:2 noninteractive element cannot have nonnegative tabIndex value
https://svelte.dev/e/a11y_no_noninteractive_tabindex
12:06:53 AM [vite-plugin-svelte] src/lib/learn/document/editors/InteractionEditor.svelte:16:21 This reference only captures the initial value of `node`. Did you mean to reference it inside a derived instead?
https://svelte.dev/e/state_referenced_locally
12:06:58 AM [vite-plugin-svelte] src/lib/learn/document/DocumentCanvas.svelte:119:2 noninteractive element cannot have nonnegative tabIndex value
https://svelte.dev/e/a11y_no_noninteractive_tabindex
12:06:58 AM [vite-plugin-svelte] src/lib/learn/document/editors/InteractionEditor.svelte:16:21 This reference only captures the initial value of `node`. Did you mean to reference it inside a derived instead?
https://svelte.dev/e/state_referenced_locally
[2m12:07:41 AM[22m [36m[1m[vite][22m[39m [90m[2m(client)[22m[39m [32mpage reload [39m[2m.svelte-kit/generated/client/nodes/0.js[22m
[2m12:07:41 AM[22m [36m[1m[vite][22m[39m [90m[2m(client)[22m[39m [32mpage reload [39m[2m.svelte-kit/generated/client/nodes/1.js[22m
[2m12:07:42 AM[22m [36m[1m[vite][22m[39m [90m[2m(client)[22m[39m [32mpage reload [39m[2m.svelte-kit/generated/client/nodes/10.js[22m
[2m12:07:42 AM[22m [36m[1m[vite][22m[39m [90m[2m(client)[22m[39m [32mpage reload [39m[2m.svelte-kit/generated/client/app.js[22m
[2m12:07:42 AM[22m [36m[1m[vite][22m[39m [34m[2m(ssr)[22m[39m [32mpage reload [39m[2m.svelte-kit/generated/shared/error-template.js[22m
[2m12:07:42 AM[22m [36m[1m[vite][22m[39m [34m[2m(ssr)[22m[39m [32mpage reload [39m[2m.svelte-kit/generated/server/internal.js[22m
[2m12:07:42 AM[22m [36m[1m[vite][22m[39m [90m[2m(client)[22m[39m [32mpage reload [39m[2m.svelte-kit/generated/client/matchers.js[22m
[2m12:07:42 AM[22m [36m[1m[vite][22m[39m [90m[2m(client)[22m[39m [32mpage reload [39m[2m.svelte-kit/generated/root.js[22m
[2m12:07:42 AM[22m [36m[1m[vite][22m[39m [34m[2m(ssr)[22m[39m [32mpage reload [39m[2m.svelte-kit/generated/root.js[22m
[2m12:07:42 AM[22m [36m[1m[vite][22m[39m [34m[2m(ssr)[22m[39m [32mpage reload [39m[2m.svelte-kit/generated/root.svelte[22m
