[  152667ms] [ERROR] Failed to load resource: the server responded with a status of 409 (Conflict) @ http://localhost:5173/api/v1/v3/generations/8b855594-9577-44f1-8652-cf2a4dae699d/lesson-approach/approve?path=print:0
[  170195ms] [ERROR] Failed to load resource: the server responded with a status of 409 (Conflict) @ http://localhost:5173/api/v1/v3/generations/8b855594-9577-44f1-8652-cf2a4dae699d/lesson-approach/approve?path=print:0
[ 6676823ms] [ERROR] Failed to load resource: net::ERR_CONNECTION_REFUSED @ http://localhost:5173/src/app.css?t=1789104418378:0
[ 6676823ms] [ERROR] [vite] Failed to reload /src/app.css. This could be due to syntax errors or importing non-existent modules. (see errors above) @ http://localhost:5173/@vite/client:808
[ 6679202ms] [ERROR] Failed to load resource: net::ERR_CONNECTION_REFUSED @ http://localhost:5173/src/app.css?t=1789104419593:0
[ 6679204ms] [ERROR] [vite] Failed to reload /src/app.css. This could be due to syntax errors or importing non-existent modules. (see errors above) @ http://localhost:5173/@vite/client:808
[ 6679204ms] [LOG] [vite] server connection lost. Polling for restart... @ http://localhost:5173/@vite/client:864
[ 8216912ms] DataCloneError: Failed to execute 'structuredClone' on 'Window': #<Object> could not be cloned.

	in <unknown>
	in +page.svelte
	in +layout.svelte
	in root.svelte
	in undefined

    at PrintDocumentEditor (http://localhost:5173/src/lib/print/components/studio/PrintDocumentEditor.svelte:55:36)
    at http://localhost:5173/node_modules/.vite/deps/chunk-JRELA2CJ.js?v=c0891cc7:310:56
    at update_reaction (http://localhost:5173/node_modules/.vite/deps/chunk-DBQ5OVZ6.js?v=c0891cc7:4136:18)
    at update_effect (http://localhost:5173/node_modules/.vite/deps/chunk-DBQ5OVZ6.js?v=c0891cc7:4284:21)
    at create_effect (http://localhost:5173/node_modules/.vite/deps/chunk-DBQ5OVZ6.js?v=c0891cc7:3626:7)
    at branch (http://localhost:5173/node_modules/.vite/deps/chunk-DBQ5OVZ6.js?v=c0891cc7:3802:10)
    at http://localhost:5173/node_modules/.vite/deps/chunk-JRELA2CJ.js?v=c0891cc7:304:17
    at update_reaction (http://localhost:5173/node_modules/.vite/deps/chunk-DBQ5OVZ6.js?v=c0891cc7:4136:18)
    at update_effect (http://localhost:5173/node_modules/.vite/deps/chunk-DBQ5OVZ6.js?v=c0891cc7:4284:21)
    at create_effect (http://localhost:5173/node_modules/.vite/deps/chunk-DBQ5OVZ6.js?v=c0891cc7:3626:7)
