
[1;31m[404] GET /favicon.ico[0m
12:32:58 AM [vite] http proxy error: /api/v1/auth/me
AggregateError [ECONNREFUSED]: 
    at internalConnectMultiple (node:net:1139:18)
    at afterConnectMultiple (node:net:1712:7)
    at TCPConnectWrap.callbackTrampoline (node:internal/async_hooks:130:17)
12:32:59 AM [vite] http proxy error: /api/v1/capabilities
AggregateError [ECONNREFUSED]: 
    at internalConnectMultiple (node:net:1139:18)
    at afterConnectMultiple (node:net:1712:7)
    at TCPConnectWrap.callbackTrampoline (node:internal/async_hooks:130:17)
12:33:50 AM [vite] http proxy error: /api/v1/auth/me
AggregateError [ECONNREFUSED]: 
    at internalConnectMultiple (node:net:1139:18)
    at afterConnectMultiple (node:net:1712:7)
    at TCPConnectWrap.callbackTrampoline (node:internal/async_hooks:130:17)
12:33:50 AM [vite] http proxy error: /api/v1/capabilities
AggregateError [ECONNREFUSED]: 
    at internalConnectMultiple (node:net:1139:18)
    at afterConnectMultiple (node:net:1712:7)
    at TCPConnectWrap.callbackTrampoline (node:internal/async_hooks:130:17)
1:10:12 AM [vite] http proxy error: /api/v1/v3/chunked/3a2f034f-d7e6-422e-9706-ef3032f17e8e/status
Error: read ECONNRESET
    at TCP.onStreamRead (node:internal/stream_base_commons:216:20)
    at TCP.callbackTrampoline (node:internal/async_hooks:130:17)
1:10:45 AM [vite] http proxy error: /api/v1/auth/me
AggregateError [ECONNREFUSED]: 
    at internalConnectMultiple (node:net:1139:18)
    at afterConnectMultiple (node:net:1712:7)
    at TCPConnectWrap.callbackTrampoline (node:internal/async_hooks:130:17)
1:10:45 AM [vite] http proxy error: /api/v1/units/750b4add-90e0-429f-b9b1-b022f48d657d
AggregateError [ECONNREFUSED]: 
    at internalConnectMultiple (node:net:1139:18)
    at afterConnectMultiple (node:net:1712:7)
    at TCPConnectWrap.callbackTrampoline (node:internal/async_hooks:130:17)

[1;31m[404] GET /builder/from-native-learn/9fb742a1-8fc3-4e9e-bf1d-83e0634a80fd[0m
