
> frontend@1.0.0-beta.1 dev C:\Projects\lectio\apps\textbook-agent\frontend
> vite dev "--host" "127.0.0.1"


  VITE v7.3.6  ready in 40667 ms

  ➜  Local:   http://127.0.0.1:5173/
  ➜  press h + enter to show help
12:41:42 AM [vite-plugin-svelte] src/lib/learn/document/DocumentEditor.svelte:47:20 This reference only captures the initial value of `initialDocument`. Did you mean to reference it inside a closure instead?
https://svelte.dev/e/state_referenced_locally
12:41:43 AM [vite-plugin-svelte] src/lib/learn/document/DocumentCanvas.svelte:115:2 noninteractive element cannot have nonnegative tabIndex value
https://svelte.dev/e/a11y_no_noninteractive_tabindex
12:41:43 AM [vite-plugin-svelte] src/lib/learn/document/editors/InteractionEditor.svelte:16:21 This reference only captures the initial value of `node`. Did you mean to reference it inside a derived instead?
https://svelte.dev/e/state_referenced_locally
12:41:45 AM [vite-plugin-svelte] src/lib/learn/document/DocumentEditor.svelte:47:20 This reference only captures the initial value of `initialDocument`. Did you mean to reference it inside a closure instead?
https://svelte.dev/e/state_referenced_locally
12:41:45 AM [vite-plugin-svelte] src/lib/learn/document/DocumentCanvas.svelte:115:2 noninteractive element cannot have nonnegative tabIndex value
https://svelte.dev/e/a11y_no_noninteractive_tabindex
12:41:45 AM [vite-plugin-svelte] src/lib/learn/document/editors/InteractionEditor.svelte:16:21 This reference only captures the initial value of `node`. Did you mean to reference it inside a derived instead?
https://svelte.dev/e/state_referenced_locally
1:17:36 AM [vite] (client) hmr update /src/app.css
1:17:36 AM [vite] (ssr) page reload src/lib/types/units.ts
1:17:36 AM [vite] (client) hmr update /src/app.css, /src/routes/units/[id]/+page.svelte, /src/routes/units/[id]/lessons/[lessonId]/+layout.svelte, /src/routes/units/[id]/lessons/[lessonId]/plan/+page.svelte, /src/routes/units/[id]/lessons/[lessonId]/learn/+page.svelte
1:17:36 AM [vite] (ssr) page reload src/lib/curriculum/lessons/lesson-context.ts
1:21:46 AM [vite] (client) hmr update /src/app.css, /src/routes/units/[id]/lessons/[lessonId]/learn/+page.svelte, /src/lib/learn/document/DocumentEditor.svelte
1:21:46 AM [vite] (ssr) page reload src/lib/learn/authoring/builder/api/lesson-crud.ts
1:21:46 AM [vite] (client) hmr update /src/routes/units/[id]/lessons/[lessonId]/learn/+page.svelte, /src/app.css
1:21:46 AM [vite] (ssr) page reload src/routes/units/[id]/lessons/[lessonId]/learn/+page.svelte
1:24:37 AM [vite] (client) hmr update /src/routes/units/[id]/lessons/[lessonId]/plan/+page.svelte, /src/app.css
1:24:37 AM [vite] (ssr) page reload src/routes/units/[id]/lessons/[lessonId]/plan/+page.svelte
1:32:30 AM [vite] (client) hmr update /src/routes/units/[id]/lessons/[lessonId]/learn/+page.svelte, /src/app.css
1:32:30 AM [vite] (ssr) page reload src/routes/units/[id]/lessons/[lessonId]/learn/+page.svelte
2:15:37 AM [vite] (client) hmr update /src/routes/learn/instances/[instanceId]/+page.svelte, /src/routes/learn/instances/[instanceId]/+page.svelte?svelte&type=style&lang.css, /src/app.css
2:15:37 AM [vite] (ssr) page reload src/routes/learn/instances/[instanceId]/+page.svelte
2:20:04 AM [vite] (client) hmr update /src/lib/learn/student/OrderedDocumentList.svelte, /src/app.css
2:20:04 AM [vite] (ssr) page reload src/lib/learn/student/OrderedDocumentList.svelte
2:20:04 AM [vite] (client) hmr update /src/routes/learn/instances/[instanceId]/+page.svelte, /src/app.css
2:20:04 AM [vite] (ssr) page reload src/routes/learn/instances/[instanceId]/+page.svelte
2:20:04 AM [vite] (client) hmr update /src/lib/learn/student/StudentLessonShell.svelte, /src/app.css
2:20:04 AM [vite] (ssr) page reload src/lib/learn/student/StudentLessonShell.svelte
2:24:40 AM [vite] (client) page reload .svelte-kit/generated/client/nodes/0.js
2:24:40 AM [vite] (client) page reload .svelte-kit/generated/client/nodes/1.js
2:24:41 AM [vite] (client) page reload .svelte-kit/generated/client/nodes/3.js
2:24:41 AM [vite] (client) page reload .svelte-kit/generated/client/nodes/4.js
2:24:41 AM [vite] (client) page reload .svelte-kit/generated/client/nodes/7.js
2:24:41 AM [vite] (client) page reload .svelte-kit/generated/client/nodes/18.js
2:24:41 AM [vite] (client) page reload .svelte-kit/generated/client/nodes/3.js
2:24:41 AM [vite] (client) page reload .svelte-kit/generated/client/nodes/4.js
2:24:41 AM [vite] (client) page reload .svelte-kit/generated/client/nodes/8.js
2:24:41 AM [vite] (client) page reload .svelte-kit/generated/client/nodes/11.js
2:24:41 AM [vite] (client) page reload .svelte-kit/generated/client/nodes/15.js
2:24:41 AM [vite] (client) page reload .svelte-kit/generated/client/nodes/17.js
2:24:41 AM [vite] (client) page reload .svelte-kit/generated/client/nodes/21.js
2:24:41 AM [vite] (client) page reload .svelte-kit/generated/client/nodes/23.js
2:24:41 AM [vite] (client) page reload .svelte-kit/generated/client/nodes/29.js
2:24:41 AM [vite] (client) page reload .svelte-kit/generated/client/nodes/30.js
2:24:41 AM [vite] (client) page reload .svelte-kit/generated/client/nodes/32.js
2:24:41 AM [vite] (client) page reload .svelte-kit/generated/client/nodes/33.js
2:24:41 AM [vite] (client) page reload .svelte-kit/generated/client/app.js
2:24:41 AM [vite] (client) page reload .svelte-kit/generated/client/nodes/18.js
2:24:41 AM [vite] (ssr) page reload .svelte-kit/generated/shared/error-template.js
2:24:41 AM [vite] (ssr) page reload .svelte-kit/generated/server/internal.js
2:24:41 AM [vite] (client) page reload .svelte-kit/generated/client/matchers.js
2:24:41 AM [vite] (client) page reload .svelte-kit/generated/root.js
2:24:41 AM [vite] (ssr) page reload .svelte-kit/generated/root.js
2:24:41 AM [vite] (ssr) page reload .svelte-kit/generated/root.svelte
9:25:47 AM [vite-plugin-svelte] src/lib/print/components/studio/PrintDocumentEditor.svelte:25:50 This reference only captures the initial value of `initialDocument`. Did you mean to reference it inside a derived instead?
https://svelte.dev/e/state_referenced_locally
9:25:47 AM [vite-plugin-svelte] src/lib/print/components/studio/PrintDocumentEditor.svelte:26:23 This reference only captures the initial value of `documentRevision`. Did you mean to reference it inside a closure instead?
https://svelte.dev/e/state_referenced_locally
10:28:56 AM [vite] (client) page reload .svelte-kit/generated/client/nodes/0.js
10:28:56 AM [vite] (client) page reload .svelte-kit/generated/client/nodes/0.js
10:28:56 AM [vite] (client) page reload .svelte-kit/generated/client/nodes/1.js
10:28:56 AM [vite] (client) page reload .svelte-kit/generated/client/nodes/3.js
10:28:56 AM [vite] (client) page reload .svelte-kit/generated/client/nodes/4.js
10:28:56 AM [vite] (client) page reload .svelte-kit/generated/client/nodes/7.js
10:28:56 AM [vite] (client) page reload .svelte-kit/generated/client/nodes/8.js
10:28:56 AM [vite] (client) page reload .svelte-kit/generated/client/nodes/10.js
10:28:56 AM [vite] (client) page reload .svelte-kit/generated/client/nodes/11.js
10:28:57 AM [vite] (client) page reload .svelte-kit/generated/client/app.js
10:28:57 AM [vite] (ssr) page reload .svelte-kit/generated/shared/error-template.js
10:28:57 AM [vite] (ssr) page reload .svelte-kit/generated/server/internal.js
10:28:57 AM [vite] (client) page reload .svelte-kit/generated/client/nodes/14.js
10:28:57 AM [vite] (client) page reload .svelte-kit/generated/client/nodes/15.js
10:28:57 AM [vite] (client) page reload .svelte-kit/generated/client/nodes/16.js
10:28:57 AM [vite] (client) page reload .svelte-kit/generated/client/nodes/17.js
10:28:57 AM [vite] (client) page reload .svelte-kit/generated/client/nodes/18.js
10:28:57 AM [vite] (client) page reload .svelte-kit/generated/client/nodes/21.js
10:28:57 AM [vite] (client) page reload .svelte-kit/generated/client/nodes/23.js
10:28:57 AM [vite] (client) page reload .svelte-kit/generated/client/nodes/24.js
10:28:57 AM [vite] (client) page reload .svelte-kit/generated/client/nodes/29.js
10:28:57 AM [vite] (client) page reload .svelte-kit/generated/client/nodes/30.js
10:28:57 AM [vite] (client) page reload .svelte-kit/generated/client/nodes/32.js
10:28:57 AM [vite] (client) page reload .svelte-kit/generated/client/nodes/33.js
10:28:57 AM [vite] (client) page reload .svelte-kit/generated/client/nodes/34.js
10:28:57 AM [vite] (client) page reload .svelte-kit/generated/client/app.js
10:28:57 AM [vite] (client) page reload .svelte-kit/generated/client/matchers.js
10:28:57 AM [vite] (client) page reload .svelte-kit/generated/root.js
10:28:57 AM [vite] (ssr) page reload .svelte-kit/generated/root.js
10:28:57 AM [vite] (ssr) page reload .svelte-kit/generated/shared/error-template.js
10:29:24 AM [vite] (ssr) page reload .svelte-kit/generated/root.svelte
10:46:48 AM [vite] (client) hmr update /src/app.css
10:46:48 AM [vite] (ssr) page reload src/lib/types/v3.ts
10:46:48 AM [vite] (client) hmr update /src/routes/units/[id]/lessons/[lessonId]/plan/+page.svelte, /src/app.css
10:46:48 AM [vite] (ssr) page reload src/routes/units/[id]/lessons/[lessonId]/plan/+page.svelte
10:47:04 AM [vite] (client) hmr update /src/routes/units/[id]/lessons/[lessonId]/plan/+page.svelte, /src/app.css
10:47:05 AM [vite] (ssr) page reload src/routes/units/[id]/lessons/[lessonId]/plan/+page.svelte
10:47:18 AM [vite] (client) page reload .svelte-kit/generated/client/nodes/0.js
10:47:18 AM [vite] (client) page reload .svelte-kit/generated/client/nodes/1.js
10:47:19 AM [vite] (client) page reload .svelte-kit/generated/client/nodes/3.js
10:47:19 AM [vite] (client) page reload .svelte-kit/generated/client/nodes/4.js
10:47:19 AM [vite] (client) page reload .svelte-kit/generated/client/nodes/7.js
10:47:19 AM [vite] (client) page reload .svelte-kit/generated/client/nodes/8.js
10:47:19 AM [vite] (client) page reload .svelte-kit/generated/client/nodes/10.js
10:47:19 AM [vite] (client) page reload .svelte-kit/generated/client/app.js
10:47:19 AM [vite] (ssr) page reload .svelte-kit/generated/shared/error-template.js
10:47:19 AM [vite] (client) page reload .svelte-kit/generated/client/nodes/11.js
10:47:19 AM [vite] (client) page reload .svelte-kit/generated/client/nodes/0.js
10:47:19 AM [vite] (client) page reload .svelte-kit/generated/client/nodes/14.js
10:47:19 AM [vite] (client) page reload .svelte-kit/generated/client/nodes/1.js
10:47:19 AM [vite] (client) page reload .svelte-kit/generated/client/nodes/15.js
10:47:19 AM [vite] (client) page reload .svelte-kit/generated/client/nodes/16.js
10:47:19 AM [vite] (client) page reload .svelte-kit/generated/client/nodes/3.js
10:47:19 AM [vite] (client) page reload .svelte-kit/generated/client/nodes/17.js
10:47:19 AM [vite] (client) page reload .svelte-kit/generated/client/nodes/18.js
10:47:19 AM [vite] (client) page reload .svelte-kit/generated/client/nodes/21.js
10:47:19 AM [vite] (client) page reload .svelte-kit/generated/client/nodes/23.js
10:47:19 AM [vite] (client) page reload .svelte-kit/generated/client/nodes/24.js
10:47:19 AM [vite] (client) page reload .svelte-kit/generated/client/nodes/29.js
10:47:19 AM [vite] (client) page reload .svelte-kit/generated/client/nodes/30.js
10:47:19 AM [vite] (client) page reload .svelte-kit/generated/client/nodes/32.js
10:47:19 AM [vite] (client) page reload .svelte-kit/generated/client/nodes/33.js
10:47:19 AM [vite] (client) page reload .svelte-kit/generated/client/nodes/34.js
10:47:19 AM [vite] (client) page reload .svelte-kit/generated/client/nodes/10.js
10:47:19 AM [vite] (client) page reload .svelte-kit/generated/client/nodes/4.js
10:47:19 AM [vite] (client) page reload .svelte-kit/generated/client/nodes/7.js
10:47:19 AM [vite] (client) page reload .svelte-kit/generated/client/nodes/8.js
10:47:19 AM [vite] (ssr) page reload .svelte-kit/generated/server/internal.js
10:47:19 AM [vite] (client) page reload .svelte-kit/generated/client/app.js
10:47:19 AM [vite] (client) page reload .svelte-kit/generated/client/matchers.js
10:47:19 AM [vite] (ssr) page reload .svelte-kit/generated/shared/error-template.js
10:47:19 AM [vite] (client) page reload .svelte-kit/generated/client/nodes/29.js
10:47:19 AM [vite] (client) page reload .svelte-kit/generated/client/nodes/32.js
10:47:19 AM [vite] (client) page reload .svelte-kit/generated/client/nodes/33.js
10:47:19 AM [vite] (client) page reload .svelte-kit/generated/client/nodes/34.js
10:47:19 AM [vite] (client) page reload .svelte-kit/generated/client/nodes/30.js
10:47:19 AM [vite] (ssr) page reload .svelte-kit/generated/server/internal.js
10:47:19 AM [vite] (client) page reload .svelte-kit/generated/root.js
10:47:19 AM [vite] (ssr) page reload .svelte-kit/generated/root.js
10:47:19 AM [vite] (ssr) page reload .svelte-kit/generated/root.svelte
10:47:19 AM [vite] (ssr) page reload .svelte-kit/generated/root.svelte
10:48:21 AM [vite] (client) hmr update /src/app.css
10:48:22 AM [vite] (ssr) page reload src/lib/types/v3.ts
10:49:15 AM [vite] (client) hmr update /src/app.css
10:49:15 AM [vite] (ssr) page reload src/routes/studio/+page.svelte
10:50:56 AM [vite] (client) page reload .svelte-kit/generated/client/nodes/0.js
10:50:56 AM [vite] (client) page reload .svelte-kit/generated/client/nodes/1.js
10:50:56 AM [vite] (client) page reload .svelte-kit/generated/client/nodes/3.js
10:50:56 AM [vite] (client) page reload .svelte-kit/generated/client/nodes/4.js
10:50:56 AM [vite] (client) page reload .svelte-kit/generated/client/nodes/7.js
10:50:56 AM [vite] (client) page reload .svelte-kit/generated/client/nodes/8.js
10:50:56 AM [vite] (client) page reload .svelte-kit/generated/client/nodes/10.js
10:50:56 AM [vite] (client) page reload .svelte-kit/generated/client/nodes/11.js
10:50:56 AM [vite] (client) page reload .svelte-kit/generated/client/nodes/7.js
10:50:56 AM [vite] (client) page reload .svelte-kit/generated/client/nodes/8.js
10:50:56 AM [vite] (client) page reload .svelte-kit/generated/client/app.js
10:50:56 AM [vite] (ssr) page reload .svelte-kit/generated/shared/error-template.js
10:50:56 AM [vite] (ssr) page reload .svelte-kit/generated/server/internal.js
10:50:56 AM [vite] (client) page reload .svelte-kit/generated/client/nodes/14.js
10:50:56 AM [vite] (client) page reload .svelte-kit/generated/client/nodes/15.js
10:50:56 AM [vite] (client) page reload .svelte-kit/generated/client/nodes/16.js
10:50:56 AM [vite] (client) page reload .svelte-kit/generated/client/nodes/17.js
10:50:56 AM [vite] (client) page reload .svelte-kit/generated/client/nodes/18.js
10:50:56 AM [vite] (client) page reload .svelte-kit/generated/client/nodes/21.js
10:50:56 AM [vite] (client) page reload .svelte-kit/generated/client/nodes/23.js
10:50:56 AM [vite] (client) page reload .svelte-kit/generated/client/nodes/24.js
10:50:56 AM [vite] (client) page reload .svelte-kit/generated/client/nodes/29.js
10:50:56 AM [vite] (client) page reload .svelte-kit/generated/client/nodes/30.js
10:50:56 AM [vite] (client) page reload .svelte-kit/generated/client/nodes/32.js
10:50:56 AM [vite] (client) page reload .svelte-kit/generated/client/nodes/33.js
10:50:56 AM [vite] (client) page reload .svelte-kit/generated/client/nodes/34.js
10:50:56 AM [vite] (client) page reload .svelte-kit/generated/client/app.js
10:50:56 AM [vite] (client) page reload .svelte-kit/generated/client/matchers.js
10:50:56 AM [vite] (ssr) page reload .svelte-kit/generated/shared/error-template.js
10:50:56 AM [vite] (ssr) page reload .svelte-kit/generated/server/internal.js
10:50:56 AM [vite] (client) page reload .svelte-kit/generated/root.js
10:50:56 AM [vite] (ssr) page reload .svelte-kit/generated/root.js
10:50:56 AM [vite] (ssr) page reload .svelte-kit/generated/root.svelte
10:50:56 AM [vite] (ssr) page reload .svelte-kit/generated/root.svelte
10:50:56 AM [vite] (client) page reload .svelte-kit/generated/client/nodes/0.js
10:50:56 AM [vite] (client) page reload .svelte-kit/generated/client/nodes/1.js
10:50:57 AM [vite] (client) page reload .svelte-kit/generated/client/nodes/3.js
10:50:57 AM [vite] (client) page reload .svelte-kit/generated/client/nodes/4.js
10:50:57 AM [vite] (client) page reload .svelte-kit/generated/client/nodes/7.js
10:50:57 AM [vite] (client) page reload .svelte-kit/generated/client/nodes/8.js
10:50:57 AM [vite] (client) page reload .svelte-kit/generated/client/nodes/10.js
10:50:57 AM [vite] (client) page reload .svelte-kit/generated/client/nodes/11.js
10:50:57 AM [vite] (client) page reload .svelte-kit/generated/client/nodes/14.js
10:50:57 AM [vite] (client) page reload .svelte-kit/generated/client/nodes/15.js
10:50:57 AM [vite] (client) page reload .svelte-kit/generated/client/nodes/16.js
10:50:57 AM [vite] (client) page reload .svelte-kit/generated/client/nodes/17.js
10:50:57 AM [vite] (client) page reload .svelte-kit/generated/client/nodes/18.js
10:50:57 AM [vite] (client) page reload .svelte-kit/generated/client/nodes/21.js
10:50:57 AM [vite] (client) page reload .svelte-kit/generated/client/nodes/23.js
10:50:57 AM [vite] (client) page reload .svelte-kit/generated/client/nodes/24.js
10:50:57 AM [vite] (client) page reload .svelte-kit/generated/client/nodes/29.js
10:50:57 AM [vite] (client) page reload .svelte-kit/generated/client/nodes/10.js
10:50:57 AM [vite] (client) page reload .svelte-kit/generated/client/nodes/11.js
10:50:57 AM [vite] (client) page reload .svelte-kit/generated/client/nodes/14.js
10:50:57 AM [vite] (client) page reload .svelte-kit/generated/client/nodes/33.js
10:50:57 AM [vite] (client) page reload .svelte-kit/generated/client/nodes/34.js
10:50:57 AM [vite] (client) page reload .svelte-kit/generated/client/nodes/32.js
10:50:57 AM [vite] (client) page reload .svelte-kit/generated/client/nodes/30.js
10:50:57 AM [vite] (client) page reload .svelte-kit/generated/client/app.js
10:50:57 AM [vite] (ssr) page reload .svelte-kit/generated/shared/error-template.js
10:50:57 AM [vite] (ssr) page reload .svelte-kit/generated/server/internal.js
10:50:57 AM [vite] (client) page reload .svelte-kit/generated/client/matchers.js
10:50:57 AM [vite] (client) page reload .svelte-kit/generated/root.js
10:50:57 AM [vite] (ssr) page reload .svelte-kit/generated/root.js
10:50:57 AM [vite] (ssr) page reload .svelte-kit/generated/root.svelte
10:51:52 AM [vite] (client) hmr update /src/routes/classes/[classId]/+page.svelte, /src/app.css
10:51:52 AM [vite] (ssr) page reload src/routes/classes/[classId]/+page.svelte
10:52:16 AM [vite] (client) page reload .svelte-kit/generated/client/nodes/0.js
10:52:16 AM [vite] (client) page reload .svelte-kit/generated/client/nodes/1.js
10:52:16 AM [vite] (client) page reload .svelte-kit/generated/client/nodes/3.js
10:52:16 AM [vite] (client) page reload .svelte-kit/generated/client/nodes/4.js
10:52:16 AM [vite] (client) page reload .svelte-kit/generated/client/nodes/7.js
10:52:16 AM [vite] (client) page reload .svelte-kit/generated/client/nodes/8.js
10:52:16 AM [vite] (client) page reload .svelte-kit/generated/client/nodes/10.js
10:52:16 AM [vite] (client) page reload .svelte-kit/generated/client/nodes/11.js
10:52:16 AM [vite] (client) page reload .svelte-kit/generated/client/nodes/14.js
10:52:16 AM [vite] (client) page reload .svelte-kit/generated/client/nodes/15.js
10:52:16 AM [vite] (client) page reload .svelte-kit/generated/client/nodes/16.js
10:52:16 AM [vite] (client) page reload .svelte-kit/generated/client/nodes/17.js
10:52:16 AM [vite] (client) page reload .svelte-kit/generated/client/nodes/18.js
10:52:16 AM [vite] (client) page reload .svelte-kit/generated/client/nodes/21.js
10:52:16 AM [vite] (client) page reload .svelte-kit/generated/client/nodes/23.js
10:52:16 AM [vite] (client) page reload .svelte-kit/generated/client/nodes/24.js
10:52:16 AM [vite] (client) page reload .svelte-kit/generated/client/nodes/0.js
10:52:16 AM [vite] (client) page reload .svelte-kit/generated/client/nodes/1.js
10:52:16 AM [vite] (client) page reload .svelte-kit/generated/client/nodes/29.js
10:52:16 AM [vite] (client) page reload .svelte-kit/generated/client/nodes/30.js
10:52:16 AM [vite] (client) page reload .svelte-kit/generated/client/nodes/32.js
10:52:16 AM [vite] (client) page reload .svelte-kit/generated/client/nodes/33.js
10:52:16 AM [vite] (client) page reload .svelte-kit/generated/client/nodes/34.js
10:52:16 AM [vite] (client) page reload .svelte-kit/generated/client/app.js
10:52:16 AM [vite] (client) page reload .svelte-kit/generated/client/nodes/3.js
10:52:16 AM [vite] (client) page reload .svelte-kit/generated/client/nodes/4.js
10:52:16 AM [vite] (client) page reload .svelte-kit/generated/client/nodes/7.js
10:52:16 AM [vite] (client) page reload .svelte-kit/generated/client/nodes/8.js
10:52:16 AM [vite] (ssr) page reload .svelte-kit/generated/shared/error-template.js
10:52:16 AM [vite] (ssr) page reload .svelte-kit/generated/server/internal.js
10:52:16 AM [vite] (client) page reload .svelte-kit/generated/client/app.js
10:52:16 AM [vite] (client) page reload .svelte-kit/generated/client/matchers.js
10:52:17 AM [vite] (client) page reload .svelte-kit/generated/client/nodes/14.js
10:52:17 AM [vite] (client) page reload .svelte-kit/generated/client/nodes/15.js
10:52:17 AM [vite] (client) page reload .svelte-kit/generated/client/nodes/17.js
10:52:17 AM [vite] (client) page reload .svelte-kit/generated/client/nodes/16.js
10:52:17 AM [vite] (client) page reload .svelte-kit/generated/client/nodes/18.js
10:52:17 AM [vite] (client) page reload .svelte-kit/generated/client/nodes/21.js
10:52:17 AM [vite] (client) page reload .svelte-kit/generated/client/nodes/24.js
10:52:17 AM [vite] (client) page reload .svelte-kit/generated/client/nodes/23.js
10:52:17 AM [vite] (client) page reload .svelte-kit/generated/client/nodes/29.js
10:52:17 AM [vite] (client) page reload .svelte-kit/generated/client/nodes/32.js
10:52:17 AM [vite] (client) page reload .svelte-kit/generated/client/nodes/33.js
10:52:17 AM [vite] (client) page reload .svelte-kit/generated/client/nodes/30.js
10:52:17 AM [vite] (client) page reload .svelte-kit/generated/client/nodes/34.js
10:52:17 AM [vite] (ssr) page reload .svelte-kit/generated/shared/error-template.js
10:52:17 AM [vite] (ssr) page reload .svelte-kit/generated/server/internal.js
10:52:17 AM [vite] (client) page reload .svelte-kit/generated/root.js
10:52:17 AM [vite] (ssr) page reload .svelte-kit/generated/root.js
10:52:20 AM [vite] (ssr) page reload .svelte-kit/generated/root.svelte
10:52:20 AM [vite] (ssr) page reload .svelte-kit/generated/root.svelte
10:59:19 AM [vite] (client) hmr update /src/routes/units/[id]/lessons/[lessonId]/plan/+page.svelte, /src/app.css
10:59:19 AM [vite] (ssr) page reload src/lib/curriculum/lessons/plan-status.ts
10:59:19 AM [vite] (client) hmr update /src/app.css
10:59:19 AM [vite] (ssr) page reload src/routes/workspace-shell-styles.test.ts
10:59:19 AM [vite] (client) hmr update /src/app.css
10:59:19 AM [vite] (ssr) page reload src/routes/units/[id]/page.test.ts
10:59:19 AM [vite] (client) hmr update /src/routes/units/[id]/lessons/[lessonId]/plan/+page.svelte, /src/app.css
10:59:19 AM [vite] (ssr) page reload src/lib/curriculum/lessons/plan-status.ts
10:59:20 AM [vite] (client) hmr update /src/lib/ui/AppShell.svelte, /src/app.css
10:59:20 AM [vite] (ssr) page reload src/lib/ui/AppShell.svelte
10:59:20 AM [vite] (client) hmr update /src/routes/settings/+page.svelte, /src/routes/settings/+page.svelte?svelte&type=style&lang.css, /src/app.css
10:59:20 AM [vite] (ssr) page reload src/routes/settings/+page.svelte
10:59:20 AM [vite] (client) hmr update /src/routes/settings/+page.svelte, /src/routes/settings/+page.svelte?svelte&type=style&lang.css, /src/app.css
10:59:20 AM [vite] (ssr) page reload src/routes/settings/+page.svelte
10:59:20 AM [vite] (client) hmr update /src/routes/units/[id]/lessons/[lessonId]/plan/+page.svelte, /src/app.css
10:59:20 AM [vite] (ssr) page reload src/routes/units/[id]/lessons/[lessonId]/plan/+page.svelte
10:59:32 AM [vite] (client) page reload .svelte-kit/generated/client/nodes/0.js
10:59:32 AM [vite] (client) page reload .svelte-kit/generated/client/nodes/1.js
10:59:32 AM [vite] (client) page reload .svelte-kit/generated/client/nodes/3.js
10:59:32 AM [vite] (client) page reload .svelte-kit/generated/client/nodes/4.js
10:59:32 AM [vite] (client) page reload .svelte-kit/generated/client/nodes/7.js
10:59:32 AM [vite] (client) page reload .svelte-kit/generated/client/nodes/8.js
10:59:32 AM [vite] (client) page reload .svelte-kit/generated/client/nodes/10.js
10:59:32 AM [vite] (client) page reload .svelte-kit/generated/client/nodes/11.js
10:59:32 AM [vite] (client) page reload .svelte-kit/generated/client/nodes/14.js
10:59:32 AM [vite] (client) page reload .svelte-kit/generated/client/nodes/15.js
10:59:32 AM [vite] (client) page reload .svelte-kit/generated/client/nodes/16.js
10:59:32 AM [vite] (client) page reload .svelte-kit/generated/client/nodes/17.js
10:59:32 AM [vite] (client) page reload .svelte-kit/generated/client/nodes/18.js
10:59:32 AM [vite] (client) page reload .svelte-kit/generated/client/nodes/21.js
10:59:32 AM [vite] (client) page reload .svelte-kit/generated/client/nodes/23.js
10:59:32 AM [vite] (client) page reload .svelte-kit/generated/client/nodes/24.js
10:59:32 AM [vite] (client) page reload .svelte-kit/generated/client/nodes/29.js
10:59:32 AM [vite] (client) page reload .svelte-kit/generated/client/nodes/8.js
10:59:32 AM [vite] (client) page reload .svelte-kit/generated/client/app.js
10:59:32 AM [vite] (ssr) page reload .svelte-kit/generated/shared/error-template.js
10:59:32 AM [vite] (ssr) page reload .svelte-kit/generated/server/internal.js
10:59:32 AM [vite] (client) page reload .svelte-kit/generated/client/nodes/30.js
10:59:32 AM [vite] (client) page reload .svelte-kit/generated/client/nodes/32.js
10:59:32 AM [vite] (client) page reload .svelte-kit/generated/client/nodes/33.js
10:59:32 AM [vite] (client) page reload .svelte-kit/generated/client/nodes/34.js
10:59:32 AM [vite] (client) page reload .svelte-kit/generated/client/matchers.js
10:59:32 AM [vite] (client) page reload .svelte-kit/generated/root.js
10:59:32 AM [vite] (ssr) page reload .svelte-kit/generated/root.js
10:59:32 AM [vite] (ssr) page reload .svelte-kit/generated/root.svelte
11:00:18 AM [vite] (client) hmr update /src/app.css
11:00:18 AM [vite] (ssr) page reload src/routes/workspace-shell-styles.test.ts
11:00:57 AM [vite] (client) hmr update /src/app.css
11:00:57 AM [vite] (ssr) page reload src/routes/workspace-shell-styles.test.ts
11:01:09 AM [vite] (client) page reload .svelte-kit/generated/client/nodes/0.js
11:01:09 AM [vite] (client) page reload .svelte-kit/generated/client/nodes/1.js
11:01:09 AM [vite] (client) page reload .svelte-kit/generated/client/nodes/3.js
11:01:09 AM [vite] (client) page reload .svelte-kit/generated/client/nodes/4.js
11:01:09 AM [vite] (client) page reload .svelte-kit/generated/client/nodes/3.js
11:01:09 AM [vite] (client) page reload .svelte-kit/generated/client/nodes/7.js
11:01:09 AM [vite] (client) page reload .svelte-kit/generated/client/nodes/8.js
11:01:09 AM [vite] (client) page reload .svelte-kit/generated/client/nodes/10.js
11:01:09 AM [vite] (client) page reload .svelte-kit/generated/client/nodes/11.js
11:01:09 AM [vite] (client) page reload .svelte-kit/generated/client/nodes/14.js
11:01:09 AM [vite] (client) page reload .svelte-kit/generated/client/nodes/15.js
11:01:09 AM [vite] (client) page reload .svelte-kit/generated/client/nodes/16.js
11:01:09 AM [vite] (client) page reload .svelte-kit/generated/client/nodes/17.js
11:01:09 AM [vite] (client) page reload .svelte-kit/generated/client/nodes/18.js
11:01:10 AM [vite] (client) page reload .svelte-kit/generated/client/nodes/10.js
11:01:10 AM [vite] (client) page reload .svelte-kit/generated/client/nodes/11.js
11:01:10 AM [vite] (client) page reload .svelte-kit/generated/client/nodes/14.js
11:01:10 AM [vite] (client) page reload .svelte-kit/generated/client/nodes/15.js
11:01:10 AM [vite] (client) page reload .svelte-kit/generated/client/nodes/16.js
11:01:10 AM [vite] (client) page reload .svelte-kit/generated/client/nodes/17.js
11:01:10 AM [vite] (client) page reload .svelte-kit/generated/client/nodes/18.js
11:01:10 AM [vite] (client) page reload .svelte-kit/generated/client/nodes/21.js
11:01:10 AM [vite] (client) page reload .svelte-kit/generated/client/nodes/24.js
11:01:10 AM [vite] (client) page reload .svelte-kit/generated/client/nodes/23.js
11:01:10 AM [vite] (client) page reload .svelte-kit/generated/client/app.js
11:01:10 AM [vite] (ssr) page reload .svelte-kit/generated/shared/error-template.js
11:01:10 AM [vite] (ssr) page reload .svelte-kit/generated/server/internal.js
11:01:10 AM [vite] (client) page reload .svelte-kit/generated/client/nodes/29.js
11:01:10 AM [vite] (client) page reload .svelte-kit/generated/client/nodes/30.js
11:01:10 AM [vite] (client) page reload .svelte-kit/generated/client/nodes/32.js
11:01:10 AM [vite] (client) page reload .svelte-kit/generated/client/nodes/33.js
11:01:10 AM [vite] (client) page reload .svelte-kit/generated/client/nodes/34.js
11:01:10 AM [vite] (client) page reload .svelte-kit/generated/client/matchers.js
11:01:10 AM [vite] (client) page reload .svelte-kit/generated/root.js
11:01:10 AM [vite] (ssr) page reload .svelte-kit/generated/root.js
11:01:10 AM [vite] (ssr) page reload .svelte-kit/generated/root.svelte
11:01:31 AM [vite] (client) page reload .svelte-kit/generated/client/nodes/0.js
11:01:31 AM [vite] (client) page reload .svelte-kit/generated/client/nodes/1.js
11:01:32 AM [vite] (client) page reload .svelte-kit/generated/client/nodes/3.js
11:01:32 AM [vite] (client) page reload .svelte-kit/generated/client/nodes/4.js
11:01:32 AM [vite] (client) page reload .svelte-kit/generated/client/nodes/7.js
11:01:32 AM [vite] (client) page reload .svelte-kit/generated/client/nodes/8.js
11:01:32 AM [vite] (client) page reload .svelte-kit/generated/client/nodes/10.js
11:01:32 AM [vite] (client) page reload .svelte-kit/generated/client/nodes/11.js
11:01:32 AM [vite] (client) page reload .svelte-kit/generated/client/nodes/14.js
11:01:32 AM [vite] (client) page reload .svelte-kit/generated/client/nodes/15.js
11:01:32 AM [vite] (client) page reload .svelte-kit/generated/client/app.js
11:01:32 AM [vite] (ssr) page reload .svelte-kit/generated/shared/error-template.js
11:01:32 AM [vite] (ssr) page reload .svelte-kit/generated/server/internal.js
11:01:32 AM [vite] (client) page reload .svelte-kit/generated/client/nodes/16.js
11:01:32 AM [vite] (client) page reload .svelte-kit/generated/client/nodes/17.js
11:01:32 AM [vite] (client) page reload .svelte-kit/generated/client/nodes/18.js
11:01:32 AM [vite] (client) page reload .svelte-kit/generated/client/nodes/21.js
11:01:32 AM [vite] (client) page reload .svelte-kit/generated/client/nodes/23.js
11:01:32 AM [vite] (client) page reload .svelte-kit/generated/client/nodes/24.js
11:01:32 AM [vite] (client) page reload .svelte-kit/generated/client/nodes/29.js
11:01:32 AM [vite] (client) page reload .svelte-kit/generated/client/nodes/30.js
11:01:32 AM [vite] (client) page reload .svelte-kit/generated/client/nodes/32.js
11:01:32 AM [vite] (client) page reload .svelte-kit/generated/client/nodes/33.js
11:01:32 AM [vite] (client) page reload .svelte-kit/generated/client/nodes/34.js
11:01:32 AM [vite] (client) page reload .svelte-kit/generated/client/app.js
11:01:32 AM [vite] (client) page reload .svelte-kit/generated/client/matchers.js
11:01:32 AM [vite] (client) page reload .svelte-kit/generated/root.js
11:01:32 AM [vite] (ssr) page reload .svelte-kit/generated/root.js
11:01:32 AM [vite] (ssr) page reload .svelte-kit/generated/root.svelte
11:01:32 AM [vite] (client) page reload .svelte-kit/generated/client/nodes/0.js
11:01:32 AM [vite] (client) page reload .svelte-kit/generated/client/nodes/1.js
11:01:32 AM [vite] (client) page reload .svelte-kit/generated/client/nodes/1.js
11:01:32 AM [vite] (client) page reload .svelte-kit/generated/client/nodes/3.js
11:01:32 AM [vite] (client) page reload .svelte-kit/generated/client/nodes/4.js
11:01:32 AM [vite] (client) page reload .svelte-kit/generated/client/nodes/7.js
11:01:32 AM [vite] (client) page reload .svelte-kit/generated/client/nodes/8.js
11:01:32 AM [vite] (client) page reload .svelte-kit/generated/client/nodes/14.js
11:01:32 AM [vite] (client) page reload .svelte-kit/generated/client/nodes/11.js
11:01:32 AM [vite] (client) page reload .svelte-kit/generated/client/nodes/10.js
11:01:32 AM [vite] (client) page reload .svelte-kit/generated/client/nodes/3.js
11:01:32 AM [vite] (client) page reload .svelte-kit/generated/client/nodes/4.js
11:01:32 AM [vite] (client) page reload .svelte-kit/generated/client/nodes/8.js
11:01:32 AM [vite] (client) page reload .svelte-kit/generated/client/nodes/7.js
11:01:32 AM [vite] (client) page reload .svelte-kit/generated/client/app.js
11:01:32 AM [vite] (client) page reload .svelte-kit/generated/client/nodes/15.js
11:01:32 AM [vite] (client) page reload .svelte-kit/generated/client/nodes/16.js
11:01:32 AM [vite] (client) page reload .svelte-kit/generated/client/nodes/17.js
11:01:32 AM [vite] (client) page reload .svelte-kit/generated/client/nodes/18.js
11:01:32 AM [vite] (client) page reload .svelte-kit/generated/client/nodes/21.js
11:01:32 AM [vite] (client) page reload .svelte-kit/generated/client/nodes/23.js
11:01:32 AM [vite] (client) page reload .svelte-kit/generated/client/nodes/24.js
11:01:32 AM [vite] (client) page reload .svelte-kit/generated/client/nodes/29.js
11:01:32 AM [vite] (client) page reload .svelte-kit/generated/client/nodes/30.js
11:01:32 AM [vite] (client) page reload .svelte-kit/generated/client/nodes/32.js
11:01:32 AM [vite] (client) page reload .svelte-kit/generated/client/nodes/33.js
11:01:32 AM [vite] (client) page reload .svelte-kit/generated/client/nodes/34.js
11:01:32 AM [vite] (ssr) page reload .svelte-kit/generated/shared/error-template.js
11:01:32 AM [vite] (ssr) page reload .svelte-kit/generated/server/internal.js
11:01:32 AM [vite] (client) page reload .svelte-kit/generated/client/nodes/16.js
11:01:32 AM [vite] (client) page reload .svelte-kit/generated/client/nodes/15.js
11:01:32 AM [vite] (client) page reload .svelte-kit/generated/client/app.js
11:01:32 AM [vite] (client) page reload .svelte-kit/generated/client/matchers.js
11:01:32 AM [vite] (client) page reload .svelte-kit/generated/root.js
11:01:32 AM [vite] (ssr) page reload .svelte-kit/generated/root.js
11:01:33 AM [vite] (ssr) page reload .svelte-kit/generated/root.svelte
12:00:11 PM [vite-plugin-svelte] src/lib/print/components/studio/PrintDocumentEditor.svelte:25:50 This reference only captures the initial value of `initialDocument`. Did you mean to reference it inside a derived instead?
https://svelte.dev/e/state_referenced_locally
12:00:11 PM [vite-plugin-svelte] src/lib/print/components/studio/PrintDocumentEditor.svelte:26:23 This reference only captures the initial value of `documentRevision`. Did you mean to reference it inside a closure instead?
https://svelte.dev/e/state_referenced_locally
12:07:10 PM [vite] (client) hmr update /src/routes/units/[id]/lessons/[lessonId]/print/+page.svelte, /src/app.css
12:07:10 PM [vite] (ssr) page reload src/routes/units/[id]/lessons/[lessonId]/print/+page.svelte
12:07:48 PM [vite] (client) page reload .svelte-kit/generated/client/nodes/0.js
12:07:48 PM [vite] (client) page reload .svelte-kit/generated/client/nodes/1.js
12:07:48 PM [vite] (client) page reload .svelte-kit/generated/client/nodes/3.js
12:07:48 PM [vite] (client) page reload .svelte-kit/generated/client/nodes/4.js
12:07:48 PM [vite] (client) page reload .svelte-kit/generated/client/nodes/7.js
12:07:48 PM [vite] (client) page reload .svelte-kit/generated/client/nodes/8.js
12:07:48 PM [vite] (client) page reload .svelte-kit/generated/client/nodes/10.js
12:07:48 PM [vite] (client) page reload .svelte-kit/generated/client/nodes/11.js
12:07:48 PM [vite] (client) page reload .svelte-kit/generated/client/nodes/14.js
12:07:48 PM [vite] (client) page reload .svelte-kit/generated/client/nodes/15.js
12:07:48 PM [vite] (client) page reload .svelte-kit/generated/client/nodes/16.js
12:07:48 PM [vite] (client) page reload .svelte-kit/generated/client/nodes/17.js
12:07:48 PM [vite] (client) page reload .svelte-kit/generated/client/nodes/18.js
12:07:48 PM [vite] (client) page reload .svelte-kit/generated/client/app.js
12:07:48 PM [vite] (ssr) page reload .svelte-kit/generated/shared/error-template.js
12:07:48 PM [vite] (client) page reload .svelte-kit/generated/client/nodes/21.js
12:07:48 PM [vite] (client) page reload .svelte-kit/generated/client/nodes/23.js
12:07:48 PM [vite] (client) page reload .svelte-kit/generated/client/nodes/24.js
12:07:48 PM [vite] (client) page reload .svelte-kit/generated/client/nodes/28.js
12:07:48 PM [vite] (client) page reload .svelte-kit/generated/client/nodes/29.js
12:07:48 PM [vite] (client) page reload .svelte-kit/generated/client/nodes/30.js
12:07:48 PM [vite] (client) page reload .svelte-kit/generated/client/nodes/32.js
12:07:48 PM [vite] (client) page reload .svelte-kit/generated/client/nodes/33.js
12:07:48 PM [vite] (client) page reload .svelte-kit/generated/client/nodes/34.js
12:07:48 PM [vite] (ssr) page reload .svelte-kit/generated/server/internal.js
12:07:48 PM [vite] (client) page reload .svelte-kit/generated/client/app.js
12:07:48 PM [vite] (client) page reload .svelte-kit/generated/client/matchers.js
12:07:48 PM [vite] (client) page reload .svelte-kit/generated/root.js
12:07:48 PM [vite] (ssr) page reload .svelte-kit/generated/root.js
12:07:49 PM [vite] (ssr) page reload .svelte-kit/generated/shared/error-template.js
12:07:49 PM [vite] (ssr) page reload .svelte-kit/generated/root.svelte
12:08:33 PM [vite] (client) hmr update /src/routes/units/[id]/lessons/[lessonId]/print/+page.svelte, /src/app.css
12:08:33 PM [vite] (ssr) page reload src/routes/units/[id]/lessons/[lessonId]/print/+page.svelte
12:08:43 PM [vite] (client) page reload .svelte-kit/generated/client/nodes/0.js
12:08:43 PM [vite] (client) page reload .svelte-kit/generated/client/nodes/1.js
12:08:43 PM [vite] (client) page reload .svelte-kit/generated/client/nodes/3.js
12:08:43 PM [vite] (client) page reload .svelte-kit/generated/client/nodes/4.js
12:08:43 PM [vite] (client) page reload .svelte-kit/generated/client/nodes/4.js
12:08:43 PM [vite] (client) page reload .svelte-kit/generated/client/nodes/7.js
12:08:43 PM [vite] (client) page reload .svelte-kit/generated/client/nodes/8.js
12:08:43 PM [vite] (client) page reload .svelte-kit/generated/client/nodes/10.js
12:08:43 PM [vite] (client) page reload .svelte-kit/generated/client/nodes/11.js
12:08:43 PM [vite] (client) page reload .svelte-kit/generated/client/nodes/14.js
12:08:43 PM [vite] (client) page reload .svelte-kit/generated/client/nodes/15.js
12:08:43 PM [vite] (client) page reload .svelte-kit/generated/client/nodes/16.js
12:08:43 PM [vite] (client) page reload .svelte-kit/generated/client/nodes/17.js
12:08:43 PM [vite] (client) page reload .svelte-kit/generated/client/nodes/18.js
12:08:43 PM [vite] (client) page reload .svelte-kit/generated/client/nodes/21.js
12:08:43 PM [vite] (client) page reload .svelte-kit/generated/client/nodes/23.js
12:08:43 PM [vite] (client) page reload .svelte-kit/generated/client/nodes/24.js
12:08:43 PM [vite] (client) page reload .svelte-kit/generated/client/nodes/30.js
12:08:43 PM [vite] (client) page reload .svelte-kit/generated/client/app.js
12:08:43 PM [vite] (ssr) page reload .svelte-kit/generated/shared/error-template.js
12:08:43 PM [vite] (ssr) page reload .svelte-kit/generated/server/internal.js
12:08:43 PM [vite] (client) page reload .svelte-kit/generated/client/nodes/28.js
12:08:43 PM [vite] (client) page reload .svelte-kit/generated/client/nodes/29.js
12:08:43 PM [vite] (client) page reload .svelte-kit/generated/client/nodes/32.js
12:08:43 PM [vite] (client) page reload .svelte-kit/generated/client/nodes/33.js
12:08:43 PM [vite] (client) page reload .svelte-kit/generated/client/nodes/34.js
12:08:43 PM [vite] (client) page reload .svelte-kit/generated/client/app.js
12:08:43 PM [vite] (client) page reload .svelte-kit/generated/client/matchers.js
12:08:43 PM [vite] (ssr) page reload .svelte-kit/generated/shared/error-template.js
12:08:43 PM [vite] (ssr) page reload .svelte-kit/generated/server/internal.js
12:08:43 PM [vite] (client) page reload .svelte-kit/generated/root.js
12:08:43 PM [vite] (ssr) page reload .svelte-kit/generated/root.js
12:08:44 PM [vite] (ssr) page reload .svelte-kit/generated/root.svelte
12:08:44 PM [vite] (ssr) page reload .svelte-kit/generated/root.svelte
12:09:12 PM [vite] (client) page reload .svelte-kit/generated/client/nodes/0.js
12:09:12 PM [vite] (client) page reload .svelte-kit/generated/client/nodes/1.js
12:09:12 PM [vite] (client) page reload .svelte-kit/generated/client/nodes/3.js
12:09:12 PM [vite] (client) page reload .svelte-kit/generated/client/nodes/4.js
12:09:12 PM [vite] (client) page reload .svelte-kit/generated/client/nodes/7.js
12:09:12 PM [vite] (client) page reload .svelte-kit/generated/client/nodes/8.js
12:09:12 PM [vite] (client) page reload .svelte-kit/generated/client/nodes/10.js
12:09:12 PM [vite] (client) page reload .svelte-kit/generated/client/nodes/11.js
12:09:12 PM [vite] (client) page reload .svelte-kit/generated/client/nodes/8.js
12:09:12 PM [vite] (client) page reload .svelte-kit/generated/client/app.js
12:09:12 PM [vite] (ssr) page reload .svelte-kit/generated/shared/error-template.js
12:09:12 PM [vite] (ssr) page reload .svelte-kit/generated/server/internal.js
12:09:12 PM [vite] (client) page reload .svelte-kit/generated/client/nodes/14.js
12:09:12 PM [vite] (client) page reload .svelte-kit/generated/client/nodes/15.js
12:09:12 PM [vite] (client) page reload .svelte-kit/generated/client/nodes/16.js
12:09:12 PM [vite] (client) page reload .svelte-kit/generated/client/nodes/17.js
12:09:12 PM [vite] (client) page reload .svelte-kit/generated/client/nodes/18.js
12:09:12 PM [vite] (client) page reload .svelte-kit/generated/client/nodes/21.js
12:09:12 PM [vite] (client) page reload .svelte-kit/generated/client/nodes/23.js
12:09:12 PM [vite] (client) page reload .svelte-kit/generated/client/nodes/24.js
12:09:12 PM [vite] (client) page reload .svelte-kit/generated/client/nodes/28.js
12:09:12 PM [vite] (client) page reload .svelte-kit/generated/client/nodes/29.js
12:09:12 PM [vite] (client) page reload .svelte-kit/generated/client/nodes/30.js
12:09:12 PM [vite] (client) page reload .svelte-kit/generated/client/nodes/32.js
12:09:12 PM [vite] (client) page reload .svelte-kit/generated/client/nodes/33.js
12:09:12 PM [vite] (client) page reload .svelte-kit/generated/client/nodes/34.js
12:09:12 PM [vite] (client) page reload .svelte-kit/generated/client/app.js
12:09:12 PM [vite] (client) page reload .svelte-kit/generated/client/matchers.js
12:09:12 PM [vite] (ssr) page reload .svelte-kit/generated/shared/error-template.js
12:09:12 PM [vite] (ssr) page reload .svelte-kit/generated/server/internal.js
12:09:12 PM [vite] (client) page reload .svelte-kit/generated/root.js
12:09:13 PM [vite] (ssr) page reload .svelte-kit/generated/root.js
12:09:43 PM [vite] (ssr) page reload .svelte-kit/generated/root.svelte
12:09:43 PM [vite] (ssr) page reload .svelte-kit/generated/root.svelte
12:27:13 PM [vite] (client) hmr update /src/routes/units/[id]/lessons/[lessonId]/print/+page.svelte, /src/app.css
12:27:13 PM [vite] (ssr) page reload src/routes/units/[id]/lessons/[lessonId]/print/+page.svelte
12:27:13 PM [vite] (client) hmr update /src/routes/units/[id]/lessons/[lessonId]/learn/+page.svelte, /src/app.css
12:27:13 PM [vite] (ssr) page reload src/routes/units/[id]/lessons/[lessonId]/learn/+page.svelte
12:27:13 PM [vite] (client) hmr update /src/routes/units/[id]/lessons/[lessonId]/learn/+page.svelte, /src/app.css
12:27:13 PM [vite] (ssr) page reload src/routes/units/[id]/lessons/[lessonId]/learn/+page.svelte
12:27:25 PM [vite] (client) page reload .svelte-kit/generated/client/nodes/0.js
12:27:25 PM [vite] (client) page reload .svelte-kit/generated/client/nodes/1.js
12:27:25 PM [vite] (client) page reload .svelte-kit/generated/client/nodes/3.js
12:27:25 PM [vite] (client) page reload .svelte-kit/generated/client/nodes/4.js
12:27:25 PM [vite] (client) page reload .svelte-kit/generated/client/nodes/7.js
12:27:26 PM [vite] (client) page reload .svelte-kit/generated/client/nodes/10.js
12:27:26 PM [vite] (client) page reload .svelte-kit/generated/client/nodes/11.js
12:27:26 PM [vite] (client) page reload .svelte-kit/generated/client/nodes/3.js
12:27:26 PM [vite] (client) page reload .svelte-kit/generated/client/nodes/4.js
12:27:26 PM [vite] (client) page reload .svelte-kit/generated/client/nodes/8.js
12:27:26 PM [vite] (client) page reload .svelte-kit/generated/client/nodes/14.js
12:27:26 PM [vite] (client) page reload .svelte-kit/generated/client/nodes/15.js
12:27:26 PM [vite] (client) page reload .svelte-kit/generated/client/nodes/16.js
12:27:26 PM [vite] (client) page reload .svelte-kit/generated/client/nodes/17.js
12:27:26 PM [vite] (client) page reload .svelte-kit/generated/client/nodes/0.js
12:27:26 PM [vite] (client) page reload .svelte-kit/generated/client/nodes/18.js
12:27:26 PM [vite] (client) page reload .svelte-kit/generated/client/nodes/1.js
12:27:26 PM [vite] (client) page reload .svelte-kit/generated/client/nodes/21.js
12:27:26 PM [vite] (client) page reload .svelte-kit/generated/client/nodes/23.js
12:27:26 PM [vite] (client) page reload .svelte-kit/generated/client/nodes/24.js
12:27:26 PM [vite] (client) page reload .svelte-kit/generated/client/nodes/28.js
12:27:26 PM [vite] (client) page reload .svelte-kit/generated/client/nodes/29.js
12:27:26 PM [vite] (client) page reload .svelte-kit/generated/client/nodes/14.js
12:27:26 PM [vite] (client) page reload .svelte-kit/generated/client/nodes/15.js
12:27:26 PM [vite] (client) page reload .svelte-kit/generated/client/nodes/16.js
12:27:26 PM [vite] (client) page reload .svelte-kit/generated/client/nodes/17.js
12:27:26 PM [vite] (client) page reload .svelte-kit/generated/client/nodes/18.js
12:27:26 PM [vite] (client) page reload .svelte-kit/generated/client/nodes/21.js
12:27:26 PM [vite] (client) page reload .svelte-kit/generated/client/nodes/24.js
12:27:26 PM [vite] (client) page reload .svelte-kit/generated/client/nodes/23.js
12:27:26 PM [vite] (client) page reload .svelte-kit/generated/client/nodes/28.js
12:27:26 PM [vite] (client) page reload .svelte-kit/generated/client/nodes/29.js
12:27:26 PM [vite] (client) page reload .svelte-kit/generated/client/nodes/3.js
12:27:26 PM [vite] (client) page reload .svelte-kit/generated/client/nodes/32.js
12:27:26 PM [vite] (client) page reload .svelte-kit/generated/client/nodes/33.js
12:27:26 PM [vite] (client) page reload .svelte-kit/generated/client/nodes/4.js
12:27:26 PM [vite] (client) page reload .svelte-kit/generated/client/nodes/30.js
12:27:26 PM [vite] (client) page reload .svelte-kit/generated/client/nodes/7.js
12:27:26 PM [vite] (client) page reload .svelte-kit/generated/client/nodes/8.js
12:27:26 PM [vite] (client) page reload .svelte-kit/generated/client/app.js
12:27:26 PM [vite] (ssr) page reload .svelte-kit/generated/shared/error-template.js
12:27:26 PM [vite] (ssr) page reload .svelte-kit/generated/server/internal.js
12:27:26 PM [vite] (client) page reload .svelte-kit/generated/client/nodes/34.js
12:27:26 PM [vite] (client) page reload .svelte-kit/generated/client/nodes/10.js
12:27:26 PM [vite] (client) page reload .svelte-kit/generated/client/nodes/11.js
12:27:26 PM [vite] (client) page reload .svelte-kit/generated/client/nodes/10.js
12:27:26 PM [vite] (client) page reload .svelte-kit/generated/client/nodes/11.js
12:27:26 PM [vite] (client) page reload .svelte-kit/generated/client/nodes/17.js
12:27:26 PM [vite] (client) page reload .svelte-kit/generated/client/nodes/14.js
12:27:26 PM [vite] (client) page reload .svelte-kit/generated/client/nodes/16.js
12:27:26 PM [vite] (client) page reload .svelte-kit/generated/client/nodes/18.js
12:27:26 PM [vite] (client) page reload .svelte-kit/generated/client/nodes/15.js
12:27:26 PM [vite] (client) page reload .svelte-kit/generated/client/nodes/21.js
12:27:26 PM [vite] (client) page reload .svelte-kit/generated/client/nodes/24.js
12:27:26 PM [vite] (client) page reload .svelte-kit/generated/client/nodes/23.js
12:27:26 PM [vite] (client) page reload .svelte-kit/generated/client/nodes/29.js
12:27:26 PM [vite] (client) page reload .svelte-kit/generated/client/nodes/28.js
12:27:26 PM [vite] (client) page reload .svelte-kit/generated/client/nodes/32.js
12:27:26 PM [vite] (client) page reload .svelte-kit/generated/client/nodes/33.js
12:27:26 PM [vite] (client) page reload .svelte-kit/generated/client/nodes/34.js
12:27:26 PM [vite] (client) page reload .svelte-kit/generated/client/nodes/30.js
12:27:26 PM [vite] (client) page reload .svelte-kit/generated/client/app.js
12:27:26 PM [vite] (client) page reload .svelte-kit/generated/client/matchers.js
12:27:26 PM [vite] (ssr) page reload .svelte-kit/generated/shared/error-template.js
12:27:26 PM [vite] (ssr) page reload .svelte-kit/generated/server/internal.js
12:27:26 PM [vite] (client) page reload .svelte-kit/generated/root.js
12:27:26 PM [vite] (ssr) page reload .svelte-kit/generated/root.js
12:27:29 PM [vite] (ssr) page reload .svelte-kit/generated/root.svelte
12:27:29 PM [vite] (ssr) page reload .svelte-kit/generated/root.svelte
12:30:33 PM [vite] (client) hmr update /src/routes/units/[id]/lessons/[lessonId]/learn/+page.svelte, /src/app.css
12:30:33 PM [vite] (ssr) page reload src/routes/units/[id]/lessons/[lessonId]/learn/+page.svelte
12:37:59 PM [vite] (client) hmr update /src/routes/units/[id]/lessons/[lessonId]/print/+page.svelte, /src/app.css
12:37:59 PM [vite] (ssr) page reload src/routes/units/[id]/lessons/[lessonId]/print/+page.svelte
12:37:59 PM [vite] (client) hmr update /src/routes/units/[id]/lessons/[lessonId]/learn/+page.svelte, /src/app.css
12:37:59 PM [vite] (ssr) page reload src/routes/units/[id]/lessons/[lessonId]/learn/+page.svelte
12:37:59 PM [vite] (client) hmr update /src/routes/units/[id]/lessons/[lessonId]/learn/+page.svelte, /src/app.css
12:37:59 PM [vite] (ssr) page reload src/routes/units/[id]/lessons/[lessonId]/learn/+page.svelte
12:42:52 PM [vite] (client) hmr update /src/routes/units/[id]/lessons/[lessonId]/learn/+page.svelte, /src/app.css
12:42:52 PM [vite] (ssr) page reload src/routes/units/[id]/lessons/[lessonId]/learn/+page.svelte
12:42:58 PM [vite] (client) hmr update /src/routes/units/[id]/lessons/[lessonId]/learn/+page.svelte, /src/app.css
12:42:58 PM [vite] (ssr) page reload src/routes/units/[id]/lessons/[lessonId]/learn/+page.svelte
12:43:15 PM [vite] (client) hmr update /src/routes/units/[id]/lessons/[lessonId]/print/+page.svelte, /src/app.css
12:43:15 PM [vite] (ssr) page reload src/routes/units/[id]/lessons/[lessonId]/print/+page.svelte
12:45:05 PM [vite] (client) hmr update /src/routes/units/[id]/lessons/[lessonId]/print/+page.svelte, /src/app.css
12:45:05 PM [vite] (ssr) page reload src/routes/units/[id]/lessons/[lessonId]/print/+page.svelte
12:45:05 PM [vite] (client) hmr update /src/routes/units/[id]/lessons/[lessonId]/learn/+page.svelte, /src/app.css
12:45:05 PM [vite] (ssr) page reload src/routes/units/[id]/lessons/[lessonId]/learn/+page.svelte
12:47:25 PM [vite] (client) hmr update /src/routes/units/[id]/lessons/[lessonId]/learn/+page.svelte, /src/app.css
12:47:25 PM [vite] (ssr) page reload src/routes/units/[id]/lessons/[lessonId]/learn/+page.svelte
12:47:25 PM [vite] (client) hmr update /src/routes/units/[id]/lessons/[lessonId]/print/+page.svelte, /src/app.css
12:47:25 PM [vite] (ssr) page reload src/routes/units/[id]/lessons/[lessonId]/print/+page.svelte
12:48:52 PM [vite] (client) hmr update /src/routes/units/[id]/lessons/[lessonId]/learn/+page.svelte, /src/app.css
12:48:52 PM [vite] (ssr) page reload src/routes/units/[id]/lessons/[lessonId]/learn/+page.svelte
12:48:52 PM [vite] (client) hmr update /src/routes/units/[id]/lessons/[lessonId]/print/+page.svelte, /src/app.css
12:48:52 PM [vite] (ssr) page reload src/routes/units/[id]/lessons/[lessonId]/print/+page.svelte
12:49:20 PM [vite] (client) page reload .svelte-kit/generated/client/nodes/0.js
12:49:20 PM [vite] (client) page reload .svelte-kit/generated/client/nodes/1.js
12:49:20 PM [vite] (client) page reload .svelte-kit/generated/client/nodes/3.js
12:49:20 PM [vite] (client) page reload .svelte-kit/generated/client/nodes/4.js
12:49:20 PM [vite] (client) page reload .svelte-kit/generated/client/nodes/7.js
12:49:20 PM [vite] (client) page reload .svelte-kit/generated/client/nodes/8.js
12:49:20 PM [vite] (client) page reload .svelte-kit/generated/client/nodes/10.js
12:49:20 PM [vite] (client) page reload .svelte-kit/generated/client/nodes/11.js
12:49:20 PM [vite] (client) page reload .svelte-kit/generated/client/nodes/14.js
12:49:20 PM [vite] (client) page reload .svelte-kit/generated/client/nodes/8.js
12:49:20 PM [vite] (client) page reload .svelte-kit/generated/client/nodes/7.js
12:49:20 PM [vite] (client) page reload .svelte-kit/generated/client/app.js
12:49:20 PM [vite] (client) page reload .svelte-kit/generated/client/nodes/15.js
12:49:20 PM [vite] (client) page reload .svelte-kit/generated/client/nodes/16.js
12:49:20 PM [vite] (client) page reload .svelte-kit/generated/client/nodes/17.js
12:49:20 PM [vite] (client) page reload .svelte-kit/generated/client/nodes/18.js
12:49:20 PM [vite] (client) page reload .svelte-kit/generated/client/nodes/21.js
12:49:20 PM [vite] (client) page reload .svelte-kit/generated/client/nodes/23.js
12:49:20 PM [vite] (client) page reload .svelte-kit/generated/client/nodes/24.js
12:49:20 PM [vite] (client) page reload .svelte-kit/generated/client/nodes/28.js
12:49:20 PM [vite] (client) page reload .svelte-kit/generated/client/nodes/29.js
12:49:20 PM [vite] (client) page reload .svelte-kit/generated/client/nodes/30.js
12:49:20 PM [vite] (client) page reload .svelte-kit/generated/client/nodes/32.js
12:49:20 PM [vite] (client) page reload .svelte-kit/generated/client/nodes/33.js
12:49:20 PM [vite] (client) page reload .svelte-kit/generated/client/nodes/34.js
12:49:20 PM [vite] (ssr) page reload .svelte-kit/generated/shared/error-template.js
12:49:20 PM [vite] (client) page reload .svelte-kit/generated/client/nodes/30.js
12:49:20 PM [vite] (client) page reload .svelte-kit/generated/client/app.js
12:49:20 PM [vite] (client) page reload .svelte-kit/generated/client/matchers.js
12:49:20 PM [vite] (ssr) page reload .svelte-kit/generated/server/internal.js
12:49:20 PM [vite] (client) page reload .svelte-kit/generated/root.js
12:49:20 PM [vite] (ssr) page reload .svelte-kit/generated/root.js
12:49:20 PM [vite] (ssr) page reload .svelte-kit/generated/root.svelte
12:51:27 PM [vite] (client) hmr update /src/routes/units/[id]/lessons/[lessonId]/learn/+page.svelte, /src/app.css
12:51:27 PM [vite] (ssr) page reload src/routes/units/[id]/lessons/[lessonId]/learn/+page.svelte
12:51:27 PM [vite] (client) hmr update /src/routes/units/[id]/lessons/[lessonId]/print/+page.svelte, /src/app.css
12:51:27 PM [vite] (ssr) page reload src/routes/units/[id]/lessons/[lessonId]/print/+page.svelte
12:53:15 PM [vite] (client) hmr update /src/routes/units/[id]/lessons/[lessonId]/learn/+page.svelte, /src/app.css
12:53:15 PM [vite] (ssr) page reload src/routes/units/[id]/lessons/[lessonId]/learn/+page.svelte
12:55:43 PM [vite] (client) hmr update /src/routes/units/[id]/lessons/[lessonId]/learn/+page.svelte, /src/app.css
12:55:43 PM [vite] (ssr) page reload src/routes/units/[id]/lessons/[lessonId]/learn/+page.svelte
12:59:07 PM [vite] (client) hmr update /src/routes/units/[id]/lessons/[lessonId]/learn/+page.svelte, /src/app.css
12:59:07 PM [vite] (ssr) page reload src/routes/units/[id]/lessons/[lessonId]/learn/+page.svelte
12:59:34 PM [vite] (client) hmr update /src/routes/units/[id]/lessons/[lessonId]/print/+page.svelte, /src/app.css
12:59:34 PM [vite] (ssr) page reload src/routes/units/[id]/lessons/[lessonId]/print/+page.svelte
12:59:42 PM [vite] (client) hmr update /src/routes/units/[id]/lessons/[lessonId]/print/+page.svelte, /src/app.css
12:59:42 PM [vite] (ssr) page reload src/routes/units/[id]/lessons/[lessonId]/print/+page.svelte
12:59:59 PM [vite] (client) page reload .svelte-kit/generated/client/nodes/0.js
12:59:59 PM [vite] (client) page reload .svelte-kit/generated/client/nodes/1.js
12:59:59 PM [vite] (client) page reload .svelte-kit/generated/client/nodes/2.js
12:59:59 PM [vite] (client) page reload .svelte-kit/generated/client/app.js
12:59:59 PM [vite] (client) page reload .svelte-kit/generated/client/nodes/3.js
12:59:59 PM [vite] (client) page reload .svelte-kit/generated/client/nodes/4.js
12:59:59 PM [vite] (client) page reload .svelte-kit/generated/client/nodes/6.js
12:59:59 PM [vite] (client) page reload .svelte-kit/generated/client/nodes/7.js
12:59:59 PM [vite] (client) page reload .svelte-kit/generated/client/nodes/8.js
12:59:59 PM [vite] (client) page reload .svelte-kit/generated/client/nodes/10.js
12:59:59 PM [vite] (client) page reload .svelte-kit/generated/client/nodes/11.js
12:59:59 PM [vite] (client) page reload .svelte-kit/generated/client/nodes/14.js
12:59:59 PM [vite] (client) page reload .svelte-kit/generated/client/nodes/15.js
12:59:59 PM [vite] (client) page reload .svelte-kit/generated/client/nodes/16.js
12:59:59 PM [vite] (client) page reload .svelte-kit/generated/client/nodes/17.js
12:59:59 PM [vite] (client) page reload .svelte-kit/generated/client/nodes/18.js
12:59:59 PM [vite] (client) page reload .svelte-kit/generated/client/nodes/21.js
12:59:59 PM [vite] (client) page reload .svelte-kit/generated/client/nodes/23.js
12:59:59 PM [vite] (client) page reload .svelte-kit/generated/client/nodes/24.js
12:59:59 PM [vite] (client) page reload .svelte-kit/generated/client/nodes/28.js
12:59:59 PM [vite] (client) page reload .svelte-kit/generated/client/nodes/29.js
12:59:59 PM [vite] (client) page reload .svelte-kit/generated/client/nodes/30.js
12:59:59 PM [vite] (client) page reload .svelte-kit/generated/client/nodes/32.js
12:59:59 PM [vite] (client) page reload .svelte-kit/generated/client/nodes/33.js
12:59:59 PM [vite] (client) page reload .svelte-kit/generated/client/nodes/34.js
12:59:59 PM [vite] (ssr) page reload .svelte-kit/generated/shared/error-template.js
12:59:59 PM [vite] (ssr) page reload .svelte-kit/generated/server/internal.js
12:59:59 PM [vite] (client) page reload .svelte-kit/generated/client/nodes/10.js
12:59:59 PM [vite] (client) page reload .svelte-kit/generated/client/nodes/11.js
12:59:59 PM [vite] (client) page reload .svelte-kit/generated/client/nodes/14.js
12:59:59 PM [vite] (client) page reload .svelte-kit/generated/client/nodes/15.js
12:59:59 PM [vite] (client) page reload .svelte-kit/generated/client/nodes/17.js
12:59:59 PM [vite] (client) page reload .svelte-kit/generated/client/nodes/18.js
12:59:59 PM [vite] (client) page reload .svelte-kit/generated/client/nodes/2.js
12:59:59 PM [vite] (client) page reload .svelte-kit/generated/client/nodes/21.js
12:59:59 PM [vite] (client) page reload .svelte-kit/generated/client/nodes/23.js
12:59:59 PM [vite] (client) page reload .svelte-kit/generated/client/nodes/3.js
12:59:59 PM [vite] (client) page reload .svelte-kit/generated/client/nodes/16.js
12:59:59 PM [vite] (client) page reload .svelte-kit/generated/client/nodes/4.js
12:59:59 PM [vite] (client) page reload .svelte-kit/generated/client/nodes/6.js
12:59:59 PM [vite] (client) page reload .svelte-kit/generated/client/nodes/7.js
12:59:59 PM [vite] (client) page reload .svelte-kit/generated/client/nodes/8.js
12:59:59 PM [vite] (client) page reload .svelte-kit/generated/client/app.js
12:59:59 PM [vite] (client) page reload .svelte-kit/generated/client/matchers.js
12:59:59 PM [vite] (client) page reload .svelte-kit/generated/root.js
12:59:59 PM [vite] (ssr) page reload .svelte-kit/generated/root.js
12:59:59 PM [vite] (client) page reload .svelte-kit/generated/client/nodes/0.js
1:00:00 PM [vite] (client) page reload .svelte-kit/generated/client/nodes/1.js
1:00:00 PM [vite] (client) page reload .svelte-kit/generated/client/nodes/6.js
1:00:00 PM [vite] (client) page reload .svelte-kit/generated/client/nodes/7.js
1:00:00 PM [vite] (client) page reload .svelte-kit/generated/client/nodes/8.js
1:00:00 PM [vite] (client) page reload .svelte-kit/generated/client/nodes/10.js
1:00:00 PM [vite] (client) page reload .svelte-kit/generated/client/nodes/11.js
1:00:00 PM [vite] (client) page reload .svelte-kit/generated/client/nodes/14.js
1:00:00 PM [vite] (client) page reload .svelte-kit/generated/client/nodes/15.js
1:00:00 PM [vite] (client) page reload .svelte-kit/generated/client/nodes/16.js
1:00:00 PM [vite] (client) page reload .svelte-kit/generated/client/nodes/17.js
1:00:00 PM [vite] (client) page reload .svelte-kit/generated/client/nodes/18.js
1:00:00 PM [vite] (client) page reload .svelte-kit/generated/client/app.js
1:00:00 PM [vite] (ssr) page reload .svelte-kit/generated/shared/error-template.js
1:00:00 PM [vite] (ssr) page reload .svelte-kit/generated/server/internal.js
1:00:00 PM [vite] (client) page reload .svelte-kit/generated/client/nodes/21.js
1:00:00 PM [vite] (client) page reload .svelte-kit/generated/client/nodes/23.js
1:00:00 PM [vite] (client) page reload .svelte-kit/generated/client/nodes/24.js
1:00:00 PM [vite] (client) page reload .svelte-kit/generated/client/nodes/28.js
1:00:00 PM [vite] (client) page reload .svelte-kit/generated/client/nodes/29.js
1:00:00 PM [vite] (client) page reload .svelte-kit/generated/client/nodes/30.js
1:00:00 PM [vite] (client) page reload .svelte-kit/generated/client/nodes/32.js
1:00:00 PM [vite] (client) page reload .svelte-kit/generated/client/nodes/33.js
1:00:00 PM [vite] (client) page reload .svelte-kit/generated/client/nodes/34.js
1:00:00 PM [vite] (client) page reload .svelte-kit/generated/client/app.js
1:00:00 PM [vite] (client) page reload .svelte-kit/generated/client/matchers.js
1:00:00 PM [vite] (ssr) page reload .svelte-kit/generated/shared/error-template.js
1:00:00 PM [vite] (client) page reload .svelte-kit/generated/root.js
1:00:00 PM [vite] (ssr) page reload .svelte-kit/generated/root.js
1:00:00 PM [vite] (ssr) page reload .svelte-kit/generated/root.svelte
1:00:00 PM [vite] (ssr) page reload .svelte-kit/generated/root.svelte
1:00:42 PM [vite] (client) hmr update /src/routes/units/[id]/lessons/[lessonId]/learn/+page.svelte, /src/app.css
1:00:42 PM [vite] (ssr) page reload src/routes/units/[id]/lessons/[lessonId]/learn/+page.svelte
1:01:57 PM [vite] (client) page reload .svelte-kit/generated/client/nodes/0.js
1:01:57 PM [vite] (client) page reload .svelte-kit/generated/client/nodes/1.js
1:01:57 PM [vite] (client) page reload .svelte-kit/generated/client/nodes/2.js
1:01:57 PM [vite] (client) page reload .svelte-kit/generated/client/nodes/3.js
1:01:57 PM [vite] (client) page reload .svelte-kit/generated/client/nodes/4.js
1:01:57 PM [vite] (client) page reload .svelte-kit/generated/client/app.js
1:01:57 PM [vite] (ssr) page reload .svelte-kit/generated/shared/error-template.js
1:01:57 PM [vite] (ssr) page reload .svelte-kit/generated/server/internal.js
1:01:57 PM [vite] (client) page reload .svelte-kit/generated/client/nodes/6.js
1:01:57 PM [vite] (client) page reload .svelte-kit/generated/client/nodes/7.js
1:01:57 PM [vite] (client) page reload .svelte-kit/generated/client/nodes/8.js
1:01:57 PM [vite] (client) page reload .svelte-kit/generated/client/nodes/10.js
1:01:57 PM [vite] (client) page reload .svelte-kit/generated/client/nodes/11.js
1:01:57 PM [vite] (client) page reload .svelte-kit/generated/client/nodes/14.js
1:01:57 PM [vite] (client) page reload .svelte-kit/generated/client/nodes/15.js
1:01:57 PM [vite] (client) page reload .svelte-kit/generated/client/nodes/16.js
1:01:57 PM [vite] (client) page reload .svelte-kit/generated/client/nodes/17.js
1:01:57 PM [vite] (client) page reload .svelte-kit/generated/client/nodes/18.js
1:01:57 PM [vite] (client) page reload .svelte-kit/generated/client/nodes/21.js
1:01:57 PM [vite] (client) page reload .svelte-kit/generated/client/nodes/23.js
1:01:57 PM [vite] (client) page reload .svelte-kit/generated/client/nodes/24.js
1:01:57 PM [vite] (client) page reload .svelte-kit/generated/client/nodes/28.js
1:01:57 PM [vite] (client) page reload .svelte-kit/generated/client/nodes/29.js
1:01:57 PM [vite] (client) page reload .svelte-kit/generated/client/nodes/30.js
1:01:57 PM [vite] (client) page reload .svelte-kit/generated/client/nodes/32.js
1:01:57 PM [vite] (client) page reload .svelte-kit/generated/client/nodes/33.js
1:01:57 PM [vite] (client) page reload .svelte-kit/generated/client/nodes/34.js
1:01:57 PM [vite] (client) page reload .svelte-kit/generated/client/matchers.js
1:01:57 PM [vite] (client) page reload .svelte-kit/generated/root.js
1:01:57 PM [vite] (ssr) page reload .svelte-kit/generated/root.js
1:01:57 PM [vite] (ssr) page reload .svelte-kit/generated/root.svelte
1:10:42 PM [vite] (client) hmr update /src/routes/units/[id]/lessons/[lessonId]/learn/+page.svelte, /src/app.css
1:10:42 PM [vite] (ssr) page reload src/routes/units/[id]/lessons/[lessonId]/learn/+page.svelte
 ELIFECYCLE  Command failed with exit code 4294967295.
