
> frontend@1.0.0-beta.1 dev
> vite dev --host=127.0.0.1 --port=5173 --strictPort


  VITE v7.3.6  ready in 4298 ms

  ➜  Local:   http://127.0.0.1:5173/
  ➜  press h + enter to show help

[1;31m[404] GET /favicon.ico[0m

[1;31m[404] GET /favicon.ico[0m

[1;31m[404] GET /favicon.ico[0m

[1;31m[404] GET /favicon.ico[0m

[1;31m[404] GET /favicon.ico[0m

[1;31m[404] GET /favicon.ico[0m
6:14:49 PM [vite-plugin-svelte] src/routes/units/[id]/+page.svelte:697:1 Unused CSS selector ".view-tabs span"
https://svelte.dev/e/css_unused_selector
6:14:50 PM [vite-plugin-svelte] src/routes/units/[id]/+page.svelte:747:1 Unused CSS selector ".two"
https://svelte.dev/e/css_unused_selector
6:14:50 PM [vite-plugin-svelte] src/routes/units/[id]/+page.svelte:774:271 Unused CSS selector ".two"
https://svelte.dev/e/css_unused_selector

[1;31m[404] GET /favicon.ico[0m
6:21:21 PM [vite-plugin-svelte] src/routes/units/[id]/+page.svelte:697:1 Unused CSS selector ".view-tabs span"
https://svelte.dev/e/css_unused_selector
6:21:21 PM [vite-plugin-svelte] src/routes/units/[id]/+page.svelte:747:1 Unused CSS selector ".two"
https://svelte.dev/e/css_unused_selector
6:21:21 PM [vite-plugin-svelte] src/routes/units/[id]/+page.svelte:774:271 Unused CSS selector ".two"
https://svelte.dev/e/css_unused_selector

[1;31m[404] GET /favicon.ico[0m

[1;31m[404] GET /favicon.ico[0m

[1;31m[404] GET /favicon.ico[0m

[1;31m[404] GET /favicon.ico[0m

[1;31m[404] GET /favicon.ico[0m
7:00:07 PM [vite] http proxy error: /api/v1/v3/chunked/3f40587d-4846-4fdb-a07f-3eb48b0a2257/status
AggregateError [ECONNREFUSED]: 
    at internalConnectMultiple (node:net:1139:18)
    at afterConnectMultiple (node:net:1712:7)
    at TCPConnectWrap.callbackTrampoline (node:internal/async_hooks:130:17)
7:00:11 PM [vite] http proxy error: /api/v1/v3/chunked/3f40587d-4846-4fdb-a07f-3eb48b0a2257/status
AggregateError [ECONNREFUSED]: 
    at internalConnectMultiple (node:net:1139:18)
    at afterConnectMultiple (node:net:1712:7)
    at TCPConnectWrap.callbackTrampoline (node:internal/async_hooks:130:17)
7:00:15 PM [vite] http proxy error: /api/v1/v3/chunked/3f40587d-4846-4fdb-a07f-3eb48b0a2257/status
AggregateError [ECONNREFUSED]: 
    at internalConnectMultiple (node:net:1139:18)
    at afterConnectMultiple (node:net:1712:7)
    at TCPConnectWrap.callbackTrampoline (node:internal/async_hooks:130:17)
7:00:19 PM [vite] http proxy error: /api/v1/v3/chunked/3f40587d-4846-4fdb-a07f-3eb48b0a2257/status
AggregateError [ECONNREFUSED]: 
    at internalConnectMultiple (node:net:1139:18)
    at afterConnectMultiple (node:net:1712:7)
    at TCPConnectWrap.callbackTrampoline (node:internal/async_hooks:130:17)
7:00:23 PM [vite] http proxy error: /api/v1/v3/chunked/3f40587d-4846-4fdb-a07f-3eb48b0a2257/status
AggregateError [ECONNREFUSED]: 
    at internalConnectMultiple (node:net:1139:18)
    at afterConnectMultiple (node:net:1712:7)
    at TCPConnectWrap.callbackTrampoline (node:internal/async_hooks:130:17)
7:00:27 PM [vite] http proxy error: /api/v1/v3/chunked/3f40587d-4846-4fdb-a07f-3eb48b0a2257/status
AggregateError [ECONNREFUSED]: 
    at internalConnectMultiple (node:net:1139:18)
    at afterConnectMultiple (node:net:1712:7)
    at TCPConnectWrap.callbackTrampoline (node:internal/async_hooks:130:17)
7:00:31 PM [vite] http proxy error: /api/v1/v3/chunked/3f40587d-4846-4fdb-a07f-3eb48b0a2257/status
AggregateError [ECONNREFUSED]: 
    at internalConnectMultiple (node:net:1139:18)
    at afterConnectMultiple (node:net:1712:7)
    at TCPConnectWrap.callbackTrampoline (node:internal/async_hooks:130:17)
7:00:35 PM [vite] http proxy error: /api/v1/v3/chunked/3f40587d-4846-4fdb-a07f-3eb48b0a2257/status
AggregateError [ECONNREFUSED]: 
    at internalConnectMultiple (node:net:1139:18)
    at afterConnectMultiple (node:net:1712:7)
    at TCPConnectWrap.callbackTrampoline (node:internal/async_hooks:130:17)
7:00:39 PM [vite] http proxy error: /api/v1/v3/chunked/3f40587d-4846-4fdb-a07f-3eb48b0a2257/status
AggregateError [ECONNREFUSED]: 
    at internalConnectMultiple (node:net:1139:18)
    at afterConnectMultiple (node:net:1712:7)
    at TCPConnectWrap.callbackTrampoline (node:internal/async_hooks:130:17)
7:00:43 PM [vite] http proxy error: /api/v1/v3/chunked/3f40587d-4846-4fdb-a07f-3eb48b0a2257/status
AggregateError [ECONNREFUSED]: 
    at internalConnectMultiple (node:net:1139:18)
    at afterConnectMultiple (node:net:1712:7)
    at TCPConnectWrap.callbackTrampoline (node:internal/async_hooks:130:17)
7:00:47 PM [vite] http proxy error: /api/v1/v3/chunked/3f40587d-4846-4fdb-a07f-3eb48b0a2257/status
AggregateError [ECONNREFUSED]: 
    at internalConnectMultiple (node:net:1139:18)
    at afterConnectMultiple (node:net:1712:7)
    at TCPConnectWrap.callbackTrampoline (node:internal/async_hooks:130:17)
7:00:51 PM [vite] http proxy error: /api/v1/v3/chunked/3f40587d-4846-4fdb-a07f-3eb48b0a2257/status
AggregateError [ECONNREFUSED]: 
    at internalConnectMultiple (node:net:1139:18)
    at afterConnectMultiple (node:net:1712:7)
    at TCPConnectWrap.callbackTrampoline (node:internal/async_hooks:130:17)

[1;31m[404] GET /favicon.ico[0m

[1;31m[404] GET /favicon.ico[0m

[1;31m[404] GET /favicon.ico[0m

[1;31m[404] GET /favicon.ico[0m

[1;31m[404] GET /favicon.ico[0m

[1;31m[404] GET /favicon.ico[0m

[1;31m[404] GET /favicon.ico[0m

[1;31m[404] GET /favicon.ico[0m
7:28:23 PM [vite] http proxy error: /api/v1/v3/chunked/3f40587d-4846-4fdb-a07f-3eb48b0a2257/events
Error: read ECONNRESET
    at TCP.onStreamRead (node:internal/stream_base_commons:216:20)
    at TCP.callbackTrampoline (node:internal/async_hooks:130:17)
7:28:24 PM [vite] http proxy error: /api/v1/v3/chunked/3f40587d-4846-4fdb-a07f-3eb48b0a2257/status
AggregateError [ECONNREFUSED]: 
    at internalConnectMultiple (node:net:1139:18)
    at afterConnectMultiple (node:net:1712:7)
    at TCPConnectWrap.callbackTrampoline (node:internal/async_hooks:130:17)
7:28:27 PM [vite] http proxy error: /api/v1/v3/chunked/3f40587d-4846-4fdb-a07f-3eb48b0a2257/status
AggregateError [ECONNREFUSED]: 
    at internalConnectMultiple (node:net:1139:18)
    at afterConnectMultiple (node:net:1712:7)
    at TCPConnectWrap.callbackTrampoline (node:internal/async_hooks:130:17)
7:28:31 PM [vite] http proxy error: /api/v1/v3/chunked/3f40587d-4846-4fdb-a07f-3eb48b0a2257/status
AggregateError [ECONNREFUSED]: 
    at internalConnectMultiple (node:net:1139:18)
    at afterConnectMultiple (node:net:1712:7)
    at TCPConnectWrap.callbackTrampoline (node:internal/async_hooks:130:17)
7:28:35 PM [vite] http proxy error: /api/v1/v3/chunked/3f40587d-4846-4fdb-a07f-3eb48b0a2257/status
AggregateError [ECONNREFUSED]: 
    at internalConnectMultiple (node:net:1139:18)
    at afterConnectMultiple (node:net:1712:7)
    at TCPConnectWrap.callbackTrampoline (node:internal/async_hooks:130:17)
7:28:39 PM [vite] http proxy error: /api/v1/v3/chunked/3f40587d-4846-4fdb-a07f-3eb48b0a2257/status
AggregateError [ECONNREFUSED]: 
    at internalConnectMultiple (node:net:1139:18)
    at afterConnectMultiple (node:net:1712:7)
    at TCPConnectWrap.callbackTrampoline (node:internal/async_hooks:130:17)
7:28:43 PM [vite] http proxy error: /api/v1/v3/chunked/3f40587d-4846-4fdb-a07f-3eb48b0a2257/status
AggregateError [ECONNREFUSED]: 
    at internalConnectMultiple (node:net:1139:18)
    at afterConnectMultiple (node:net:1712:7)
    at TCPConnectWrap.callbackTrampoline (node:internal/async_hooks:130:17)
7:28:47 PM [vite] http proxy error: /api/v1/v3/chunked/3f40587d-4846-4fdb-a07f-3eb48b0a2257/status
AggregateError [ECONNREFUSED]: 
    at internalConnectMultiple (node:net:1139:18)
    at afterConnectMultiple (node:net:1712:7)
    at TCPConnectWrap.callbackTrampoline (node:internal/async_hooks:130:17)

[1;31m[404] GET /favicon.ico[0m

[1;31m[404] GET /favicon.ico[0m

[1;31m[404] GET /favicon.ico[0m

[1;31m[404] GET /favicon.ico[0m

[1;31m[404] GET /favicon.ico[0m

[1;31m[404] GET /favicon.ico[0m

[1;31m[404] GET /favicon.ico[0m

[1;31m[404] GET /favicon.ico[0m

[1;31m[404] GET /favicon.ico[0m

[1;31m[404] GET /favicon.ico[0m

[1;31m[404] GET /favicon.ico[0m

[1;31m[404] GET /favicon.ico[0m

[1;31m[404] GET /favicon.ico[0m

[1;31m[404] GET /favicon.ico[0m

[1;31m[404] GET /favicon.ico[0m

[1;31m[404] GET /favicon.ico[0m

[1;31m[404] GET /favicon.ico[0m

[1;31m[404] GET /favicon.ico[0m

[1;31m[404] GET /favicon.ico[0m

[1;31m[404] GET /favicon.ico[0m

[1;31m[404] GET /favicon.ico[0m

[1;31m[404] GET /favicon.ico[0m

[1;31m[404] GET /textbook/ee64d939-6f31-4fc4-9702-395580d25302[0m

[1;31m[404] GET /favicon.ico[0m

[1;31m[404] GET /favicon.ico[0m

[1;31m[404] GET /favicon.ico[0m
8:24:52 PM [vite] (client) ✨ new dependencies optimized: isomorphic-dompurify, katex
8:24:52 PM [vite] (client) ✨ optimized dependencies changed. reloading

[1;31m[404] GET /favicon.ico[0m

[1;31m[404] GET /favicon.ico[0m

[1;31m[404] GET /favicon.ico[0m
8:53:42 PM [vite-plugin-svelte] src/routes/units/[id]/+page.svelte:697:1 Unused CSS selector ".view-tabs span"
https://svelte.dev/e/css_unused_selector
8:53:42 PM [vite-plugin-svelte] src/routes/units/[id]/+page.svelte:747:1 Unused CSS selector ".two"
https://svelte.dev/e/css_unused_selector
8:53:42 PM [vite-plugin-svelte] src/routes/units/[id]/+page.svelte:774:271 Unused CSS selector ".two"
https://svelte.dev/e/css_unused_selector

[1;31m[404] GET /favicon.ico[0m

[1;31m[404] GET /favicon.ico[0m

[1;31m[404] GET /favicon.ico[0m
