2026-08-07T15:05:21Z 200 0.005887
2026-08-07T15:05:52Z 200 0.005574
2026-08-07T15:06:23Z 200 0.006998
2026-08-07T15:06:53Z 200 0.004208
2026-08-07T15:07:24Z 200 0.004761
2026-08-07T15:07:54Z 200 0.004043
2026-08-07T15:08:25Z 200 0.004915
2026-08-07T15:08:55Z 200 0.003239
2026-08-07T15:09:26Z 200 0.004811
2026-08-07T15:09:56Z 200 0.005626
2026-08-07T15:10:27Z 200 0.005055
2026-08-07T15:10:57Z 200 0.003399
2026-08-07T15:11:28Z 200 0.003633
2026-08-07T15:11:58Z 200 0.003383
2026-08-07T15:12:29Z 200 0.004716
2026-08-07T15:13:00Z 200 0.003653
2026-08-07T15:13:30Z 200 0.004120
2026-08-07T15:14:01Z 200 0.018076
2026-08-07T15:14:31Z 200 0.004143
2026-08-07T15:15:02Z 200 0.004614
2026-08-07T15:15:32Z 200 0.023902
2026-08-07T15:16:03Z 200 0.004288
2026-08-07T15:16:33Z 200 0.004247
2026-08-07T15:17:03Z 200 0.004974
2026-08-07T15:17:34Z 000 2.023918000
2026-08-07T15:18:07Z 000 2.044760000
2026-08-07T15:18:40Z 200 0.006696
2026-08-07T15:19:10Z 200 0.011809
2026-08-07T15:19:41Z 200 0.004599
2026-08-07T15:20:12Z 000 2.018284000
2026-08-07T15:20:44Z 200 0.005037
2026-08-07T15:21:15Z 200 0.005710
2026-08-07T15:21:46Z 200 0.009081
2026-08-07T15:22:16Z 200 0.007182
2026-08-07T15:22:47Z 200 0.008068
2026-08-07T15:23:18Z 200 0.005551
2026-08-07T15:23:49Z 200 0.007269
2026-08-07T15:24:19Z 200 0.004960
2026-08-07T15:24:50Z 200 0.004629
2026-08-07T15:25:21Z 200 0.008518
2026-08-07T15:25:51Z 200 0.011384
2026-08-07T15:26:22Z 200 0.006106
2026-08-07T15:26:53Z 200 0.005905
2026-08-07T15:27:24Z 200 0.006192
2026-08-07T15:27:55Z 200 0.008009
2026-08-07T15:28:25Z 200 0.006961
2026-08-07T15:28:56Z 200 0.007541
2026-08-07T15:29:26Z 200 0.007574
2026-08-07T15:29:57Z 200 0.009874
2026-08-07T15:30:28Z 200 0.005277
2026-08-07T15:31:00Z 200 0.009377
2026-08-07T15:31:30Z 200 0.006362
2026-08-07T15:32:01Z 200 0.007444
2026-08-07T15:32:31Z 200 0.006021
2026-08-07T15:33:02Z 200 0.006138
2026-08-07T15:33:33Z 200 0.005494
2026-08-07T15:34:03Z 200 0.006583
2026-08-07T15:34:34Z 200 0.005294
2026-08-07T15:35:05Z 200 0.005979
2026-08-07T15:35:36Z 200 0.006137
2026-08-07T15:36:07Z 200 0.008570
2026-08-07T15:36:38Z 200 0.005649
2026-08-07T15:37:09Z 200 0.007247
2026-08-07T15:37:39Z 200 0.009676
2026-08-07T15:38:10Z 200 0.007238
2026-08-07T15:38:42Z 200 0.007973
2026-08-07T15:39:13Z 200 0.008842
2026-08-07T15:39:44Z 200 0.008501
2026-08-07T15:40:14Z 200 0.007842
2026-08-07T15:40:45Z 200 0.031452
2026-08-07T15:41:17Z 200 0.006298
2026-08-07T15:41:47Z 200 0.014235
2026-08-07T15:42:18Z 200 0.005823
2026-08-07T15:42:49Z 200 0.005966
2026-08-07T15:43:21Z 200 0.016835
2026-08-07T15:43:52Z 200 0.024329
2026-08-07T15:44:24Z 200 0.005458
2026-08-07T15:44:55Z 200 0.007452
2026-08-07T15:45:27Z 200 0.012705
2026-08-07T15:45:59Z 200 0.008501
2026-08-07T15:46:30Z 200 0.007131
2026-08-07T15:47:01Z 200 0.023104
2026-08-07T15:47:33Z 200 0.004616
2026-08-07T15:48:04Z 200 0.005166
2026-08-07T15:48:34Z 200 0.004848
2026-08-07T15:49:05Z 200 0.008388
2026-08-07T15:49:36Z 200 0.006369
2026-08-07T15:50:07Z 200 0.007967
2026-08-07T15:50:38Z 200 0.007329
2026-08-07T15:51:09Z 200 0.032028
2026-08-07T15:51:40Z 200 0.005976
2026-08-07T15:52:11Z 200 0.006233
2026-08-07T15:52:42Z 200 0.006742
2026-08-07T15:53:13Z 200 0.007263
2026-08-07T15:53:43Z 200 0.006453
2026-08-07T15:54:14Z 200 0.006593
2026-08-07T15:54:45Z 200 0.005657
2026-08-07T15:55:15Z 200 0.005238
2026-08-07T15:55:46Z 200 0.007387
2026-08-07T15:56:17Z 200 0.007028
2026-08-07T15:56:48Z 200 0.005883
2026-08-07T15:57:19Z 200 0.006388
2026-08-07T15:57:50Z 200 0.009498
2026-08-07T15:58:22Z 200 0.006470
2026-08-07T15:58:53Z 200 0.008135
2026-08-07T15:59:24Z 200 0.005495
2026-08-07T15:59:55Z 200 0.007119
2026-08-07T16:00:26Z 000 2.021140000
2026-08-07T16:00:59Z 200 0.028021
2026-08-07T16:01:31Z 200 0.006757
2026-08-07T16:02:02Z 200 0.005398
2026-08-07T16:02:33Z 200 0.008714
2026-08-07T16:03:04Z 200 0.007088
2026-08-07T16:03:34Z 200 0.006037
2026-08-07T16:04:06Z 200 0.008016
2026-08-07T16:04:37Z 200 0.006002
2026-08-07T16:05:08Z 200 0.008455
2026-08-07T16:05:39Z 200 0.011390
2026-08-07T16:06:11Z 200 0.008511
2026-08-07T16:06:42Z 200 0.010957
2026-08-07T16:07:14Z 200 0.018063
2026-08-07T16:07:46Z 200 0.017312
2026-08-07T16:08:17Z 200 0.011462
2026-08-07T16:08:49Z 200 0.006278
2026-08-07T16:09:20Z 200 0.006521
2026-08-07T16:09:52Z 200 0.021743
2026-08-07T16:10:23Z 200 0.005951
2026-08-07T16:10:54Z 200 0.008159
2026-08-07T16:11:25Z 200 0.005339
2026-08-07T16:11:56Z 200 0.008640
2026-08-07T16:12:27Z 200 0.006989
2026-08-07T16:12:58Z 200 0.007627
2026-08-07T16:13:29Z 200 0.007502
2026-08-07T16:14:00Z 200 0.007036
2026-08-07T16:14:31Z 200 0.006265
2026-08-07T16:15:01Z 200 0.006150
2026-08-07T16:15:33Z 200 0.006444
2026-08-07T16:16:04Z 200 0.005965
2026-08-07T16:16:35Z 200 0.007062
2026-08-07T16:17:05Z 200 0.007315
2026-08-07T16:17:37Z 200 0.004618
2026-08-07T16:18:08Z 200 0.007040
2026-08-07T16:18:38Z 200 0.005331
2026-08-07T16:19:10Z 200 0.008134
2026-08-07T16:19:40Z 200 0.006882
2026-08-07T16:20:11Z 200 0.007383
2026-08-07T16:20:42Z 200 0.009252
2026-08-07T16:21:13Z 200 0.004966
2026-08-07T16:21:44Z 200 0.006266
2026-08-07T16:22:15Z 200 0.008209
2026-08-07T16:22:46Z 200 0.007601
2026-08-07T16:23:18Z 200 0.009247
2026-08-07T16:23:49Z 200 0.005734
2026-08-07T16:24:20Z 200 0.006306
2026-08-07T16:24:51Z 200 0.005925
2026-08-07T16:25:22Z 200 0.010672
2026-08-07T16:25:53Z 200 0.006738
2026-08-07T16:26:24Z 200 0.008558
2026-08-07T16:26:54Z 200 0.005300
2026-08-07T16:27:25Z 200 0.009819
2026-08-07T16:27:56Z 200 0.004259
2026-08-07T16:28:27Z 000 2.041615000
2026-08-07T16:28:59Z 200 0.007096
2026-08-07T16:29:30Z 200 0.004627
2026-08-07T16:30:00Z 200 0.004154
2026-08-07T16:30:31Z 200 0.004884
2026-08-07T16:31:02Z 200 0.003844
2026-08-07T16:31:32Z 200 0.009430
2026-08-07T16:32:03Z 200 0.003158
2026-08-07T16:32:34Z 200 0.004071
2026-08-07T16:33:04Z 200 0.004135
2026-08-07T16:33:34Z 200 0.003510
2026-08-07T16:34:05Z 200 0.024665
2026-08-07T16:34:37Z 200 0.243746
2026-08-07T16:35:11Z 200 0.064476
2026-08-07T16:35:42Z 200 0.013604
2026-08-07T16:36:13Z 200 0.007304
2026-08-07T16:36:45Z 200 1.742902
2026-08-07T16:37:18Z 200 0.007455
2026-08-07T16:37:48Z 200 0.006836
2026-08-07T16:38:19Z 200 0.014215
2026-08-07T16:38:50Z 200 0.024686
2026-08-07T16:39:23Z 200 0.008141
2026-08-07T16:39:54Z 200 0.027849
2026-08-07T16:40:26Z 200 0.005652
2026-08-07T16:40:58Z 200 0.007506
2026-08-07T16:41:28Z 200 0.027176
2026-08-07T16:42:00Z 200 0.013658
2026-08-07T16:42:34Z 200 0.004526
2026-08-07T16:43:07Z 200 0.006489
2026-08-07T16:43:37Z 200 0.005091
2026-08-07T16:44:08Z 200 0.005924
2026-08-07T16:44:38Z 200 0.025495
2026-08-07T16:45:09Z 200 0.038615
2026-08-07T16:45:41Z 200 0.004861
2026-08-07T16:46:12Z 200 0.007940
2026-08-07T16:46:43Z 200 0.027594
2026-08-07T16:47:14Z 200 0.004813
2026-08-07T16:47:44Z 200 0.006289
2026-08-07T16:48:15Z 200 0.007675
2026-08-07T16:48:45Z 200 0.004313
2026-08-07T16:49:16Z 200 0.003878
2026-08-07T16:49:46Z 200 0.008642
2026-08-07T16:50:17Z 200 0.009303
2026-08-07T16:50:48Z 200 0.005561
2026-08-07T16:51:19Z 200 0.020001
2026-08-07T16:51:50Z 200 0.006144
2026-08-07T16:52:21Z 200 0.005130
2026-08-07T16:52:52Z 200 0.004958
2026-08-07T16:53:22Z 200 0.050374
2026-08-07T16:53:53Z 200 0.008417
2026-08-07T16:54:24Z 200 0.005429
2026-08-07T16:54:54Z 200 0.021761
2026-08-07T16:55:25Z 200 0.004430
2026-08-07T16:55:55Z 200 0.008685
2026-08-07T16:56:26Z 200 0.010156
2026-08-07T16:56:56Z 200 0.004698
2026-08-07T16:57:27Z 200 0.006120
2026-08-07T16:57:58Z 200 0.021184
2026-08-07T16:58:31Z 200 0.007447
2026-08-07T16:59:01Z 200 0.007278
2026-08-07T16:59:32Z 200 0.019989
2026-08-07T17:00:04Z 200 0.006812
2026-08-07T17:00:35Z 200 0.003833
2026-08-07T17:01:06Z 200 0.002520
2026-08-07T17:01:37Z 200 0.005819
2026-08-07T17:02:07Z 200 0.005076
2026-08-07T17:02:38Z 200 0.002570
2026-08-07T17:03:08Z 200 0.004250
2026-08-07T17:03:39Z 200 0.004475
2026-08-07T17:04:09Z 200 0.002799
2026-08-07T17:04:40Z 200 0.004726
2026-08-07T17:05:10Z 200 0.003185
2026-08-07T17:05:41Z 200 0.005275
2026-08-07T17:06:12Z 200 0.003802
2026-08-07T17:06:43Z 200 0.003274
2026-08-07T17:07:13Z 200 0.003421
2026-08-07T17:07:44Z 200 0.004052
2026-08-07T17:08:14Z 200 0.004248
2026-08-07T17:08:46Z 200 0.009184
2026-08-07T17:09:18Z 200 0.002668
2026-08-07T17:09:48Z 200 0.003214
2026-08-07T17:10:18Z 200 0.003013
2026-08-07T17:10:49Z 200 0.006673
2026-08-07T17:11:19Z 200 0.004076
2026-08-07T17:11:50Z 200 0.013879
2026-08-07T17:12:20Z 200 0.003231
2026-08-07T17:12:51Z 200 0.006222
2026-08-07T17:13:21Z 200 0.014619
2026-08-07T17:13:52Z 200 0.004655
2026-08-07T17:14:22Z 200 0.004453
2026-08-07T17:14:53Z 200 0.003847
2026-08-07T17:15:24Z 200 0.006074
2026-08-07T17:15:54Z 200 0.008247
2026-08-07T17:16:25Z 200 0.008072
2026-08-07T17:16:56Z 200 0.006169
2026-08-07T17:17:27Z 200 0.006840
2026-08-07T17:17:58Z 200 0.007002
2026-08-07T17:18:28Z 200 0.005960
2026-08-07T17:18:59Z 200 0.004300
2026-08-07T17:19:30Z 200 0.005871
2026-08-07T17:20:01Z 200 0.005748
2026-08-07T17:20:32Z 200 0.007073
2026-08-07T17:21:03Z 200 0.019856
2026-08-07T17:21:33Z 200 0.005256
2026-08-07T17:22:04Z 200 0.007118
2026-08-07T17:22:35Z 200 0.004905
2026-08-07T17:23:06Z 200 0.006023
2026-08-07T17:23:37Z 200 0.013726
2026-08-07T17:24:08Z 200 0.004095
2026-08-07T17:24:38Z 200 0.021700
2026-08-07T17:25:09Z 200 0.005515
2026-08-07T17:25:41Z 200 0.007188
2026-08-07T17:26:11Z 200 0.004243
2026-08-07T17:26:42Z 200 0.006776
2026-08-07T17:27:13Z 200 0.006262
2026-08-07T17:27:43Z 200 0.005195
2026-08-07T17:28:14Z 200 0.006047
2026-08-07T17:28:44Z 200 0.003728
2026-08-07T17:29:15Z 200 0.022563
2026-08-07T17:29:45Z 200 0.017152
2026-08-07T17:30:16Z 200 0.002557
2026-08-07T17:30:47Z 200 0.016837
2026-08-07T17:31:17Z 200 0.004936
2026-08-07T17:31:48Z 200 0.003548
2026-08-07T17:32:18Z 200 0.003452
2026-08-07T17:32:49Z 200 0.003528
2026-08-07T17:33:19Z 200 0.004262
2026-08-07T17:33:50Z 200 0.003426
2026-08-07T17:34:21Z 200 0.003346
2026-08-07T17:34:52Z 200 0.007137
2026-08-07T17:35:26Z 200 0.011263
2026-08-07T17:35:58Z 200 0.004045
2026-08-07T17:36:28Z 200 0.004113
2026-08-07T17:36:59Z 200 0.006699
2026-08-07T17:37:29Z 200 0.008032
2026-08-07T17:38:00Z 200 0.005578
2026-08-07T17:38:31Z 200 0.011600
2026-08-07T17:39:01Z 200 0.008405
2026-08-07T17:39:32Z 200 0.006354
2026-08-07T17:40:03Z 200 0.008871
2026-08-07T17:40:34Z 200 0.011936
2026-08-07T17:41:05Z 200 0.009301
2026-08-07T17:41:35Z 200 0.012574
2026-08-07T17:42:06Z 200 0.018236
2026-08-07T17:42:37Z 200 0.007209
2026-08-07T17:43:07Z 200 0.013935
2026-08-07T17:43:39Z 200 0.020656
2026-08-07T17:44:10Z 200 0.008656
2026-08-07T17:44:40Z 200 0.006275
2026-08-07T17:45:11Z 200 0.006808
2026-08-07T17:45:42Z 200 0.006502
2026-08-07T17:46:12Z 200 0.008977
2026-08-07T17:46:43Z 200 0.007523
2026-08-07T17:47:14Z 200 0.006448
2026-08-07T17:47:44Z 200 0.009416
2026-08-07T17:48:15Z 200 0.007187
2026-08-07T17:48:46Z 200 0.010018
2026-08-07T17:49:16Z 200 0.020494
2026-08-07T17:49:47Z 200 0.006514
2026-08-07T17:50:18Z 200 0.008824
2026-08-07T17:50:49Z 200 0.005772
2026-08-07T17:51:20Z 200 0.014092
2026-08-07T17:51:51Z 200 0.006592
2026-08-07T17:52:21Z 200 0.011007
2026-08-07T17:52:52Z 200 0.008068
2026-08-07T17:53:23Z 200 0.006459
2026-08-07T17:53:54Z 200 0.004840
2026-08-07T17:54:24Z 200 0.007501
2026-08-07T17:54:55Z 200 0.006608
2026-08-07T17:55:26Z 200 0.007796
2026-08-07T17:55:57Z 200 0.010665
2026-08-07T17:56:28Z 200 0.020250
2026-08-07T17:57:00Z 200 0.014057
2026-08-07T17:57:32Z 200 0.006712
2026-08-07T17:58:03Z 200 0.010081
2026-08-07T17:58:33Z 200 0.010958
2026-08-07T17:59:04Z 200 0.007145
2026-08-07T17:59:36Z 200 0.006531
2026-08-07T18:00:06Z 200 0.007092
2026-08-07T18:00:37Z 200 0.005648
2026-08-07T18:01:08Z 200 0.005720
2026-08-07T18:01:39Z 200 0.007676
2026-08-07T18:02:09Z 200 0.012049
2026-08-07T18:02:40Z 200 0.009267
2026-08-07T18:03:11Z 200 0.007976
2026-08-07T18:03:42Z 200 0.047666
2026-08-07T18:04:13Z 200 0.031138
2026-08-07T18:04:45Z 200 0.068259
2026-08-07T18:05:17Z 200 0.006952
2026-08-07T18:05:48Z 200 0.011570
2026-08-07T18:06:19Z 200 0.021610
2026-08-07T18:06:50Z 200 0.010963
2026-08-07T18:07:21Z 200 0.007190
2026-08-07T18:07:51Z 200 0.007223
2026-08-07T18:08:22Z 200 0.007096
2026-08-07T18:08:53Z 200 0.015305
2026-08-07T18:09:23Z 200 0.007920
2026-08-07T18:09:54Z 200 0.006621
2026-08-07T18:10:25Z 200 0.008280
2026-08-07T18:10:55Z 200 0.008024
2026-08-07T18:11:26Z 200 0.011276
2026-08-07T18:11:58Z 200 0.013282
2026-08-07T18:12:29Z 200 0.007235
2026-08-07T18:13:00Z 200 0.007798
2026-08-07T18:13:31Z 200 0.005643
2026-08-07T18:14:02Z 200 0.020506
2026-08-07T18:14:33Z 200 0.007705
2026-08-07T18:15:03Z 200 0.005778
2026-08-07T18:15:34Z 200 0.005915
2026-08-07T18:16:04Z 200 0.006579
2026-08-07T18:16:35Z 200 0.006930
2026-08-07T18:17:06Z 200 0.008130
2026-08-07T18:17:37Z 200 0.005713
2026-08-07T18:18:07Z 200 0.007097
2026-08-07T18:18:38Z 200 0.007290
2026-08-07T18:19:09Z 200 0.007740
2026-08-07T18:19:39Z 200 0.007632
2026-08-07T18:20:10Z 200 0.012746
2026-08-07T18:20:41Z 200 0.006397
2026-08-07T18:21:12Z 200 0.007834
2026-08-07T18:21:42Z 200 0.009887
2026-08-07T18:22:13Z 200 0.005982
2026-08-07T18:22:44Z 200 0.007365
2026-08-07T18:23:14Z 200 0.009395
2026-08-07T18:23:45Z 200 0.010009
2026-08-07T18:24:16Z 200 0.028277
2026-08-07T18:24:46Z 200 0.006882
2026-08-07T18:25:17Z 200 0.005245
2026-08-07T18:25:47Z 200 0.010617
2026-08-07T18:26:18Z 200 0.011329
2026-08-07T18:26:49Z 200 0.047141
2026-08-07T18:27:20Z 200 0.007374
2026-08-07T18:27:50Z 200 0.022977
2026-08-07T18:28:21Z 200 0.007278
2026-08-07T18:28:52Z 200 0.007186
2026-08-07T18:29:22Z 200 0.006979
2026-08-07T18:29:53Z 200 0.006802
2026-08-07T18:30:24Z 200 0.007072
2026-08-07T18:30:54Z 200 0.009343
2026-08-07T18:31:25Z 200 0.008360
2026-08-07T18:31:55Z 200 0.009874
2026-08-07T18:32:26Z 200 0.008257
2026-08-07T18:32:57Z 200 0.007436
2026-08-07T18:33:27Z 200 0.006175
2026-08-07T18:33:58Z 200 0.008959
2026-08-07T18:34:29Z 200 0.006956
2026-08-07T18:34:59Z 200 0.007225
2026-08-07T18:35:30Z 200 0.010789
2026-08-07T18:36:01Z 200 0.008555
2026-08-07T18:36:32Z 200 0.007451
2026-08-07T18:37:03Z 200 0.013928
2026-08-07T18:37:33Z 200 0.005240
2026-08-07T18:38:04Z 200 0.007458
2026-08-07T18:38:35Z 200 0.010940
2026-08-07T18:39:06Z 200 0.008256
2026-08-07T18:39:36Z 200 0.012287
2026-08-07T18:40:07Z 200 0.011860
2026-08-07T18:40:38Z 200 0.033300
2026-08-07T18:41:08Z 200 0.007019
2026-08-07T18:41:39Z 200 0.031728
2026-08-07T18:42:10Z 200 0.007072
2026-08-07T18:42:41Z 200 0.032132
2026-08-07T18:43:12Z 200 0.007004
2026-08-07T18:43:42Z 200 0.009800
2026-08-07T18:44:13Z 200 0.008675
2026-08-07T18:44:44Z 200 0.008464
2026-08-07T18:45:15Z 200 0.009335
2026-08-07T18:45:46Z 200 0.008712
2026-08-07T18:46:17Z 200 0.009148
2026-08-07T18:46:48Z 200 0.010209
2026-08-07T18:47:18Z 200 0.009035
2026-08-07T18:47:49Z 200 0.008732
2026-08-07T18:48:20Z 200 0.009260
2026-08-07T18:48:50Z 200 0.011773
2026-08-07T18:49:21Z 200 0.007831
2026-08-07T18:49:52Z 200 0.007821
2026-08-08T04:33:38Z 200 0.066410
2026-08-08T04:34:09Z 200 0.006323
2026-08-08T04:34:40Z 200 0.003870
2026-08-08T04:35:10Z 200 0.003336
2026-08-08T04:35:41Z 200 0.005132
2026-08-08T04:36:11Z 200 0.003983
2026-08-08T04:36:42Z 200 0.003457
2026-08-08T04:37:12Z 200 0.003466
2026-08-08T05:03:44Z 200 0.005465
2026-08-08T05:04:15Z 200 0.026399
2026-08-08T05:04:46Z 200 0.003847
