{"timestamp": "2026-08-11T16:35:54.187049+00:00", "level": "DEBUG", "logger": "asyncio", "message": "Using proactor: IocpProactor"}
{"timestamp": "2026-08-11T16:35:54.337623+00:00", "level": "INFO", "logger": "alembic.runtime.migration", "message": "Context impl PostgresqlImpl."}
{"timestamp": "2026-08-11T16:35:54.341001+00:00", "level": "INFO", "logger": "alembic.runtime.migration", "message": "Will assume transactional DDL."}
{"timestamp": "2026-08-11T16:35:55.132582+00:00", "level": "INFO", "logger": "resource_specs.loader", "message": "Loaded resource spec: exit_ticket v1.0"}
{"timestamp": "2026-08-11T16:35:55.147679+00:00", "level": "INFO", "logger": "resource_specs.loader", "message": "Loaded resource spec: lesson v1.0"}
{"timestamp": "2026-08-11T16:35:55.184739+00:00", "level": "INFO", "logger": "resource_specs.loader", "message": "Loaded resource spec: mini_booklet v1.0"}
{"timestamp": "2026-08-11T16:35:55.202289+00:00", "level": "INFO", "logger": "resource_specs.loader", "message": "Loaded resource spec: practice_set v1.0"}
{"timestamp": "2026-08-11T16:35:55.230323+00:00", "level": "INFO", "logger": "resource_specs.loader", "message": "Loaded resource spec: quick_explainer v1.0"}
{"timestamp": "2026-08-11T16:35:55.261447+00:00", "level": "INFO", "logger": "resource_specs.loader", "message": "Loaded resource spec: quiz v1.0"}
{"timestamp": "2026-08-11T16:35:55.283919+00:00", "level": "INFO", "logger": "resource_specs.loader", "message": "Loaded resource spec: worksheet v1.0"}
{"timestamp": "2026-08-11T16:35:55.286441+00:00", "level": "INFO", "logger": "resource_specs.loader", "message": "Resource spec registry ready: ['exit_ticket', 'lesson', 'mini_booklet', 'practice_set', 'quick_explainer', 'quiz', 'worksheet']"}
{"timestamp": "2026-08-11T16:35:55.339645+00:00", "level": "INFO", "logger": "planning.whole_lesson.worker", "message": "Native execution worker started worker_id=native-d181fe4b4923"}
{"timestamp": "2026-08-11T16:35:58.753401+00:00", "level": "INFO", "logger": "http", "message": "GET /openapi.json -> 200", "request_id": "9ae0240c", "status_code": 200}
{"timestamp": "2026-08-11T16:35:59.354301+00:00", "level": "INFO", "logger": "http", "message": "GET /api/v1/v3/chunked/5222366a-8308-43e6-bb6c-4e4a0697f1d9/status -> 200", "request_id": "001865b5", "status_code": 200}
{"timestamp": "2026-08-11T16:35:59.540877+00:00", "level": "INFO", "logger": "http", "message": "GET /api/v1/v3/generations/5222366a-8308-43e6-bb6c-4e4a0697f1d9/document -> 200", "request_id": "c41536a0", "status_code": 200}
{"timestamp": "2026-08-11T16:35:59.629370+00:00", "level": "INFO", "logger": "http", "message": "GET /api/v1/v3/generations/5222366a-8308-43e6-bb6c-4e4a0697f1d9/document -> 200", "request_id": "2aa57833", "status_code": 200}
{"timestamp": "2026-08-11T16:36:03.082933+00:00", "level": "INFO", "logger": "http", "message": "GET /api/v1/v3/chunked/5222366a-8308-43e6-bb6c-4e4a0697f1d9/status -> 200", "request_id": "c2adcfe8", "status_code": 200}
{"timestamp": "2026-08-11T16:36:03.189798+00:00", "level": "INFO", "logger": "http", "message": "GET /api/v1/v3/generations/5222366a-8308-43e6-bb6c-4e4a0697f1d9/document -> 200", "request_id": "f4b756aa", "status_code": 200}
{"timestamp": "2026-08-11T16:36:03.289777+00:00", "level": "INFO", "logger": "http", "message": "GET /api/v1/v3/generations/5222366a-8308-43e6-bb6c-4e4a0697f1d9/document -> 200", "request_id": "f7b23516", "status_code": 200}
{"timestamp": "2026-08-11T16:36:06.342366+00:00", "level": "INFO", "logger": "http", "message": "GET /api/v1/auth/me -> 200", "request_id": "f283aef3", "status_code": 200}
{"timestamp": "2026-08-11T16:36:06.538050+00:00", "level": "INFO", "logger": "http", "message": "GET /api/v1/v3/chunked/5222366a-8308-43e6-bb6c-4e4a0697f1d9/plan -> 200", "request_id": "45797bb6", "status_code": 200}
{"timestamp": "2026-08-11T16:36:06.578427+00:00", "level": "INFO", "logger": "http", "message": "GET /api/v1/v3/chunked/5222366a-8308-43e6-bb6c-4e4a0697f1d9/status -> 200", "request_id": "9cc910c6", "status_code": 200}
{"timestamp": "2026-08-11T16:36:06.698562+00:00", "level": "INFO", "logger": "http", "message": "GET /api/v1/v3/generations/5222366a-8308-43e6-bb6c-4e4a0697f1d9/document -> 200", "request_id": "2a0597b9", "status_code": 200}
{"timestamp": "2026-08-11T16:36:06.803377+00:00", "level": "INFO", "logger": "http", "message": "GET /api/v1/v3/generations/5222366a-8308-43e6-bb6c-4e4a0697f1d9/document -> 200", "request_id": "18431621", "status_code": 200}
{"timestamp": "2026-08-11T16:36:10.814097+00:00", "level": "INFO", "logger": "http", "message": "GET /api/v1/v3/chunked/5222366a-8308-43e6-bb6c-4e4a0697f1d9/status -> 200", "request_id": "e8ba0423", "status_code": 200}
{"timestamp": "2026-08-11T16:36:10.988353+00:00", "level": "INFO", "logger": "http", "message": "GET /api/v1/v3/generations/5222366a-8308-43e6-bb6c-4e4a0697f1d9/document -> 200", "request_id": "0cf4138d", "status_code": 200}
{"timestamp": "2026-08-11T16:36:11.107246+00:00", "level": "INFO", "logger": "http", "message": "GET /api/v1/v3/generations/5222366a-8308-43e6-bb6c-4e4a0697f1d9/document -> 200", "request_id": "c82c4f8c", "status_code": 200}
{"timestamp": "2026-08-11T16:36:14.801366+00:00", "level": "INFO", "logger": "http", "message": "GET /api/v1/v3/chunked/5222366a-8308-43e6-bb6c-4e4a0697f1d9/status -> 200", "request_id": "bcaedc28", "status_code": 200}
{"timestamp": "2026-08-11T16:36:14.885928+00:00", "level": "INFO", "logger": "http", "message": "GET /api/v1/v3/generations/5222366a-8308-43e6-bb6c-4e4a0697f1d9/document -> 200", "request_id": "a8b93f82", "status_code": 200}
{"timestamp": "2026-08-11T16:36:14.969901+00:00", "level": "INFO", "logger": "http", "message": "GET /api/v1/v3/generations/5222366a-8308-43e6-bb6c-4e4a0697f1d9/document -> 200", "request_id": "ec316ff2", "status_code": 200}
{"timestamp": "2026-08-11T16:36:15.640014+00:00", "level": "INFO", "logger": "v3_execution.executors.visual_executor", "message": "v3 visual request constructed", "generation_id": "5222366a-8308-43e6-bb6c-4e4a0697f1d9", "node_name": "visual_executor"}
{"timestamp": "2026-08-11T16:36:15.641081+00:00", "level": "INFO", "logger": "media.providers.xai_image_client", "message": "xai image request start", "node_name": "visual_executor"}
{"timestamp": "2026-08-11T16:36:15.817487+00:00", "level": "DEBUG", "logger": "httpcore.connection", "message": "connect_tcp.started host='api.x.ai' port=443 local_address=None timeout=120.0 socket_options=None"}
{"timestamp": "2026-08-11T16:36:16.081875+00:00", "level": "DEBUG", "logger": "httpcore.connection", "message": "connect_tcp.complete return_value=<httpcore._backends.anyio.AnyIOStream object at 0x0000021D745B07D0>"}
{"timestamp": "2026-08-11T16:36:16.081875+00:00", "level": "DEBUG", "logger": "httpcore.connection", "message": "start_tls.started ssl_context=<ssl.SSLContext object at 0x0000021D745C3AD0> server_hostname='api.x.ai' timeout=120.0"}
{"timestamp": "2026-08-11T16:36:16.270008+00:00", "level": "DEBUG", "logger": "httpcore.connection", "message": "start_tls.complete return_value=<httpcore._backends.anyio.AnyIOStream object at 0x0000021D74536ED0>"}
{"timestamp": "2026-08-11T16:36:16.270008+00:00", "level": "DEBUG", "logger": "httpcore.http11", "message": "send_request_headers.started request=<Request [b'POST']>"}
{"timestamp": "2026-08-11T16:36:16.274884+00:00", "level": "DEBUG", "logger": "httpcore.http11", "message": "send_request_headers.complete"}
{"timestamp": "2026-08-11T16:36:16.274884+00:00", "level": "DEBUG", "logger": "httpcore.http11", "message": "send_request_body.started request=<Request [b'POST']>"}
{"timestamp": "2026-08-11T16:36:16.277530+00:00", "level": "DEBUG", "logger": "httpcore.http11", "message": "send_request_body.complete"}
{"timestamp": "2026-08-11T16:36:16.277530+00:00", "level": "DEBUG", "logger": "httpcore.http11", "message": "receive_response_headers.started request=<Request [b'POST']>"}
{"timestamp": "2026-08-11T16:36:17.626562+00:00", "level": "DEBUG", "logger": "httpcore.http11", "message": "receive_response_headers.complete return_value=(b'HTTP/1.1', 400, b'Bad Request', [(b'Date', b'Tue, 11 Aug 2026 16:36:16 GMT'), (b'Content-Type', b'application/json'), (b'Content-Length', b'94'), (b'Connection', b'keep-alive'), (b'x-request-id', b'4e08cd8c-cf43-9ee2-951f-691341eb8c9b'), (b'Strict-Transport-Security', b'max-age=31536000'), (b'x-zero-data-retention', b'false'), (b'x-data-retention', b'general'), (b'set-cookie', b'__cf_bm=uGY7X8o2zjXsmxd7kh0_d64Y.5hlZRYveuCXMByGhrk-1786466175.5422554-1.0.1.1-6ele9a5WNnnPCV.9rK9JyNPM4IeOMJu07TH1.yECUHJ21GnOb_lGi8dyy3k.L7P4GwAfStfKqYTwjOq1GcYcnxtgzBd8fdFBokBrY9tBy55DwjiKXJsOaJx6ea7zWhWP; HttpOnly; SameSite=None; Secure; Path=/; Domain=x.ai; Expires=Tue, 11 Aug 2026 17:06:16 GMT'), (b'vary', b'origin, access-control-request-method, access-control-request-headers'), (b'access-control-allow-origin', b'*'), (b'access-control-expose-headers', b'*'), (b'cf-cache-status', b'DYNAMIC'), (b'Server', b'cloudflare'), (b'CF-RAY', b'a298a87d2c4be173-MRS')])"}
{"timestamp": "2026-08-11T16:36:17.628695+00:00", "level": "INFO", "logger": "httpx", "message": "HTTP Request: POST https://api.x.ai/v1/images/generations \"HTTP/1.1 400 Bad Request\""}
{"timestamp": "2026-08-11T16:36:17.629849+00:00", "level": "DEBUG", "logger": "httpcore.http11", "message": "receive_response_body.started request=<Request [b'POST']>"}
{"timestamp": "2026-08-11T16:36:17.630681+00:00", "level": "DEBUG", "logger": "httpcore.http11", "message": "receive_response_body.complete"}
{"timestamp": "2026-08-11T16:36:17.630681+00:00", "level": "DEBUG", "logger": "httpcore.http11", "message": "response_closed.started"}
{"timestamp": "2026-08-11T16:36:17.631993+00:00", "level": "DEBUG", "logger": "httpcore.http11", "message": "response_closed.complete"}
{"timestamp": "2026-08-11T16:36:17.634114+00:00", "level": "DEBUG", "logger": "httpcore.connection", "message": "close.started"}
{"timestamp": "2026-08-11T16:36:17.634980+00:00", "level": "DEBUG", "logger": "httpcore.connection", "message": "close.complete"}
{"timestamp": "2026-08-11T16:36:17.636026+00:00", "level": "ERROR", "logger": "media.providers.xai_image_client", "message": "xai image request failed", "node_name": "visual_executor", "status_code": 400, "exception": "Traceback (most recent call last):\n  File \"C:\\Projects\\lectio\\apps\\textbook-agent\\backend\\src\\media\\providers\\xai_image_client.py\", line 86, in _call_api\n    response.raise_for_status()\n  File \"C:\\Projects\\lectio\\apps\\textbook-agent\\backend\\.venv\\Lib\\site-packages\\httpx\\_models.py\", line 829, in raise_for_status\n    raise HTTPStatusError(message, request=request, response=self)\nhttpx.HTTPStatusError: Client error '400 Bad Request' for url 'https://api.x.ai/v1/images/generations'\nFor more information check: https://developer.mozilla.org/en-US/docs/Web/HTTP/Status/400"}
{"timestamp": "2026-08-11T16:36:17.672641+00:00", "level": "ERROR", "logger": "v3_execution.executors.visual_executor", "message": "v3 visual execution failed", "generation_id": "5222366a-8308-43e6-bb6c-4e4a0697f1d9", "node_name": "visual_executor"}
{"timestamp": "2026-08-11T16:36:17.675550+00:00", "level": "INFO", "logger": "v3_execution.executors.visual_executor", "message": "v3 visual request constructed", "generation_id": "5222366a-8308-43e6-bb6c-4e4a0697f1d9", "node_name": "visual_executor"}
{"timestamp": "2026-08-11T16:36:17.676501+00:00", "level": "INFO", "logger": "media.providers.xai_image_client", "message": "xai image request start", "node_name": "visual_executor"}
{"timestamp": "2026-08-11T16:36:17.714381+00:00", "level": "DEBUG", "logger": "httpcore.connection", "message": "connect_tcp.started host='api.x.ai' port=443 local_address=None timeout=120.0 socket_options=None"}
{"timestamp": "2026-08-11T16:36:17.853556+00:00", "level": "DEBUG", "logger": "httpcore.connection", "message": "connect_tcp.complete return_value=<httpcore._backends.anyio.AnyIOStream object at 0x0000021D746B07D0>"}
{"timestamp": "2026-08-11T16:36:17.855578+00:00", "level": "DEBUG", "logger": "httpcore.connection", "message": "start_tls.started ssl_context=<ssl.SSLContext object at 0x0000021D7461A840> server_hostname='api.x.ai' timeout=120.0"}
{"timestamp": "2026-08-11T16:36:18.100972+00:00", "level": "DEBUG", "logger": "httpcore.connection", "message": "start_tls.complete return_value=<httpcore._backends.anyio.AnyIOStream object at 0x0000021D746B0B90>"}
{"timestamp": "2026-08-11T16:36:18.105147+00:00", "level": "DEBUG", "logger": "httpcore.http11", "message": "send_request_headers.started request=<Request [b'POST']>"}
{"timestamp": "2026-08-11T16:36:18.107657+00:00", "level": "DEBUG", "logger": "httpcore.http11", "message": "send_request_headers.complete"}
{"timestamp": "2026-08-11T16:36:18.107657+00:00", "level": "DEBUG", "logger": "httpcore.http11", "message": "send_request_body.started request=<Request [b'POST']>"}
{"timestamp": "2026-08-11T16:36:18.109765+00:00", "level": "DEBUG", "logger": "httpcore.http11", "message": "send_request_body.complete"}
{"timestamp": "2026-08-11T16:36:18.110072+00:00", "level": "DEBUG", "logger": "httpcore.http11", "message": "receive_response_headers.started request=<Request [b'POST']>"}
{"timestamp": "2026-08-11T16:36:18.792962+00:00", "level": "INFO", "logger": "http", "message": "GET /api/v1/v3/chunked/5222366a-8308-43e6-bb6c-4e4a0697f1d9/status -> 200", "request_id": "1cdcaa6f", "status_code": 200}
{"timestamp": "2026-08-11T16:36:18.886529+00:00", "level": "INFO", "logger": "http", "message": "GET /api/v1/v3/generations/5222366a-8308-43e6-bb6c-4e4a0697f1d9/document -> 200", "request_id": "ec8a195e", "status_code": 200}
{"timestamp": "2026-08-11T16:36:18.973559+00:00", "level": "INFO", "logger": "http", "message": "GET /api/v1/v3/generations/5222366a-8308-43e6-bb6c-4e4a0697f1d9/document -> 200", "request_id": "b7214092", "status_code": 200}
{"timestamp": "2026-08-11T16:36:19.665895+00:00", "level": "DEBUG", "logger": "httpcore.http11", "message": "receive_response_headers.complete return_value=(b'HTTP/1.1', 400, b'Bad Request', [(b'Date', b'Tue, 11 Aug 2026 16:36:18 GMT'), (b'Content-Type', b'application/json'), (b'Content-Length', b'94'), (b'Connection', b'keep-alive'), (b'x-request-id', b'78c4f685-37e3-9b64-94b2-44d37ee68048'), (b'Strict-Transport-Security', b'max-age=31536000'), (b'x-zero-data-retention', b'false'), (b'x-data-retention', b'general'), (b'set-cookie', b'__cf_bm=KcJb8a0q5PmfkjrKBquQbzRI3Rb6xAsMFqhxqX.9ezM-1786466177.4795928-1.0.1.1-TyJur3RLKX9EAjjAxrsnfQStQm7T2ilLro2Pzs8F_CqocH6bIwv_etKMt.i2fEMSe8BcDlFc9oz009FbHvjcNebetsReVhX7ensf1LVZdUTokNEZQjdGQvqyHiLJ9UY.; HttpOnly; SameSite=None; Secure; Path=/; Domain=x.ai; Expires=Tue, 11 Aug 2026 17:06:18 GMT'), (b'vary', b'origin, access-control-request-method, access-control-request-headers'), (b'access-control-allow-origin', b'*'), (b'access-control-expose-headers', b'*'), (b'cf-cache-status', b'DYNAMIC'), (b'Server', b'cloudflare'), (b'CF-RAY', b'a298a8893c80e1bc-MRS')])"}
{"timestamp": "2026-08-11T16:36:19.671658+00:00", "level": "INFO", "logger": "httpx", "message": "HTTP Request: POST https://api.x.ai/v1/images/generations \"HTTP/1.1 400 Bad Request\""}
{"timestamp": "2026-08-11T16:36:19.671658+00:00", "level": "DEBUG", "logger": "httpcore.http11", "message": "receive_response_body.started request=<Request [b'POST']>"}
{"timestamp": "2026-08-11T16:36:19.673209+00:00", "level": "DEBUG", "logger": "httpcore.http11", "message": "receive_response_body.complete"}
{"timestamp": "2026-08-11T16:36:19.673718+00:00", "level": "DEBUG", "logger": "httpcore.http11", "message": "response_closed.started"}
{"timestamp": "2026-08-11T16:36:19.673718+00:00", "level": "DEBUG", "logger": "httpcore.http11", "message": "response_closed.complete"}
{"timestamp": "2026-08-11T16:36:19.673718+00:00", "level": "DEBUG", "logger": "httpcore.connection", "message": "close.started"}
{"timestamp": "2026-08-11T16:36:19.676457+00:00", "level": "DEBUG", "logger": "httpcore.connection", "message": "close.complete"}
{"timestamp": "2026-08-11T16:36:19.676457+00:00", "level": "ERROR", "logger": "media.providers.xai_image_client", "message": "xai image request failed", "node_name": "visual_executor", "status_code": 400, "exception": "Traceback (most recent call last):\n  File \"C:\\Projects\\lectio\\apps\\textbook-agent\\backend\\src\\media\\providers\\xai_image_client.py\", line 86, in _call_api\n    response.raise_for_status()\n  File \"C:\\Projects\\lectio\\apps\\textbook-agent\\backend\\.venv\\Lib\\site-packages\\httpx\\_models.py\", line 829, in raise_for_status\n    raise HTTPStatusError(message, request=request, response=self)\nhttpx.HTTPStatusError: Client error '400 Bad Request' for url 'https://api.x.ai/v1/images/generations'\nFor more information check: https://developer.mozilla.org/en-US/docs/Web/HTTP/Status/400"}
{"timestamp": "2026-08-11T16:36:19.679876+00:00", "level": "ERROR", "logger": "v3_execution.executors.visual_executor", "message": "v3 visual execution failed", "generation_id": "5222366a-8308-43e6-bb6c-4e4a0697f1d9", "node_name": "visual_executor"}
{"timestamp": "2026-08-11T16:36:19.680883+00:00", "level": "ERROR", "logger": "v3_execution.executors.visual_executor", "message": "v3 visual failed block error_message set", "generation_id": "5222366a-8308-43e6-bb6c-4e4a0697f1d9", "node_name": "visual_executor"}
{"timestamp": "2026-08-11T16:36:19.918095+00:00", "level": "INFO", "logger": "http", "message": "POST /api/v1/v3/generations/5222366a-8308-43e6-bb6c-4e4a0697f1d9/visuals/retry -> 200", "request_id": "a93211b8", "status_code": 200}
{"timestamp": "2026-08-11T16:36:20.019210+00:00", "level": "INFO", "logger": "http", "message": "GET /api/v1/v3/chunked/5222366a-8308-43e6-bb6c-4e4a0697f1d9/status -> 200", "request_id": "d1a0508f", "status_code": 200}
{"timestamp": "2026-08-11T16:36:20.103828+00:00", "level": "INFO", "logger": "http", "message": "GET /api/v1/v3/generations/5222366a-8308-43e6-bb6c-4e4a0697f1d9/document -> 200", "request_id": "4225f0e7", "status_code": 200}
{"timestamp": "2026-08-11T16:36:22.873883+00:00", "level": "INFO", "logger": "http", "message": "GET /api/v1/v3/chunked/5222366a-8308-43e6-bb6c-4e4a0697f1d9/status -> 200", "request_id": "83979b3e", "status_code": 200}
{"timestamp": "2026-08-11T16:36:22.970479+00:00", "level": "INFO", "logger": "http", "message": "GET /api/v1/v3/generations/5222366a-8308-43e6-bb6c-4e4a0697f1d9/document -> 200", "request_id": "ea49b8cb", "status_code": 200}
{"timestamp": "2026-08-11T16:36:23.036329+00:00", "level": "INFO", "logger": "http", "message": "GET /api/v1/v3/generations/5222366a-8308-43e6-bb6c-4e4a0697f1d9/document -> 200", "request_id": "bd26135d", "status_code": 200}
{"timestamp": "2026-08-11T16:36:26.791059+00:00", "level": "INFO", "logger": "http", "message": "GET /api/v1/v3/chunked/5222366a-8308-43e6-bb6c-4e4a0697f1d9/status -> 200", "request_id": "3e39d03f", "status_code": 200}
{"timestamp": "2026-08-11T16:36:27.008371+00:00", "level": "INFO", "logger": "http", "message": "GET /api/v1/v3/generations/5222366a-8308-43e6-bb6c-4e4a0697f1d9/document -> 200", "request_id": "5e32df6c", "status_code": 200}
{"timestamp": "2026-08-11T16:36:27.176114+00:00", "level": "INFO", "logger": "http", "message": "GET /api/v1/v3/generations/5222366a-8308-43e6-bb6c-4e4a0697f1d9/document -> 200", "request_id": "2df3b537", "status_code": 200}
{"timestamp": "2026-08-11T16:36:30.800808+00:00", "level": "INFO", "logger": "http", "message": "GET /api/v1/v3/chunked/5222366a-8308-43e6-bb6c-4e4a0697f1d9/status -> 200", "request_id": "19786044", "status_code": 200}
{"timestamp": "2026-08-11T16:36:30.934262+00:00", "level": "INFO", "logger": "http", "message": "GET /api/v1/v3/generations/5222366a-8308-43e6-bb6c-4e4a0697f1d9/document -> 200", "request_id": "3a108da8", "status_code": 200}
{"timestamp": "2026-08-11T16:36:31.071509+00:00", "level": "INFO", "logger": "http", "message": "GET /api/v1/v3/generations/5222366a-8308-43e6-bb6c-4e4a0697f1d9/document -> 200", "request_id": "a77ee379", "status_code": 200}
{"timestamp": "2026-08-11T16:36:34.793575+00:00", "level": "INFO", "logger": "http", "message": "GET /api/v1/v3/chunked/5222366a-8308-43e6-bb6c-4e4a0697f1d9/status -> 200", "request_id": "7e61e449", "status_code": 200}
{"timestamp": "2026-08-11T16:36:34.894450+00:00", "level": "INFO", "logger": "http", "message": "GET /api/v1/v3/generations/5222366a-8308-43e6-bb6c-4e4a0697f1d9/document -> 200", "request_id": "74345efa", "status_code": 200}
{"timestamp": "2026-08-11T16:36:34.989241+00:00", "level": "INFO", "logger": "http", "message": "GET /api/v1/v3/generations/5222366a-8308-43e6-bb6c-4e4a0697f1d9/document -> 200", "request_id": "cc4480ac", "status_code": 200}
{"timestamp": "2026-08-11T16:36:38.785336+00:00", "level": "INFO", "logger": "http", "message": "GET /api/v1/v3/chunked/5222366a-8308-43e6-bb6c-4e4a0697f1d9/status -> 200", "request_id": "705dbfa7", "status_code": 200}
{"timestamp": "2026-08-11T16:36:38.906196+00:00", "level": "INFO", "logger": "http", "message": "GET /api/v1/v3/generations/5222366a-8308-43e6-bb6c-4e4a0697f1d9/document -> 200", "request_id": "c9b0f6b4", "status_code": 200}
{"timestamp": "2026-08-11T16:36:39.018815+00:00", "level": "INFO", "logger": "http", "message": "GET /api/v1/v3/generations/5222366a-8308-43e6-bb6c-4e4a0697f1d9/document -> 200", "request_id": "5fb1ad18", "status_code": 200}
{"timestamp": "2026-08-11T16:36:42.871662+00:00", "level": "INFO", "logger": "http", "message": "GET /api/v1/v3/chunked/5222366a-8308-43e6-bb6c-4e4a0697f1d9/status -> 200", "request_id": "bc71665e", "status_code": 200}
{"timestamp": "2026-08-11T16:36:42.968176+00:00", "level": "INFO", "logger": "http", "message": "GET /api/v1/v3/generations/5222366a-8308-43e6-bb6c-4e4a0697f1d9/document -> 200", "request_id": "099c0f89", "status_code": 200}
{"timestamp": "2026-08-11T16:36:43.050416+00:00", "level": "INFO", "logger": "http", "message": "GET /api/v1/v3/generations/5222366a-8308-43e6-bb6c-4e4a0697f1d9/document -> 200", "request_id": "8fd5ea17", "status_code": 200}
{"timestamp": "2026-08-11T16:36:46.801081+00:00", "level": "INFO", "logger": "http", "message": "GET /api/v1/v3/chunked/5222366a-8308-43e6-bb6c-4e4a0697f1d9/status -> 200", "request_id": "a389e8a2", "status_code": 200}
{"timestamp": "2026-08-11T16:36:46.905007+00:00", "level": "INFO", "logger": "http", "message": "GET /api/v1/v3/generations/5222366a-8308-43e6-bb6c-4e4a0697f1d9/document -> 200", "request_id": "da16e1f0", "status_code": 200}
{"timestamp": "2026-08-11T16:36:46.989434+00:00", "level": "INFO", "logger": "http", "message": "GET /api/v1/v3/generations/5222366a-8308-43e6-bb6c-4e4a0697f1d9/document -> 200", "request_id": "8413b1b0", "status_code": 200}
{"timestamp": "2026-08-11T16:36:50.788897+00:00", "level": "INFO", "logger": "http", "message": "GET /api/v1/v3/chunked/5222366a-8308-43e6-bb6c-4e4a0697f1d9/status -> 200", "request_id": "cebfa02b", "status_code": 200}
{"timestamp": "2026-08-11T16:36:50.878188+00:00", "level": "INFO", "logger": "http", "message": "GET /api/v1/v3/generations/5222366a-8308-43e6-bb6c-4e4a0697f1d9/document -> 200", "request_id": "15df4518", "status_code": 200}
{"timestamp": "2026-08-11T16:36:50.967137+00:00", "level": "INFO", "logger": "http", "message": "GET /api/v1/v3/generations/5222366a-8308-43e6-bb6c-4e4a0697f1d9/document -> 200", "request_id": "2254458c", "status_code": 200}
{"timestamp": "2026-08-11T16:36:54.832945+00:00", "level": "INFO", "logger": "http", "message": "GET /api/v1/v3/chunked/5222366a-8308-43e6-bb6c-4e4a0697f1d9/status -> 200", "request_id": "75a120c8", "status_code": 200}
{"timestamp": "2026-08-11T16:36:54.951452+00:00", "level": "INFO", "logger": "http", "message": "GET /api/v1/v3/generations/5222366a-8308-43e6-bb6c-4e4a0697f1d9/document -> 200", "request_id": "97ddd5bb", "status_code": 200}
{"timestamp": "2026-08-11T16:36:55.069758+00:00", "level": "INFO", "logger": "http", "message": "GET /api/v1/v3/generations/5222366a-8308-43e6-bb6c-4e4a0697f1d9/document -> 200", "request_id": "9f62188e", "status_code": 200}
{"timestamp": "2026-08-11T16:36:58.798884+00:00", "level": "INFO", "logger": "http", "message": "GET /api/v1/v3/chunked/5222366a-8308-43e6-bb6c-4e4a0697f1d9/status -> 200", "request_id": "7efaf898", "status_code": 200}
{"timestamp": "2026-08-11T16:36:58.893572+00:00", "level": "INFO", "logger": "http", "message": "GET /api/v1/v3/generations/5222366a-8308-43e6-bb6c-4e4a0697f1d9/document -> 200", "request_id": "d7ea728b", "status_code": 200}
{"timestamp": "2026-08-11T16:36:58.995393+00:00", "level": "INFO", "logger": "http", "message": "GET /api/v1/v3/generations/5222366a-8308-43e6-bb6c-4e4a0697f1d9/document -> 200", "request_id": "30437b2e", "status_code": 200}
{"timestamp": "2026-08-11T16:37:02.863025+00:00", "level": "INFO", "logger": "http", "message": "GET /api/v1/v3/chunked/5222366a-8308-43e6-bb6c-4e4a0697f1d9/status -> 200", "request_id": "bab96cec", "status_code": 200}
{"timestamp": "2026-08-11T16:37:02.946909+00:00", "level": "INFO", "logger": "http", "message": "GET /api/v1/v3/generations/5222366a-8308-43e6-bb6c-4e4a0697f1d9/document -> 200", "request_id": "29bd8798", "status_code": 200}
{"timestamp": "2026-08-11T16:37:03.025574+00:00", "level": "INFO", "logger": "http", "message": "GET /api/v1/v3/generations/5222366a-8308-43e6-bb6c-4e4a0697f1d9/document -> 200", "request_id": "72692e60", "status_code": 200}
{"timestamp": "2026-08-11T16:37:06.808432+00:00", "level": "INFO", "logger": "http", "message": "GET /api/v1/v3/chunked/5222366a-8308-43e6-bb6c-4e4a0697f1d9/status -> 200", "request_id": "2436ed6d", "status_code": 200}
{"timestamp": "2026-08-11T16:37:06.896669+00:00", "level": "INFO", "logger": "http", "message": "GET /api/v1/v3/generations/5222366a-8308-43e6-bb6c-4e4a0697f1d9/document -> 200", "request_id": "e4c94de2", "status_code": 200}
{"timestamp": "2026-08-11T16:37:06.982352+00:00", "level": "INFO", "logger": "http", "message": "GET /api/v1/v3/generations/5222366a-8308-43e6-bb6c-4e4a0697f1d9/document -> 200", "request_id": "e324e8dc", "status_code": 200}
{"timestamp": "2026-08-11T16:37:10.797982+00:00", "level": "INFO", "logger": "http", "message": "GET /api/v1/v3/chunked/5222366a-8308-43e6-bb6c-4e4a0697f1d9/status -> 200", "request_id": "2bb67b16", "status_code": 200}
{"timestamp": "2026-08-11T16:37:10.891038+00:00", "level": "INFO", "logger": "http", "message": "GET /api/v1/v3/generations/5222366a-8308-43e6-bb6c-4e4a0697f1d9/document -> 200", "request_id": "5e029215", "status_code": 200}
{"timestamp": "2026-08-11T16:37:10.983200+00:00", "level": "INFO", "logger": "http", "message": "GET /api/v1/v3/generations/5222366a-8308-43e6-bb6c-4e4a0697f1d9/document -> 200", "request_id": "487b2a29", "status_code": 200}
{"timestamp": "2026-08-11T16:37:14.796905+00:00", "level": "INFO", "logger": "http", "message": "GET /api/v1/v3/chunked/5222366a-8308-43e6-bb6c-4e4a0697f1d9/status -> 200", "request_id": "0474fae7", "status_code": 200}
{"timestamp": "2026-08-11T16:37:14.876594+00:00", "level": "INFO", "logger": "http", "message": "GET /api/v1/v3/generations/5222366a-8308-43e6-bb6c-4e4a0697f1d9/document -> 200", "request_id": "a26bcdc1", "status_code": 200}
{"timestamp": "2026-08-11T16:37:14.960081+00:00", "level": "INFO", "logger": "http", "message": "GET /api/v1/v3/generations/5222366a-8308-43e6-bb6c-4e4a0697f1d9/document -> 200", "request_id": "e8e64f44", "status_code": 200}
{"timestamp": "2026-08-11T16:37:18.796164+00:00", "level": "INFO", "logger": "http", "message": "GET /api/v1/v3/chunked/5222366a-8308-43e6-bb6c-4e4a0697f1d9/status -> 200", "request_id": "da526662", "status_code": 200}
{"timestamp": "2026-08-11T16:37:18.875360+00:00", "level": "INFO", "logger": "http", "message": "GET /api/v1/v3/generations/5222366a-8308-43e6-bb6c-4e4a0697f1d9/document -> 200", "request_id": "e90980dc", "status_code": 200}
{"timestamp": "2026-08-11T16:37:18.950280+00:00", "level": "INFO", "logger": "http", "message": "GET /api/v1/v3/generations/5222366a-8308-43e6-bb6c-4e4a0697f1d9/document -> 200", "request_id": "c74abe27", "status_code": 200}
{"timestamp": "2026-08-11T16:37:22.827904+00:00", "level": "INFO", "logger": "http", "message": "GET /api/v1/v3/chunked/5222366a-8308-43e6-bb6c-4e4a0697f1d9/status -> 200", "request_id": "4c4d4caa", "status_code": 200}
{"timestamp": "2026-08-11T16:37:22.959743+00:00", "level": "INFO", "logger": "http", "message": "GET /api/v1/v3/generations/5222366a-8308-43e6-bb6c-4e4a0697f1d9/document -> 200", "request_id": "94b098f0", "status_code": 200}
{"timestamp": "2026-08-11T16:37:23.049585+00:00", "level": "INFO", "logger": "http", "message": "GET /api/v1/v3/generations/5222366a-8308-43e6-bb6c-4e4a0697f1d9/document -> 200", "request_id": "9bb30c69", "status_code": 200}
{"timestamp": "2026-08-11T16:37:26.808637+00:00", "level": "INFO", "logger": "http", "message": "GET /api/v1/v3/chunked/5222366a-8308-43e6-bb6c-4e4a0697f1d9/status -> 200", "request_id": "d463f939", "status_code": 200}
{"timestamp": "2026-08-11T16:37:26.930075+00:00", "level": "INFO", "logger": "http", "message": "GET /api/v1/v3/generations/5222366a-8308-43e6-bb6c-4e4a0697f1d9/document -> 200", "request_id": "3b76a8e0", "status_code": 200}
{"timestamp": "2026-08-11T16:37:27.082680+00:00", "level": "INFO", "logger": "http", "message": "GET /api/v1/v3/generations/5222366a-8308-43e6-bb6c-4e4a0697f1d9/document -> 200", "request_id": "7cc895f4", "status_code": 200}
{"timestamp": "2026-08-11T16:37:30.807786+00:00", "level": "INFO", "logger": "http", "message": "GET /api/v1/v3/chunked/5222366a-8308-43e6-bb6c-4e4a0697f1d9/status -> 200", "request_id": "6b5d7eb6", "status_code": 200}
{"timestamp": "2026-08-11T16:37:30.895225+00:00", "level": "INFO", "logger": "http", "message": "GET /api/v1/v3/generations/5222366a-8308-43e6-bb6c-4e4a0697f1d9/document -> 200", "request_id": "f4dce823", "status_code": 200}
{"timestamp": "2026-08-11T16:37:30.980336+00:00", "level": "INFO", "logger": "http", "message": "GET /api/v1/v3/generations/5222366a-8308-43e6-bb6c-4e4a0697f1d9/document -> 200", "request_id": "f2b4d428", "status_code": 200}
{"timestamp": "2026-08-11T16:37:32.279139+00:00", "level": "INFO", "logger": "http", "message": "GET /images/5222366a-8308-43e6-bb6c-4e4a0697f1d9/model-b1/fig-req-3ccbfe47cfcc7888e7766ab1.png -> 200", "request_id": "cca7e77b", "status_code": 200}
{"timestamp": "2026-08-11T16:37:34.833807+00:00", "level": "INFO", "logger": "http", "message": "GET /api/v1/v3/chunked/5222366a-8308-43e6-bb6c-4e4a0697f1d9/status -> 200", "request_id": "fef2ff9e", "status_code": 200}
{"timestamp": "2026-08-11T16:37:34.941386+00:00", "level": "INFO", "logger": "http", "message": "GET /api/v1/v3/generations/5222366a-8308-43e6-bb6c-4e4a0697f1d9/document -> 200", "request_id": "620be896", "status_code": 200}
{"timestamp": "2026-08-11T16:37:35.094727+00:00", "level": "INFO", "logger": "http", "message": "GET /api/v1/v3/generations/5222366a-8308-43e6-bb6c-4e4a0697f1d9/document -> 200", "request_id": "c3c5ec82", "status_code": 200}
{"timestamp": "2026-08-11T16:37:38.861804+00:00", "level": "INFO", "logger": "http", "message": "GET /api/v1/v3/chunked/5222366a-8308-43e6-bb6c-4e4a0697f1d9/status -> 200", "request_id": "62a5c769", "status_code": 200}
{"timestamp": "2026-08-11T16:37:38.978666+00:00", "level": "INFO", "logger": "http", "message": "GET /api/v1/v3/generations/5222366a-8308-43e6-bb6c-4e4a0697f1d9/document -> 200", "request_id": "e0eedf27", "status_code": 200}
{"timestamp": "2026-08-11T16:37:39.077886+00:00", "level": "INFO", "logger": "http", "message": "GET /api/v1/v3/generations/5222366a-8308-43e6-bb6c-4e4a0697f1d9/document -> 200", "request_id": "a38ec52c", "status_code": 200}
{"timestamp": "2026-08-11T16:37:42.830774+00:00", "level": "INFO", "logger": "http", "message": "GET /api/v1/v3/chunked/5222366a-8308-43e6-bb6c-4e4a0697f1d9/status -> 200", "request_id": "55ede550", "status_code": 200}
{"timestamp": "2026-08-11T16:37:42.989905+00:00", "level": "INFO", "logger": "http", "message": "GET /api/v1/v3/generations/5222366a-8308-43e6-bb6c-4e4a0697f1d9/document -> 200", "request_id": "e0d4a862", "status_code": 200}
{"timestamp": "2026-08-11T16:37:43.078392+00:00", "level": "INFO", "logger": "http", "message": "GET /api/v1/v3/generations/5222366a-8308-43e6-bb6c-4e4a0697f1d9/document -> 200", "request_id": "f15e5ab0", "status_code": 200}
{"timestamp": "2026-08-11T16:37:46.825502+00:00", "level": "INFO", "logger": "http", "message": "GET /api/v1/v3/chunked/5222366a-8308-43e6-bb6c-4e4a0697f1d9/status -> 200", "request_id": "61642d77", "status_code": 200}
{"timestamp": "2026-08-11T16:37:46.949617+00:00", "level": "INFO", "logger": "http", "message": "GET /api/v1/v3/generations/5222366a-8308-43e6-bb6c-4e4a0697f1d9/document -> 200", "request_id": "e9172e93", "status_code": 200}
{"timestamp": "2026-08-11T16:37:47.042967+00:00", "level": "INFO", "logger": "http", "message": "GET /api/v1/v3/generations/5222366a-8308-43e6-bb6c-4e4a0697f1d9/document -> 200", "request_id": "f1b48ba1", "status_code": 200}
{"timestamp": "2026-08-11T16:37:50.785666+00:00", "level": "INFO", "logger": "http", "message": "GET /api/v1/v3/chunked/5222366a-8308-43e6-bb6c-4e4a0697f1d9/status -> 200", "request_id": "6a99c8c1", "status_code": 200}
{"timestamp": "2026-08-11T16:37:50.878293+00:00", "level": "INFO", "logger": "http", "message": "GET /api/v1/v3/generations/5222366a-8308-43e6-bb6c-4e4a0697f1d9/document -> 200", "request_id": "7b8e157a", "status_code": 200}
{"timestamp": "2026-08-11T16:37:50.965572+00:00", "level": "INFO", "logger": "http", "message": "GET /api/v1/v3/generations/5222366a-8308-43e6-bb6c-4e4a0697f1d9/document -> 200", "request_id": "b88fbfd9", "status_code": 200}
{"timestamp": "2026-08-11T16:37:54.803893+00:00", "level": "INFO", "logger": "http", "message": "GET /api/v1/v3/chunked/5222366a-8308-43e6-bb6c-4e4a0697f1d9/status -> 200", "request_id": "7d1d2286", "status_code": 200}
{"timestamp": "2026-08-11T16:37:54.889463+00:00", "level": "INFO", "logger": "http", "message": "GET /api/v1/v3/generations/5222366a-8308-43e6-bb6c-4e4a0697f1d9/document -> 200", "request_id": "b6f74c18", "status_code": 200}
{"timestamp": "2026-08-11T16:37:54.982770+00:00", "level": "INFO", "logger": "http", "message": "GET /api/v1/v3/generations/5222366a-8308-43e6-bb6c-4e4a0697f1d9/document -> 200", "request_id": "aca6b416", "status_code": 200}
{"timestamp": "2026-08-11T16:37:58.806898+00:00", "level": "INFO", "logger": "http", "message": "GET /api/v1/v3/chunked/5222366a-8308-43e6-bb6c-4e4a0697f1d9/status -> 200", "request_id": "09690585", "status_code": 200}
{"timestamp": "2026-08-11T16:37:58.906252+00:00", "level": "INFO", "logger": "http", "message": "GET /api/v1/v3/generations/5222366a-8308-43e6-bb6c-4e4a0697f1d9/document -> 200", "request_id": "10a44937", "status_code": 200}
{"timestamp": "2026-08-11T16:37:58.998451+00:00", "level": "INFO", "logger": "http", "message": "GET /api/v1/v3/generations/5222366a-8308-43e6-bb6c-4e4a0697f1d9/document -> 200", "request_id": "41b2ca2a", "status_code": 200}
{"timestamp": "2026-08-11T16:38:02.839171+00:00", "level": "INFO", "logger": "http", "message": "GET /api/v1/v3/chunked/5222366a-8308-43e6-bb6c-4e4a0697f1d9/status -> 200", "request_id": "e96484ef", "status_code": 200}
{"timestamp": "2026-08-11T16:38:03.000448+00:00", "level": "INFO", "logger": "http", "message": "GET /api/v1/v3/generations/5222366a-8308-43e6-bb6c-4e4a0697f1d9/document -> 200", "request_id": "0c7ff110", "status_code": 200}
{"timestamp": "2026-08-11T16:38:03.104539+00:00", "level": "INFO", "logger": "http", "message": "GET /api/v1/v3/generations/5222366a-8308-43e6-bb6c-4e4a0697f1d9/document -> 200", "request_id": "bee4afd1", "status_code": 200}
{"timestamp": "2026-08-11T16:38:06.792179+00:00", "level": "INFO", "logger": "http", "message": "GET /api/v1/v3/chunked/5222366a-8308-43e6-bb6c-4e4a0697f1d9/status -> 200", "request_id": "f19109e8", "status_code": 200}
{"timestamp": "2026-08-11T16:38:06.871677+00:00", "level": "INFO", "logger": "http", "message": "GET /api/v1/v3/generations/5222366a-8308-43e6-bb6c-4e4a0697f1d9/document -> 200", "request_id": "03bc490e", "status_code": 200}
{"timestamp": "2026-08-11T16:38:06.955752+00:00", "level": "INFO", "logger": "http", "message": "GET /api/v1/v3/generations/5222366a-8308-43e6-bb6c-4e4a0697f1d9/document -> 200", "request_id": "8684ef5d", "status_code": 200}
{"timestamp": "2026-08-11T16:38:10.797051+00:00", "level": "INFO", "logger": "http", "message": "GET /api/v1/v3/chunked/5222366a-8308-43e6-bb6c-4e4a0697f1d9/status -> 200", "request_id": "820ad060", "status_code": 200}
{"timestamp": "2026-08-11T16:38:10.891494+00:00", "level": "INFO", "logger": "http", "message": "GET /api/v1/v3/generations/5222366a-8308-43e6-bb6c-4e4a0697f1d9/document -> 200", "request_id": "f242ebab", "status_code": 200}
{"timestamp": "2026-08-11T16:38:10.980229+00:00", "level": "INFO", "logger": "http", "message": "GET /api/v1/v3/generations/5222366a-8308-43e6-bb6c-4e4a0697f1d9/document -> 200", "request_id": "c70a7962", "status_code": 200}
{"timestamp": "2026-08-11T16:38:14.784840+00:00", "level": "INFO", "logger": "http", "message": "GET /api/v1/v3/chunked/5222366a-8308-43e6-bb6c-4e4a0697f1d9/status -> 200", "request_id": "a0b1c118", "status_code": 200}
{"timestamp": "2026-08-11T16:38:14.866584+00:00", "level": "INFO", "logger": "http", "message": "GET /api/v1/v3/generations/5222366a-8308-43e6-bb6c-4e4a0697f1d9/document -> 200", "request_id": "28f33d8c", "status_code": 200}
{"timestamp": "2026-08-11T16:38:14.946965+00:00", "level": "INFO", "logger": "http", "message": "GET /api/v1/v3/generations/5222366a-8308-43e6-bb6c-4e4a0697f1d9/document -> 200", "request_id": "b066bb50", "status_code": 200}
{"timestamp": "2026-08-11T16:38:18.788913+00:00", "level": "INFO", "logger": "http", "message": "GET /api/v1/v3/chunked/5222366a-8308-43e6-bb6c-4e4a0697f1d9/status -> 200", "request_id": "b8ecac56", "status_code": 200}
{"timestamp": "2026-08-11T16:38:18.878678+00:00", "level": "INFO", "logger": "http", "message": "GET /api/v1/v3/generations/5222366a-8308-43e6-bb6c-4e4a0697f1d9/document -> 200", "request_id": "5210e8a4", "status_code": 200}
{"timestamp": "2026-08-11T16:38:18.959258+00:00", "level": "INFO", "logger": "http", "message": "GET /api/v1/v3/generations/5222366a-8308-43e6-bb6c-4e4a0697f1d9/document -> 200", "request_id": "a593697c", "status_code": 200}
{"timestamp": "2026-08-11T16:38:22.801344+00:00", "level": "INFO", "logger": "http", "message": "GET /api/v1/v3/chunked/5222366a-8308-43e6-bb6c-4e4a0697f1d9/status -> 200", "request_id": "6f3f529a", "status_code": 200}
{"timestamp": "2026-08-11T16:38:22.951624+00:00", "level": "INFO", "logger": "http", "message": "GET /api/v1/v3/generations/5222366a-8308-43e6-bb6c-4e4a0697f1d9/document -> 200", "request_id": "82575b2b", "status_code": 200}
{"timestamp": "2026-08-11T16:38:23.064083+00:00", "level": "INFO", "logger": "http", "message": "GET /api/v1/v3/generations/5222366a-8308-43e6-bb6c-4e4a0697f1d9/document -> 200", "request_id": "9ddeb67b", "status_code": 200}
{"timestamp": "2026-08-11T16:38:26.780972+00:00", "level": "INFO", "logger": "http", "message": "GET /api/v1/v3/chunked/5222366a-8308-43e6-bb6c-4e4a0697f1d9/status -> 200", "request_id": "f3703c9c", "status_code": 200}
{"timestamp": "2026-08-11T16:38:26.867078+00:00", "level": "INFO", "logger": "http", "message": "GET /api/v1/v3/generations/5222366a-8308-43e6-bb6c-4e4a0697f1d9/document -> 200", "request_id": "336ed411", "status_code": 200}
{"timestamp": "2026-08-11T16:38:26.947120+00:00", "level": "INFO", "logger": "http", "message": "GET /api/v1/v3/generations/5222366a-8308-43e6-bb6c-4e4a0697f1d9/document -> 200", "request_id": "ec506680", "status_code": 200}
{"timestamp": "2026-08-11T16:38:30.791188+00:00", "level": "INFO", "logger": "http", "message": "GET /api/v1/v3/chunked/5222366a-8308-43e6-bb6c-4e4a0697f1d9/status -> 200", "request_id": "0ac222db", "status_code": 200}
{"timestamp": "2026-08-11T16:38:30.864321+00:00", "level": "INFO", "logger": "http", "message": "GET /api/v1/v3/generations/5222366a-8308-43e6-bb6c-4e4a0697f1d9/document -> 200", "request_id": "961f9e20", "status_code": 200}
{"timestamp": "2026-08-11T16:38:30.941788+00:00", "level": "INFO", "logger": "http", "message": "GET /api/v1/v3/generations/5222366a-8308-43e6-bb6c-4e4a0697f1d9/document -> 200", "request_id": "d984b92c", "status_code": 200}
{"timestamp": "2026-08-11T16:38:34.795492+00:00", "level": "INFO", "logger": "http", "message": "GET /api/v1/v3/chunked/5222366a-8308-43e6-bb6c-4e4a0697f1d9/status -> 200", "request_id": "1f3cd0be", "status_code": 200}
{"timestamp": "2026-08-11T16:38:34.878850+00:00", "level": "INFO", "logger": "http", "message": "GET /api/v1/v3/generations/5222366a-8308-43e6-bb6c-4e4a0697f1d9/document -> 200", "request_id": "27c332d0", "status_code": 200}
{"timestamp": "2026-08-11T16:38:34.963167+00:00", "level": "INFO", "logger": "http", "message": "GET /api/v1/v3/generations/5222366a-8308-43e6-bb6c-4e4a0697f1d9/document -> 200", "request_id": "aa0e6309", "status_code": 200}
{"timestamp": "2026-08-11T16:38:38.796448+00:00", "level": "INFO", "logger": "http", "message": "GET /api/v1/v3/chunked/5222366a-8308-43e6-bb6c-4e4a0697f1d9/status -> 200", "request_id": "6b89fee3", "status_code": 200}
{"timestamp": "2026-08-11T16:38:38.902450+00:00", "level": "INFO", "logger": "http", "message": "GET /api/v1/v3/generations/5222366a-8308-43e6-bb6c-4e4a0697f1d9/document -> 200", "request_id": "a9f6549f", "status_code": 200}
{"timestamp": "2026-08-11T16:38:38.993901+00:00", "level": "INFO", "logger": "http", "message": "GET /api/v1/v3/generations/5222366a-8308-43e6-bb6c-4e4a0697f1d9/document -> 200", "request_id": "75727bba", "status_code": 200}
{"timestamp": "2026-08-11T16:38:42.825461+00:00", "level": "INFO", "logger": "http", "message": "GET /api/v1/v3/chunked/5222366a-8308-43e6-bb6c-4e4a0697f1d9/status -> 200", "request_id": "f3dec109", "status_code": 200}
{"timestamp": "2026-08-11T16:38:42.960969+00:00", "level": "INFO", "logger": "http", "message": "GET /api/v1/v3/generations/5222366a-8308-43e6-bb6c-4e4a0697f1d9/document -> 200", "request_id": "7a91e692", "status_code": 200}
{"timestamp": "2026-08-11T16:38:43.057959+00:00", "level": "INFO", "logger": "http", "message": "GET /api/v1/v3/generations/5222366a-8308-43e6-bb6c-4e4a0697f1d9/document -> 200", "request_id": "89577e87", "status_code": 200}
{"timestamp": "2026-08-11T16:38:46.795672+00:00", "level": "INFO", "logger": "http", "message": "GET /api/v1/v3/chunked/5222366a-8308-43e6-bb6c-4e4a0697f1d9/status -> 200", "request_id": "55fa1687", "status_code": 200}
{"timestamp": "2026-08-11T16:38:46.912242+00:00", "level": "INFO", "logger": "http", "message": "GET /api/v1/v3/generations/5222366a-8308-43e6-bb6c-4e4a0697f1d9/document -> 200", "request_id": "265e5700", "status_code": 200}
{"timestamp": "2026-08-11T16:38:47.037694+00:00", "level": "INFO", "logger": "http", "message": "GET /api/v1/v3/generations/5222366a-8308-43e6-bb6c-4e4a0697f1d9/document -> 200", "request_id": "fd2f5dae", "status_code": 200}
{"timestamp": "2026-08-11T16:38:50.794336+00:00", "level": "INFO", "logger": "http", "message": "GET /api/v1/v3/chunked/5222366a-8308-43e6-bb6c-4e4a0697f1d9/status -> 200", "request_id": "ff83f5f2", "status_code": 200}
{"timestamp": "2026-08-11T16:38:50.882359+00:00", "level": "INFO", "logger": "http", "message": "GET /api/v1/v3/generations/5222366a-8308-43e6-bb6c-4e4a0697f1d9/document -> 200", "request_id": "a68cf725", "status_code": 200}
{"timestamp": "2026-08-11T16:38:50.962712+00:00", "level": "INFO", "logger": "http", "message": "GET /api/v1/v3/generations/5222366a-8308-43e6-bb6c-4e4a0697f1d9/document -> 200", "request_id": "205a3a80", "status_code": 200}
{"timestamp": "2026-08-11T16:38:54.802981+00:00", "level": "INFO", "logger": "http", "message": "GET /api/v1/v3/chunked/5222366a-8308-43e6-bb6c-4e4a0697f1d9/status -> 200", "request_id": "9dce30d1", "status_code": 200}
{"timestamp": "2026-08-11T16:38:54.896150+00:00", "level": "INFO", "logger": "http", "message": "GET /api/v1/v3/generations/5222366a-8308-43e6-bb6c-4e4a0697f1d9/document -> 200", "request_id": "b137d66c", "status_code": 200}
{"timestamp": "2026-08-11T16:38:54.984003+00:00", "level": "INFO", "logger": "http", "message": "GET /api/v1/v3/generations/5222366a-8308-43e6-bb6c-4e4a0697f1d9/document -> 200", "request_id": "1a95e526", "status_code": 200}
{"timestamp": "2026-08-11T16:38:58.808192+00:00", "level": "INFO", "logger": "http", "message": "GET /api/v1/v3/chunked/5222366a-8308-43e6-bb6c-4e4a0697f1d9/status -> 200", "request_id": "55a9ea8d", "status_code": 200}
{"timestamp": "2026-08-11T16:38:58.898480+00:00", "level": "INFO", "logger": "http", "message": "GET /api/v1/v3/generations/5222366a-8308-43e6-bb6c-4e4a0697f1d9/document -> 200", "request_id": "92413c8b", "status_code": 200}
{"timestamp": "2026-08-11T16:38:58.984757+00:00", "level": "INFO", "logger": "http", "message": "GET /api/v1/v3/generations/5222366a-8308-43e6-bb6c-4e4a0697f1d9/document -> 200", "request_id": "07e075e5", "status_code": 200}
{"timestamp": "2026-08-11T16:39:02.803797+00:00", "level": "INFO", "logger": "http", "message": "GET /api/v1/v3/chunked/5222366a-8308-43e6-bb6c-4e4a0697f1d9/status -> 200", "request_id": "57f37941", "status_code": 200}
{"timestamp": "2026-08-11T16:39:02.891283+00:00", "level": "INFO", "logger": "http", "message": "GET /api/v1/v3/generations/5222366a-8308-43e6-bb6c-4e4a0697f1d9/document -> 200", "request_id": "e467d529", "status_code": 200}
{"timestamp": "2026-08-11T16:39:02.977451+00:00", "level": "INFO", "logger": "http", "message": "GET /api/v1/v3/generations/5222366a-8308-43e6-bb6c-4e4a0697f1d9/document -> 200", "request_id": "9417c1ec", "status_code": 200}
{"timestamp": "2026-08-11T16:39:06.789752+00:00", "level": "INFO", "logger": "http", "message": "GET /api/v1/v3/chunked/5222366a-8308-43e6-bb6c-4e4a0697f1d9/status -> 200", "request_id": "21c504dd", "status_code": 200}
{"timestamp": "2026-08-11T16:39:06.875888+00:00", "level": "INFO", "logger": "http", "message": "GET /api/v1/v3/generations/5222366a-8308-43e6-bb6c-4e4a0697f1d9/document -> 200", "request_id": "b9420dcc", "status_code": 200}
{"timestamp": "2026-08-11T16:39:06.963860+00:00", "level": "INFO", "logger": "http", "message": "GET /api/v1/v3/generations/5222366a-8308-43e6-bb6c-4e4a0697f1d9/document -> 200", "request_id": "aac1fa17", "status_code": 200}
{"timestamp": "2026-08-11T16:39:10.784817+00:00", "level": "INFO", "logger": "http", "message": "GET /api/v1/v3/chunked/5222366a-8308-43e6-bb6c-4e4a0697f1d9/status -> 200", "request_id": "0bd1102b", "status_code": 200}
{"timestamp": "2026-08-11T16:39:10.878667+00:00", "level": "INFO", "logger": "http", "message": "GET /api/v1/v3/generations/5222366a-8308-43e6-bb6c-4e4a0697f1d9/document -> 200", "request_id": "892cbb35", "status_code": 200}
{"timestamp": "2026-08-11T16:39:10.975590+00:00", "level": "INFO", "logger": "http", "message": "GET /api/v1/v3/generations/5222366a-8308-43e6-bb6c-4e4a0697f1d9/document -> 200", "request_id": "c8272c7d", "status_code": 200}
{"timestamp": "2026-08-11T16:39:14.779498+00:00", "level": "INFO", "logger": "http", "message": "GET /api/v1/v3/chunked/5222366a-8308-43e6-bb6c-4e4a0697f1d9/status -> 200", "request_id": "b8061f60", "status_code": 200}
{"timestamp": "2026-08-11T16:39:14.895411+00:00", "level": "INFO", "logger": "http", "message": "GET /api/v1/v3/generations/5222366a-8308-43e6-bb6c-4e4a0697f1d9/document -> 200", "request_id": "b4951f67", "status_code": 200}
{"timestamp": "2026-08-11T16:39:14.981116+00:00", "level": "INFO", "logger": "http", "message": "GET /api/v1/v3/generations/5222366a-8308-43e6-bb6c-4e4a0697f1d9/document -> 200", "request_id": "be793d96", "status_code": 200}
{"timestamp": "2026-08-11T16:39:18.812841+00:00", "level": "INFO", "logger": "http", "message": "GET /api/v1/v3/chunked/5222366a-8308-43e6-bb6c-4e4a0697f1d9/status -> 200", "request_id": "195463ec", "status_code": 200}
{"timestamp": "2026-08-11T16:39:18.935248+00:00", "level": "INFO", "logger": "http", "message": "GET /api/v1/v3/generations/5222366a-8308-43e6-bb6c-4e4a0697f1d9/document -> 200", "request_id": "3736982a", "status_code": 200}
{"timestamp": "2026-08-11T16:39:19.022452+00:00", "level": "INFO", "logger": "http", "message": "GET /api/v1/v3/generations/5222366a-8308-43e6-bb6c-4e4a0697f1d9/document -> 200", "request_id": "a35d6f01", "status_code": 200}
{"timestamp": "2026-08-11T16:39:22.908138+00:00", "level": "INFO", "logger": "http", "message": "GET /api/v1/v3/chunked/5222366a-8308-43e6-bb6c-4e4a0697f1d9/status -> 200", "request_id": "76e7fee1", "status_code": 200}
{"timestamp": "2026-08-11T16:39:23.173947+00:00", "level": "INFO", "logger": "http", "message": "GET /api/v1/v3/generations/5222366a-8308-43e6-bb6c-4e4a0697f1d9/document -> 200", "request_id": "45b31d07", "status_code": 200}
{"timestamp": "2026-08-11T16:39:23.336083+00:00", "level": "INFO", "logger": "http", "message": "GET /api/v1/v3/generations/5222366a-8308-43e6-bb6c-4e4a0697f1d9/document -> 200", "request_id": "946b24ce", "status_code": 200}
{"timestamp": "2026-08-11T16:39:26.803023+00:00", "level": "INFO", "logger": "http", "message": "GET /api/v1/v3/chunked/5222366a-8308-43e6-bb6c-4e4a0697f1d9/status -> 200", "request_id": "a38cb2be", "status_code": 200}
{"timestamp": "2026-08-11T16:39:26.906433+00:00", "level": "INFO", "logger": "http", "message": "GET /api/v1/v3/generations/5222366a-8308-43e6-bb6c-4e4a0697f1d9/document -> 200", "request_id": "a1d754d6", "status_code": 200}
{"timestamp": "2026-08-11T16:39:27.008450+00:00", "level": "INFO", "logger": "http", "message": "GET /api/v1/v3/generations/5222366a-8308-43e6-bb6c-4e4a0697f1d9/document -> 200", "request_id": "9f8ec13b", "status_code": 200}
{"timestamp": "2026-08-11T16:39:30.801553+00:00", "level": "INFO", "logger": "http", "message": "GET /api/v1/v3/chunked/5222366a-8308-43e6-bb6c-4e4a0697f1d9/status -> 200", "request_id": "37f995db", "status_code": 200}
{"timestamp": "2026-08-11T16:39:30.882168+00:00", "level": "INFO", "logger": "http", "message": "GET /api/v1/v3/generations/5222366a-8308-43e6-bb6c-4e4a0697f1d9/document -> 200", "request_id": "c3c86704", "status_code": 200}
{"timestamp": "2026-08-11T16:39:30.960565+00:00", "level": "INFO", "logger": "http", "message": "GET /api/v1/v3/generations/5222366a-8308-43e6-bb6c-4e4a0697f1d9/document -> 200", "request_id": "674175de", "status_code": 200}
{"timestamp": "2026-08-11T16:39:34.805341+00:00", "level": "INFO", "logger": "http", "message": "GET /api/v1/v3/chunked/5222366a-8308-43e6-bb6c-4e4a0697f1d9/status -> 200", "request_id": "ebabf298", "status_code": 200}
{"timestamp": "2026-08-11T16:39:34.897631+00:00", "level": "INFO", "logger": "http", "message": "GET /api/v1/v3/generations/5222366a-8308-43e6-bb6c-4e4a0697f1d9/document -> 200", "request_id": "d81ee24b", "status_code": 200}
{"timestamp": "2026-08-11T16:39:34.978393+00:00", "level": "INFO", "logger": "http", "message": "GET /api/v1/v3/generations/5222366a-8308-43e6-bb6c-4e4a0697f1d9/document -> 200", "request_id": "5fa07fb3", "status_code": 200}
{"timestamp": "2026-08-11T16:39:38.787068+00:00", "level": "INFO", "logger": "http", "message": "GET /api/v1/v3/chunked/5222366a-8308-43e6-bb6c-4e4a0697f1d9/status -> 200", "request_id": "3b4f677c", "status_code": 200}
{"timestamp": "2026-08-11T16:39:38.927818+00:00", "level": "INFO", "logger": "http", "message": "GET /api/v1/v3/generations/5222366a-8308-43e6-bb6c-4e4a0697f1d9/document -> 200", "request_id": "b96d27b4", "status_code": 200}
{"timestamp": "2026-08-11T16:39:39.008084+00:00", "level": "INFO", "logger": "http", "message": "GET /api/v1/v3/generations/5222366a-8308-43e6-bb6c-4e4a0697f1d9/document -> 200", "request_id": "428e5a8a", "status_code": 200}
{"timestamp": "2026-08-11T16:39:42.819036+00:00", "level": "INFO", "logger": "http", "message": "GET /api/v1/v3/chunked/5222366a-8308-43e6-bb6c-4e4a0697f1d9/status -> 200", "request_id": "24db8f73", "status_code": 200}
{"timestamp": "2026-08-11T16:39:42.950344+00:00", "level": "INFO", "logger": "http", "message": "GET /api/v1/v3/generations/5222366a-8308-43e6-bb6c-4e4a0697f1d9/document -> 200", "request_id": "9ef193d9", "status_code": 200}
{"timestamp": "2026-08-11T16:39:43.043414+00:00", "level": "INFO", "logger": "http", "message": "GET /api/v1/v3/generations/5222366a-8308-43e6-bb6c-4e4a0697f1d9/document -> 200", "request_id": "e59983cd", "status_code": 200}
{"timestamp": "2026-08-11T16:39:46.799663+00:00", "level": "INFO", "logger": "http", "message": "GET /api/v1/v3/chunked/5222366a-8308-43e6-bb6c-4e4a0697f1d9/status -> 200", "request_id": "5ebc0cc7", "status_code": 200}
{"timestamp": "2026-08-11T16:39:46.879468+00:00", "level": "INFO", "logger": "http", "message": "GET /api/v1/v3/generations/5222366a-8308-43e6-bb6c-4e4a0697f1d9/document -> 200", "request_id": "9746f51c", "status_code": 200}
{"timestamp": "2026-08-11T16:39:46.963123+00:00", "level": "INFO", "logger": "http", "message": "GET /api/v1/v3/generations/5222366a-8308-43e6-bb6c-4e4a0697f1d9/document -> 200", "request_id": "9296fde0", "status_code": 200}
{"timestamp": "2026-08-11T16:39:50.793789+00:00", "level": "INFO", "logger": "http", "message": "GET /api/v1/v3/chunked/5222366a-8308-43e6-bb6c-4e4a0697f1d9/status -> 200", "request_id": "da636a77", "status_code": 200}
{"timestamp": "2026-08-11T16:39:50.911352+00:00", "level": "INFO", "logger": "http", "message": "GET /api/v1/v3/generations/5222366a-8308-43e6-bb6c-4e4a0697f1d9/document -> 200", "request_id": "c9b9a2a8", "status_code": 200}
{"timestamp": "2026-08-11T16:39:50.992999+00:00", "level": "INFO", "logger": "http", "message": "GET /api/v1/v3/generations/5222366a-8308-43e6-bb6c-4e4a0697f1d9/document -> 200", "request_id": "65e35a7d", "status_code": 200}
{"timestamp": "2026-08-11T16:39:54.894691+00:00", "level": "INFO", "logger": "http", "message": "GET /api/v1/v3/chunked/5222366a-8308-43e6-bb6c-4e4a0697f1d9/status -> 200", "request_id": "42a2bcb4", "status_code": 200}
{"timestamp": "2026-08-11T16:39:54.989065+00:00", "level": "INFO", "logger": "http", "message": "GET /api/v1/v3/generations/5222366a-8308-43e6-bb6c-4e4a0697f1d9/document -> 200", "request_id": "e7644292", "status_code": 200}
{"timestamp": "2026-08-11T16:39:55.071953+00:00", "level": "INFO", "logger": "http", "message": "GET /api/v1/v3/generations/5222366a-8308-43e6-bb6c-4e4a0697f1d9/document -> 200", "request_id": "557e5ebb", "status_code": 200}
{"timestamp": "2026-08-11T16:39:58.793250+00:00", "level": "INFO", "logger": "http", "message": "GET /api/v1/v3/chunked/5222366a-8308-43e6-bb6c-4e4a0697f1d9/status -> 200", "request_id": "39028e1c", "status_code": 200}
{"timestamp": "2026-08-11T16:39:58.878427+00:00", "level": "INFO", "logger": "http", "message": "GET /api/v1/v3/generations/5222366a-8308-43e6-bb6c-4e4a0697f1d9/document -> 200", "request_id": "a184ab6d", "status_code": 200}
{"timestamp": "2026-08-11T16:39:58.965901+00:00", "level": "INFO", "logger": "http", "message": "GET /api/v1/v3/generations/5222366a-8308-43e6-bb6c-4e4a0697f1d9/document -> 200", "request_id": "2676794e", "status_code": 200}
{"timestamp": "2026-08-11T16:40:02.831651+00:00", "level": "INFO", "logger": "http", "message": "GET /api/v1/v3/chunked/5222366a-8308-43e6-bb6c-4e4a0697f1d9/status -> 200", "request_id": "e9102b00", "status_code": 200}
{"timestamp": "2026-08-11T16:40:02.959815+00:00", "level": "INFO", "logger": "http", "message": "GET /api/v1/v3/generations/5222366a-8308-43e6-bb6c-4e4a0697f1d9/document -> 200", "request_id": "1368228d", "status_code": 200}
{"timestamp": "2026-08-11T16:40:03.176699+00:00", "level": "INFO", "logger": "http", "message": "GET /api/v1/v3/generations/5222366a-8308-43e6-bb6c-4e4a0697f1d9/document -> 200", "request_id": "77eee3e3", "status_code": 200}
{"timestamp": "2026-08-11T16:40:06.801707+00:00", "level": "INFO", "logger": "http", "message": "GET /api/v1/v3/chunked/5222366a-8308-43e6-bb6c-4e4a0697f1d9/status -> 200", "request_id": "e193759e", "status_code": 200}
{"timestamp": "2026-08-11T16:40:06.883697+00:00", "level": "INFO", "logger": "http", "message": "GET /api/v1/v3/generations/5222366a-8308-43e6-bb6c-4e4a0697f1d9/document -> 200", "request_id": "a6f8eedc", "status_code": 200}
{"timestamp": "2026-08-11T16:40:06.972833+00:00", "level": "INFO", "logger": "http", "message": "GET /api/v1/v3/generations/5222366a-8308-43e6-bb6c-4e4a0697f1d9/document -> 200", "request_id": "0f90329e", "status_code": 200}
{"timestamp": "2026-08-11T16:40:10.835297+00:00", "level": "INFO", "logger": "http", "message": "GET /api/v1/v3/chunked/5222366a-8308-43e6-bb6c-4e4a0697f1d9/status -> 200", "request_id": "6de21d0a", "status_code": 200}
{"timestamp": "2026-08-11T16:40:10.979827+00:00", "level": "INFO", "logger": "http", "message": "GET /api/v1/v3/generations/5222366a-8308-43e6-bb6c-4e4a0697f1d9/document -> 200", "request_id": "37d9f5cf", "status_code": 200}
{"timestamp": "2026-08-11T16:40:11.088158+00:00", "level": "INFO", "logger": "http", "message": "GET /api/v1/v3/generations/5222366a-8308-43e6-bb6c-4e4a0697f1d9/document -> 200", "request_id": "93853431", "status_code": 200}
{"timestamp": "2026-08-11T16:40:14.817278+00:00", "level": "INFO", "logger": "http", "message": "GET /api/v1/v3/chunked/5222366a-8308-43e6-bb6c-4e4a0697f1d9/status -> 200", "request_id": "09255371", "status_code": 200}
{"timestamp": "2026-08-11T16:40:14.922819+00:00", "level": "INFO", "logger": "http", "message": "GET /api/v1/v3/generations/5222366a-8308-43e6-bb6c-4e4a0697f1d9/document -> 200", "request_id": "1e16a12c", "status_code": 200}
{"timestamp": "2026-08-11T16:40:15.016240+00:00", "level": "INFO", "logger": "http", "message": "GET /api/v1/v3/generations/5222366a-8308-43e6-bb6c-4e4a0697f1d9/document -> 200", "request_id": "3188e403", "status_code": 200}
{"timestamp": "2026-08-11T16:40:18.797548+00:00", "level": "INFO", "logger": "http", "message": "GET /api/v1/v3/chunked/5222366a-8308-43e6-bb6c-4e4a0697f1d9/status -> 200", "request_id": "081c15d5", "status_code": 200}
{"timestamp": "2026-08-11T16:40:18.900180+00:00", "level": "INFO", "logger": "http", "message": "GET /api/v1/v3/generations/5222366a-8308-43e6-bb6c-4e4a0697f1d9/document -> 200", "request_id": "cde866f2", "status_code": 200}
{"timestamp": "2026-08-11T16:40:18.993559+00:00", "level": "INFO", "logger": "http", "message": "GET /api/v1/v3/generations/5222366a-8308-43e6-bb6c-4e4a0697f1d9/document -> 200", "request_id": "727fbc0b", "status_code": 200}
{"timestamp": "2026-08-11T16:40:22.800922+00:00", "level": "INFO", "logger": "http", "message": "GET /api/v1/v3/chunked/5222366a-8308-43e6-bb6c-4e4a0697f1d9/status -> 200", "request_id": "48d1775b", "status_code": 200}
{"timestamp": "2026-08-11T16:40:22.926113+00:00", "level": "INFO", "logger": "http", "message": "GET /api/v1/v3/generations/5222366a-8308-43e6-bb6c-4e4a0697f1d9/document -> 200", "request_id": "4406e1b9", "status_code": 200}
{"timestamp": "2026-08-11T16:40:23.074366+00:00", "level": "INFO", "logger": "http", "message": "GET /api/v1/v3/generations/5222366a-8308-43e6-bb6c-4e4a0697f1d9/document -> 200", "request_id": "f554aec0", "status_code": 200}
{"timestamp": "2026-08-11T16:40:26.805960+00:00", "level": "INFO", "logger": "http", "message": "GET /api/v1/v3/chunked/5222366a-8308-43e6-bb6c-4e4a0697f1d9/status -> 200", "request_id": "88625bcb", "status_code": 200}
{"timestamp": "2026-08-11T16:40:26.909300+00:00", "level": "INFO", "logger": "http", "message": "GET /api/v1/v3/generations/5222366a-8308-43e6-bb6c-4e4a0697f1d9/document -> 200", "request_id": "218c5315", "status_code": 200}
{"timestamp": "2026-08-11T16:40:27.015371+00:00", "level": "INFO", "logger": "http", "message": "GET /api/v1/v3/generations/5222366a-8308-43e6-bb6c-4e4a0697f1d9/document -> 200", "request_id": "396fe6b0", "status_code": 200}
{"timestamp": "2026-08-11T16:40:30.806202+00:00", "level": "INFO", "logger": "http", "message": "GET /api/v1/v3/chunked/5222366a-8308-43e6-bb6c-4e4a0697f1d9/status -> 200", "request_id": "cea82fc2", "status_code": 200}
{"timestamp": "2026-08-11T16:40:30.900988+00:00", "level": "INFO", "logger": "http", "message": "GET /api/v1/v3/generations/5222366a-8308-43e6-bb6c-4e4a0697f1d9/document -> 200", "request_id": "956483a7", "status_code": 200}
{"timestamp": "2026-08-11T16:40:30.982156+00:00", "level": "INFO", "logger": "http", "message": "GET /api/v1/v3/generations/5222366a-8308-43e6-bb6c-4e4a0697f1d9/document -> 200", "request_id": "115154c8", "status_code": 200}
{"timestamp": "2026-08-11T16:40:34.807832+00:00", "level": "INFO", "logger": "http", "message": "GET /api/v1/v3/chunked/5222366a-8308-43e6-bb6c-4e4a0697f1d9/status -> 200", "request_id": "48aa5a86", "status_code": 200}
{"timestamp": "2026-08-11T16:40:34.912037+00:00", "level": "INFO", "logger": "http", "message": "GET /api/v1/v3/generations/5222366a-8308-43e6-bb6c-4e4a0697f1d9/document -> 200", "request_id": "f6542c8a", "status_code": 200}
{"timestamp": "2026-08-11T16:40:35.001015+00:00", "level": "INFO", "logger": "http", "message": "GET /api/v1/v3/generations/5222366a-8308-43e6-bb6c-4e4a0697f1d9/document -> 200", "request_id": "502d04da", "status_code": 200}
{"timestamp": "2026-08-11T16:40:38.800578+00:00", "level": "INFO", "logger": "http", "message": "GET /api/v1/v3/chunked/5222366a-8308-43e6-bb6c-4e4a0697f1d9/status -> 200", "request_id": "6c9d946c", "status_code": 200}
{"timestamp": "2026-08-11T16:40:38.888117+00:00", "level": "INFO", "logger": "http", "message": "GET /api/v1/v3/generations/5222366a-8308-43e6-bb6c-4e4a0697f1d9/document -> 200", "request_id": "247342f5", "status_code": 200}
{"timestamp": "2026-08-11T16:40:38.975245+00:00", "level": "INFO", "logger": "http", "message": "GET /api/v1/v3/generations/5222366a-8308-43e6-bb6c-4e4a0697f1d9/document -> 200", "request_id": "8d2fe0a9", "status_code": 200}
{"timestamp": "2026-08-11T16:40:42.803930+00:00", "level": "INFO", "logger": "http", "message": "GET /api/v1/v3/chunked/5222366a-8308-43e6-bb6c-4e4a0697f1d9/status -> 200", "request_id": "3f733e84", "status_code": 200}
{"timestamp": "2026-08-11T16:40:42.934943+00:00", "level": "INFO", "logger": "http", "message": "GET /api/v1/v3/generations/5222366a-8308-43e6-bb6c-4e4a0697f1d9/document -> 200", "request_id": "a41faecb", "status_code": 200}
{"timestamp": "2026-08-11T16:40:43.116648+00:00", "level": "INFO", "logger": "http", "message": "GET /api/v1/v3/generations/5222366a-8308-43e6-bb6c-4e4a0697f1d9/document -> 200", "request_id": "1ee388cd", "status_code": 200}
{"timestamp": "2026-08-11T16:40:46.811865+00:00", "level": "INFO", "logger": "http", "message": "GET /api/v1/v3/chunked/5222366a-8308-43e6-bb6c-4e4a0697f1d9/status -> 200", "request_id": "67a55835", "status_code": 200}
{"timestamp": "2026-08-11T16:40:46.928405+00:00", "level": "INFO", "logger": "http", "message": "GET /api/v1/v3/generations/5222366a-8308-43e6-bb6c-4e4a0697f1d9/document -> 200", "request_id": "97f5f1b9", "status_code": 200}
{"timestamp": "2026-08-11T16:40:47.077758+00:00", "level": "INFO", "logger": "http", "message": "GET /api/v1/v3/generations/5222366a-8308-43e6-bb6c-4e4a0697f1d9/document -> 200", "request_id": "e05c9d65", "status_code": 200}
{"timestamp": "2026-08-11T16:40:50.822075+00:00", "level": "INFO", "logger": "http", "message": "GET /api/v1/v3/chunked/5222366a-8308-43e6-bb6c-4e4a0697f1d9/status -> 200", "request_id": "4dfbcf40", "status_code": 200}
{"timestamp": "2026-08-11T16:40:50.934137+00:00", "level": "INFO", "logger": "http", "message": "GET /api/v1/v3/generations/5222366a-8308-43e6-bb6c-4e4a0697f1d9/document -> 200", "request_id": "e2a0ebc1", "status_code": 200}
{"timestamp": "2026-08-11T16:40:51.037844+00:00", "level": "INFO", "logger": "http", "message": "GET /api/v1/v3/generations/5222366a-8308-43e6-bb6c-4e4a0697f1d9/document -> 200", "request_id": "d2bf064b", "status_code": 200}
{"timestamp": "2026-08-11T16:40:54.914310+00:00", "level": "INFO", "logger": "http", "message": "GET /api/v1/v3/chunked/5222366a-8308-43e6-bb6c-4e4a0697f1d9/status -> 200", "request_id": "1b0bdb71", "status_code": 200}
{"timestamp": "2026-08-11T16:40:55.019606+00:00", "level": "INFO", "logger": "http", "message": "GET /api/v1/v3/generations/5222366a-8308-43e6-bb6c-4e4a0697f1d9/document -> 200", "request_id": "59137345", "status_code": 200}
{"timestamp": "2026-08-11T16:40:55.105978+00:00", "level": "INFO", "logger": "http", "message": "GET /api/v1/v3/generations/5222366a-8308-43e6-bb6c-4e4a0697f1d9/document -> 200", "request_id": "73d50fa2", "status_code": 200}
{"timestamp": "2026-08-11T16:40:58.820343+00:00", "level": "INFO", "logger": "http", "message": "GET /api/v1/v3/chunked/5222366a-8308-43e6-bb6c-4e4a0697f1d9/status -> 200", "request_id": "4b9fd58c", "status_code": 200}
{"timestamp": "2026-08-11T16:40:58.919748+00:00", "level": "INFO", "logger": "http", "message": "GET /api/v1/v3/generations/5222366a-8308-43e6-bb6c-4e4a0697f1d9/document -> 200", "request_id": "520a0720", "status_code": 200}
{"timestamp": "2026-08-11T16:40:59.024707+00:00", "level": "INFO", "logger": "http", "message": "GET /api/v1/v3/generations/5222366a-8308-43e6-bb6c-4e4a0697f1d9/document -> 200", "request_id": "86334925", "status_code": 200}
{"timestamp": "2026-08-11T16:41:02.887219+00:00", "level": "INFO", "logger": "http", "message": "GET /api/v1/v3/chunked/5222366a-8308-43e6-bb6c-4e4a0697f1d9/status -> 200", "request_id": "2d34dfc7", "status_code": 200}
{"timestamp": "2026-08-11T16:41:03.141405+00:00", "level": "INFO", "logger": "http", "message": "GET /api/v1/v3/generations/5222366a-8308-43e6-bb6c-4e4a0697f1d9/document -> 200", "request_id": "632162c1", "status_code": 200}
{"timestamp": "2026-08-11T16:41:03.249471+00:00", "level": "INFO", "logger": "http", "message": "GET /api/v1/v3/generations/5222366a-8308-43e6-bb6c-4e4a0697f1d9/document -> 200", "request_id": "c4f71e9b", "status_code": 200}
{"timestamp": "2026-08-11T16:41:06.921219+00:00", "level": "INFO", "logger": "http", "message": "GET /api/v1/v3/chunked/5222366a-8308-43e6-bb6c-4e4a0697f1d9/status -> 200", "request_id": "5c9b613e", "status_code": 200}
{"timestamp": "2026-08-11T16:41:07.061081+00:00", "level": "INFO", "logger": "http", "message": "GET /api/v1/v3/generations/5222366a-8308-43e6-bb6c-4e4a0697f1d9/document -> 200", "request_id": "5c620a58", "status_code": 200}
{"timestamp": "2026-08-11T16:41:07.156587+00:00", "level": "INFO", "logger": "http", "message": "GET /api/v1/v3/generations/5222366a-8308-43e6-bb6c-4e4a0697f1d9/document -> 200", "request_id": "ed8e4959", "status_code": 200}
{"timestamp": "2026-08-11T16:41:10.832456+00:00", "level": "INFO", "logger": "http", "message": "GET /api/v1/v3/chunked/5222366a-8308-43e6-bb6c-4e4a0697f1d9/status -> 200", "request_id": "08302551", "status_code": 200}
{"timestamp": "2026-08-11T16:41:10.950670+00:00", "level": "INFO", "logger": "http", "message": "GET /api/v1/v3/generations/5222366a-8308-43e6-bb6c-4e4a0697f1d9/document -> 200", "request_id": "cdcfd21b", "status_code": 200}
{"timestamp": "2026-08-11T16:41:11.044400+00:00", "level": "INFO", "logger": "http", "message": "GET /api/v1/v3/generations/5222366a-8308-43e6-bb6c-4e4a0697f1d9/document -> 200", "request_id": "e7c75799", "status_code": 200}
{"timestamp": "2026-08-11T16:41:14.801960+00:00", "level": "INFO", "logger": "http", "message": "GET /api/v1/v3/chunked/5222366a-8308-43e6-bb6c-4e4a0697f1d9/status -> 200", "request_id": "f6152532", "status_code": 200}
{"timestamp": "2026-08-11T16:41:14.932112+00:00", "level": "INFO", "logger": "http", "message": "GET /api/v1/v3/generations/5222366a-8308-43e6-bb6c-4e4a0697f1d9/document -> 200", "request_id": "bae18739", "status_code": 200}
{"timestamp": "2026-08-11T16:41:15.025654+00:00", "level": "INFO", "logger": "http", "message": "GET /api/v1/v3/generations/5222366a-8308-43e6-bb6c-4e4a0697f1d9/document -> 200", "request_id": "58678a5d", "status_code": 200}
{"timestamp": "2026-08-11T16:41:18.812868+00:00", "level": "INFO", "logger": "http", "message": "GET /api/v1/v3/chunked/5222366a-8308-43e6-bb6c-4e4a0697f1d9/status -> 200", "request_id": "2666784f", "status_code": 200}
{"timestamp": "2026-08-11T16:41:18.945847+00:00", "level": "INFO", "logger": "http", "message": "GET /api/v1/v3/generations/5222366a-8308-43e6-bb6c-4e4a0697f1d9/document -> 200", "request_id": "3d42eff9", "status_code": 200}
{"timestamp": "2026-08-11T16:41:19.043935+00:00", "level": "INFO", "logger": "http", "message": "GET /api/v1/v3/generations/5222366a-8308-43e6-bb6c-4e4a0697f1d9/document -> 200", "request_id": "7f177be2", "status_code": 200}
{"timestamp": "2026-08-11T16:41:22.807610+00:00", "level": "INFO", "logger": "http", "message": "GET /api/v1/v3/chunked/5222366a-8308-43e6-bb6c-4e4a0697f1d9/status -> 200", "request_id": "373000d7", "status_code": 200}
{"timestamp": "2026-08-11T16:41:22.965654+00:00", "level": "INFO", "logger": "http", "message": "GET /api/v1/v3/generations/5222366a-8308-43e6-bb6c-4e4a0697f1d9/document -> 200", "request_id": "1773c1ab", "status_code": 200}
{"timestamp": "2026-08-11T16:41:23.147219+00:00", "level": "INFO", "logger": "http", "message": "GET /api/v1/v3/generations/5222366a-8308-43e6-bb6c-4e4a0697f1d9/document -> 200", "request_id": "0646289b", "status_code": 200}
{"timestamp": "2026-08-11T16:41:26.808769+00:00", "level": "INFO", "logger": "http", "message": "GET /api/v1/v3/chunked/5222366a-8308-43e6-bb6c-4e4a0697f1d9/status -> 200", "request_id": "3397699a", "status_code": 200}
{"timestamp": "2026-08-11T16:41:26.898915+00:00", "level": "INFO", "logger": "http", "message": "GET /api/v1/v3/generations/5222366a-8308-43e6-bb6c-4e4a0697f1d9/document -> 200", "request_id": "59412371", "status_code": 200}
{"timestamp": "2026-08-11T16:41:26.986473+00:00", "level": "INFO", "logger": "http", "message": "GET /api/v1/v3/generations/5222366a-8308-43e6-bb6c-4e4a0697f1d9/document -> 200", "request_id": "e19149ff", "status_code": 200}
{"timestamp": "2026-08-11T16:41:30.794004+00:00", "level": "INFO", "logger": "http", "message": "GET /api/v1/v3/chunked/5222366a-8308-43e6-bb6c-4e4a0697f1d9/status -> 200", "request_id": "be2d3737", "status_code": 200}
{"timestamp": "2026-08-11T16:41:30.880653+00:00", "level": "INFO", "logger": "http", "message": "GET /api/v1/v3/generations/5222366a-8308-43e6-bb6c-4e4a0697f1d9/document -> 200", "request_id": "50bd67eb", "status_code": 200}
{"timestamp": "2026-08-11T16:41:30.975823+00:00", "level": "INFO", "logger": "http", "message": "GET /api/v1/v3/generations/5222366a-8308-43e6-bb6c-4e4a0697f1d9/document -> 200", "request_id": "fd748126", "status_code": 200}
{"timestamp": "2026-08-11T16:41:34.799489+00:00", "level": "INFO", "logger": "http", "message": "GET /api/v1/v3/chunked/5222366a-8308-43e6-bb6c-4e4a0697f1d9/status -> 200", "request_id": "07f02509", "status_code": 200}
{"timestamp": "2026-08-11T16:41:34.893908+00:00", "level": "INFO", "logger": "http", "message": "GET /api/v1/v3/generations/5222366a-8308-43e6-bb6c-4e4a0697f1d9/document -> 200", "request_id": "5ec97472", "status_code": 200}
{"timestamp": "2026-08-11T16:41:34.998804+00:00", "level": "INFO", "logger": "http", "message": "GET /api/v1/v3/generations/5222366a-8308-43e6-bb6c-4e4a0697f1d9/document -> 200", "request_id": "7db1bd75", "status_code": 200}
