
[1;31m[404] GET /favicon.ico[0m
7:35:30 PM [vite] http proxy error: /api/v1/v3/chunked/5222366a-8308-43e6-bb6c-4e4a0697f1d9/status
AggregateError [ECONNREFUSED]: 
    at internalConnectMultiple (node:net:1139:18)
    at afterConnectMultiple (node:net:1712:7)
    at TCPConnectWrap.callbackTrampoline (node:internal/async_hooks:130:17)
7:35:34 PM [vite] http proxy error: /api/v1/v3/chunked/5222366a-8308-43e6-bb6c-4e4a0697f1d9/status
AggregateError [ECONNREFUSED]: 
    at internalConnectMultiple (node:net:1139:18)
    at afterConnectMultiple (node:net:1712:7)
    at TCPConnectWrap.callbackTrampoline (node:internal/async_hooks:130:17)
7:35:38 PM [vite] http proxy error: /api/v1/v3/chunked/5222366a-8308-43e6-bb6c-4e4a0697f1d9/status
AggregateError [ECONNREFUSED]: 
    at internalConnectMultiple (node:net:1139:18)
    at afterConnectMultiple (node:net:1712:7)
    at TCPConnectWrap.callbackTrampoline (node:internal/async_hooks:130:17)
7:35:42 PM [vite] http proxy error: /api/v1/v3/chunked/5222366a-8308-43e6-bb6c-4e4a0697f1d9/status
AggregateError [ECONNREFUSED]: 
    at internalConnectMultiple (node:net:1139:18)
    at afterConnectMultiple (node:net:1712:7)
    at TCPConnectWrap.callbackTrampoline (node:internal/async_hooks:130:17)
7:35:46 PM [vite] http proxy error: /api/v1/v3/chunked/5222366a-8308-43e6-bb6c-4e4a0697f1d9/status
AggregateError [ECONNREFUSED]: 
    at internalConnectMultiple (node:net:1139:18)
    at afterConnectMultiple (node:net:1712:7)
    at TCPConnectWrap.callbackTrampoline (node:internal/async_hooks:130:17)
7:35:50 PM [vite] http proxy error: /api/v1/v3/chunked/5222366a-8308-43e6-bb6c-4e4a0697f1d9/status
AggregateError [ECONNREFUSED]: 
    at internalConnectMultiple (node:net:1139:18)
    at afterConnectMultiple (node:net:1712:7)
    at TCPConnectWrap.callbackTrampoline (node:internal/async_hooks:130:17)
7:35:54 PM [vite] http proxy error: /api/v1/v3/chunked/5222366a-8308-43e6-bb6c-4e4a0697f1d9/status
AggregateError [ECONNREFUSED]: 
    at internalConnectMultiple (node:net:1139:18)
    at afterConnectMultiple (node:net:1712:7)
    at TCPConnectWrap.callbackTrampoline (node:internal/async_hooks:130:17)
7:41:38 PM [vite] http proxy error: /api/v1/v3/chunked/5222366a-8308-43e6-bb6c-4e4a0697f1d9/status
AggregateError [ECONNREFUSED]: 
    at internalConnectMultiple (node:net:1139:18)
    at afterConnectMultiple (node:net:1712:7)
    at TCPConnectWrap.callbackTrampoline (node:internal/async_hooks:130:17)
7:41:42 PM [vite] http proxy error: /api/v1/v3/chunked/5222366a-8308-43e6-bb6c-4e4a0697f1d9/status
AggregateError [ECONNREFUSED]: 
    at internalConnectMultiple (node:net:1139:18)
    at afterConnectMultiple (node:net:1712:7)
    at TCPConnectWrap.callbackTrampoline (node:internal/async_hooks:130:17)
7:41:46 PM [vite] http proxy error: /api/v1/v3/chunked/5222366a-8308-43e6-bb6c-4e4a0697f1d9/status
AggregateError [ECONNREFUSED]: 
    at internalConnectMultiple (node:net:1139:18)
    at afterConnectMultiple (node:net:1712:7)
    at TCPConnectWrap.callbackTrampoline (node:internal/async_hooks:130:17)
7:41:50 PM [vite] http proxy error: /api/v1/v3/chunked/5222366a-8308-43e6-bb6c-4e4a0697f1d9/status
AggregateError [ECONNREFUSED]: 
    at internalConnectMultiple (node:net:1139:18)
    at afterConnectMultiple (node:net:1712:7)
    at TCPConnectWrap.callbackTrampoline (node:internal/async_hooks:130:17)
7:41:54 PM [vite] http proxy error: /api/v1/v3/chunked/5222366a-8308-43e6-bb6c-4e4a0697f1d9/status
AggregateError [ECONNREFUSED]: 
    at internalConnectMultiple (node:net:1139:18)
    at afterConnectMultiple (node:net:1712:7)
    at TCPConnectWrap.callbackTrampoline (node:internal/async_hooks:130:17)
7:41:58 PM [vite] http proxy error: /api/v1/v3/chunked/5222366a-8308-43e6-bb6c-4e4a0697f1d9/status
AggregateError [ECONNREFUSED]: 
    at internalConnectMultiple (node:net:1139:18)
    at afterConnectMultiple (node:net:1712:7)
    at TCPConnectWrap.callbackTrampoline (node:internal/async_hooks:130:17)
7:42:02 PM [vite] http proxy error: /api/v1/v3/chunked/5222366a-8308-43e6-bb6c-4e4a0697f1d9/status
AggregateError [ECONNREFUSED]: 
    at internalConnectMultiple (node:net:1139:18)
    at afterConnectMultiple (node:net:1712:7)
    at TCPConnectWrap.callbackTrampoline (node:internal/async_hooks:130:17)
7:42:06 PM [vite] http proxy error: /api/v1/v3/chunked/5222366a-8308-43e6-bb6c-4e4a0697f1d9/status
AggregateError [ECONNREFUSED]: 
    at internalConnectMultiple (node:net:1139:18)
    at afterConnectMultiple (node:net:1712:7)
    at TCPConnectWrap.callbackTrampoline (node:internal/async_hooks:130:17)
7:50:02 PM [vite] http proxy error: /api/v1/v3/chunked/5222366a-8308-43e6-bb6c-4e4a0697f1d9/status
AggregateError [ECONNREFUSED]: 
    at internalConnectMultiple (node:net:1139:18)
    at afterConnectMultiple (node:net:1712:7)
    at TCPConnectWrap.callbackTrampoline (node:internal/async_hooks:130:17)
7:50:06 PM [vite] http proxy error: /api/v1/v3/chunked/5222366a-8308-43e6-bb6c-4e4a0697f1d9/status
AggregateError [ECONNREFUSED]: 
    at internalConnectMultiple (node:net:1139:18)
    at afterConnectMultiple (node:net:1712:7)
    at TCPConnectWrap.callbackTrampoline (node:internal/async_hooks:130:17)
7:50:10 PM [vite] http proxy error: /api/v1/v3/chunked/5222366a-8308-43e6-bb6c-4e4a0697f1d9/status
AggregateError [ECONNREFUSED]: 
    at internalConnectMultiple (node:net:1139:18)
    at afterConnectMultiple (node:net:1712:7)
    at TCPConnectWrap.callbackTrampoline (node:internal/async_hooks:130:17)
7:50:14 PM [vite] http proxy error: /api/v1/v3/chunked/5222366a-8308-43e6-bb6c-4e4a0697f1d9/status
AggregateError [ECONNREFUSED]: 
    at internalConnectMultiple (node:net:1139:18)
    at afterConnectMultiple (node:net:1712:7)
    at TCPConnectWrap.callbackTrampoline (node:internal/async_hooks:130:17)
7:50:18 PM [vite] http proxy error: /api/v1/v3/chunked/5222366a-8308-43e6-bb6c-4e4a0697f1d9/status
AggregateError [ECONNREFUSED]: 
    at internalConnectMultiple (node:net:1139:18)
    at afterConnectMultiple (node:net:1712:7)
    at TCPConnectWrap.callbackTrampoline (node:internal/async_hooks:130:17)
7:50:22 PM [vite] http proxy error: /api/v1/v3/chunked/5222366a-8308-43e6-bb6c-4e4a0697f1d9/status
AggregateError [ECONNREFUSED]: 
    at internalConnectMultiple (node:net:1139:18)
    at afterConnectMultiple (node:net:1712:7)
    at TCPConnectWrap.callbackTrampoline (node:internal/async_hooks:130:17)
7:50:26 PM [vite] http proxy error: /api/v1/v3/chunked/5222366a-8308-43e6-bb6c-4e4a0697f1d9/status
AggregateError [ECONNREFUSED]: 
    at internalConnectMultiple (node:net:1139:18)
    at afterConnectMultiple (node:net:1712:7)
    at TCPConnectWrap.callbackTrampoline (node:internal/async_hooks:130:17)
7:50:30 PM [vite] http proxy error: /api/v1/v3/chunked/5222366a-8308-43e6-bb6c-4e4a0697f1d9/status
AggregateError [ECONNREFUSED]: 
    at internalConnectMultiple (node:net:1139:18)
    at afterConnectMultiple (node:net:1712:7)
    at TCPConnectWrap.callbackTrampoline (node:internal/async_hooks:130:17)
8:02:49 PM [vite] http proxy error: /api/v1/v3/chunked/5222366a-8308-43e6-bb6c-4e4a0697f1d9/status
AggregateError [ECONNREFUSED]: 
    at internalConnectMultiple (node:net:1139:18)
    at afterConnectMultiple (node:net:1712:7)
    at TCPConnectWrap.callbackTrampoline (node:internal/async_hooks:130:17)
8:02:53 PM [vite] http proxy error: /api/v1/v3/chunked/5222366a-8308-43e6-bb6c-4e4a0697f1d9/status
AggregateError [ECONNREFUSED]: 
    at internalConnectMultiple (node:net:1139:18)
    at afterConnectMultiple (node:net:1712:7)
    at TCPConnectWrap.callbackTrampoline (node:internal/async_hooks:130:17)
8:02:57 PM [vite] http proxy error: /api/v1/v3/chunked/5222366a-8308-43e6-bb6c-4e4a0697f1d9/status
AggregateError [ECONNREFUSED]: 
    at internalConnectMultiple (node:net:1139:18)
    at afterConnectMultiple (node:net:1712:7)
    at TCPConnectWrap.callbackTrampoline (node:internal/async_hooks:130:17)
8:03:01 PM [vite] http proxy error: /api/v1/v3/chunked/5222366a-8308-43e6-bb6c-4e4a0697f1d9/status
AggregateError [ECONNREFUSED]: 
    at internalConnectMultiple (node:net:1139:18)
    at afterConnectMultiple (node:net:1712:7)
    at TCPConnectWrap.callbackTrampoline (node:internal/async_hooks:130:17)
8:03:05 PM [vite] http proxy error: /api/v1/v3/chunked/5222366a-8308-43e6-bb6c-4e4a0697f1d9/status
AggregateError [ECONNREFUSED]: 
    at internalConnectMultiple (node:net:1139:18)
    at afterConnectMultiple (node:net:1712:7)
    at TCPConnectWrap.callbackTrampoline (node:internal/async_hooks:130:17)
8:03:09 PM [vite] http proxy error: /api/v1/v3/chunked/5222366a-8308-43e6-bb6c-4e4a0697f1d9/status
AggregateError [ECONNREFUSED]: 
    at internalConnectMultiple (node:net:1139:18)
    at afterConnectMultiple (node:net:1712:7)
    at TCPConnectWrap.callbackTrampoline (node:internal/async_hooks:130:17)
8:03:13 PM [vite] http proxy error: /api/v1/v3/chunked/5222366a-8308-43e6-bb6c-4e4a0697f1d9/status
AggregateError [ECONNREFUSED]: 
    at internalConnectMultiple (node:net:1139:18)
    at afterConnectMultiple (node:net:1712:7)
    at TCPConnectWrap.callbackTrampoline (node:internal/async_hooks:130:17)
8:03:17 PM [vite] http proxy error: /api/v1/v3/chunked/5222366a-8308-43e6-bb6c-4e4a0697f1d9/status
AggregateError [ECONNREFUSED]: 
    at internalConnectMultiple (node:net:1139:18)
    at afterConnectMultiple (node:net:1712:7)
    at TCPConnectWrap.callbackTrampoline (node:internal/async_hooks:130:17)
8:43:02 PM [vite] http proxy error: /api/v1/v3/chunked/5222366a-8308-43e6-bb6c-4e4a0697f1d9/status
AggregateError [ECONNREFUSED]: 
    at internalConnectMultiple (node:net:1139:18)
    at afterConnectMultiple (node:net:1712:7)
    at TCPConnectWrap.callbackTrampoline (node:internal/async_hooks:130:17)
8:43:06 PM [vite] http proxy error: /api/v1/v3/chunked/5222366a-8308-43e6-bb6c-4e4a0697f1d9/status
AggregateError [ECONNREFUSED]: 
    at internalConnectMultiple (node:net:1139:18)
    at afterConnectMultiple (node:net:1712:7)
    at TCPConnectWrap.callbackTrampoline (node:internal/async_hooks:130:17)
8:43:10 PM [vite] http proxy error: /api/v1/v3/chunked/5222366a-8308-43e6-bb6c-4e4a0697f1d9/status
AggregateError [ECONNREFUSED]: 
    at internalConnectMultiple (node:net:1139:18)
    at afterConnectMultiple (node:net:1712:7)
    at TCPConnectWrap.callbackTrampoline (node:internal/async_hooks:130:17)
8:43:14 PM [vite] http proxy error: /api/v1/v3/chunked/5222366a-8308-43e6-bb6c-4e4a0697f1d9/status
AggregateError [ECONNREFUSED]: 
    at internalConnectMultiple (node:net:1139:18)
    at afterConnectMultiple (node:net:1712:7)
    at TCPConnectWrap.callbackTrampoline (node:internal/async_hooks:130:17)
8:43:18 PM [vite] http proxy error: /api/v1/v3/chunked/5222366a-8308-43e6-bb6c-4e4a0697f1d9/status
AggregateError [ECONNREFUSED]: 
    at internalConnectMultiple (node:net:1139:18)
    at afterConnectMultiple (node:net:1712:7)
    at TCPConnectWrap.callbackTrampoline (node:internal/async_hooks:130:17)
8:43:22 PM [vite] http proxy error: /api/v1/v3/chunked/5222366a-8308-43e6-bb6c-4e4a0697f1d9/status
AggregateError [ECONNREFUSED]: 
    at internalConnectMultiple (node:net:1139:18)
    at afterConnectMultiple (node:net:1712:7)
    at TCPConnectWrap.callbackTrampoline (node:internal/async_hooks:130:17)
8:43:26 PM [vite] http proxy error: /api/v1/v3/chunked/5222366a-8308-43e6-bb6c-4e4a0697f1d9/status
AggregateError [ECONNREFUSED]: 
    at internalConnectMultiple (node:net:1139:18)
    at afterConnectMultiple (node:net:1712:7)
    at TCPConnectWrap.callbackTrampoline (node:internal/async_hooks:130:17)
8:43:30 PM [vite] http proxy error: /api/v1/v3/chunked/5222366a-8308-43e6-bb6c-4e4a0697f1d9/status
AggregateError [ECONNREFUSED]: 
    at internalConnectMultiple (node:net:1139:18)
    at afterConnectMultiple (node:net:1712:7)
    at TCPConnectWrap.callbackTrampoline (node:internal/async_hooks:130:17)
