
  VITE v7.3.6  ready in 13413 ms

  ➜  Local:   http://127.0.0.1:5173/
  ➜  press h + enter to show help
8:17:13 AM [vite] (client) hmr update /src/app.css
8:17:13 AM [vite] (ssr) page reload src/routes/studio/page.test.ts
8:17:14 AM [vite] (client) hmr update /src/routes/studio/+page.svelte, /src/app.css
8:17:14 AM [vite] (ssr) page reload src/routes/studio/+page.svelte
8:17:48 AM [vite] (client) page reload .svelte-kit/generated/client/nodes/0.js
8:17:48 AM [vite] (client) page reload .svelte-kit/generated/client/nodes/1.js
8:17:48 AM [vite] (client) page reload .svelte-kit/generated/client/app.js
8:17:48 AM [vite] (ssr) page reload .svelte-kit/generated/shared/error-template.js
8:17:48 AM [vite] (ssr) page reload .svelte-kit/generated/server/internal.js
8:17:48 AM [vite] (client) page reload .svelte-kit/generated/client/nodes/16.js
8:17:48 AM [vite] (client) page reload .svelte-kit/generated/client/nodes/19.js
8:17:48 AM [vite] (client) page reload .svelte-kit/generated/client/nodes/21.js
8:17:48 AM [vite] (client) page reload .svelte-kit/generated/client/app.js
8:17:48 AM [vite] (client) page reload .svelte-kit/generated/client/matchers.js
8:17:48 AM [vite] (client) page reload .svelte-kit/generated/root.js
8:17:48 AM [vite] (ssr) page reload .svelte-kit/generated/root.js
8:17:48 AM [vite] (ssr) page reload .svelte-kit/generated/shared/error-template.js
8:17:48 AM [vite] (ssr) page reload .svelte-kit/generated/server/internal.js
8:17:48 AM [vite] (ssr) page reload .svelte-kit/generated/root.svelte
8:18:49 AM [vite] (client) page reload .svelte-kit/generated/client/nodes/0.js
8:18:49 AM [vite] (client) page reload .svelte-kit/generated/client/nodes/1.js
8:18:49 AM [vite] (client) page reload .svelte-kit/generated/client/nodes/16.js
8:18:49 AM [vite] (client) page reload .svelte-kit/generated/client/nodes/19.js
8:18:49 AM [vite] (client) page reload .svelte-kit/generated/client/nodes/21.js
8:18:49 AM [vite] (client) page reload .svelte-kit/generated/client/nodes/16.js
8:18:49 AM [vite] (client) page reload .svelte-kit/generated/client/nodes/19.js
8:18:49 AM [vite] (client) page reload .svelte-kit/generated/client/app.js
8:18:50 AM [vite] (ssr) page reload .svelte-kit/generated/shared/error-template.js
8:18:50 AM [vite] (ssr) page reload .svelte-kit/generated/server/internal.js
8:18:50 AM [vite] (client) page reload .svelte-kit/generated/client/matchers.js
8:18:50 AM [vite] (client) page reload .svelte-kit/generated/root.js
8:18:50 AM [vite] (ssr) page reload .svelte-kit/generated/root.js
8:18:50 AM [vite] (ssr) page reload .svelte-kit/generated/root.svelte
9:42:59 AM [vite] (client) page reload .svelte-kit/generated/client/nodes/0.js
9:43:00 AM [vite] (client) page reload .svelte-kit/generated/client/nodes/0.js
9:43:00 AM [vite] (client) page reload .svelte-kit/generated/client/nodes/1.js
9:43:01 AM [vite] (client) hmr update /src/app.css
9:43:01 AM [vite] (ssr) page reload src/lib/studio/document-version.ts
9:43:01 AM [vite] (client) hmr update /src/app.css
9:43:01 AM [vite] (ssr) page reload src/lib/components/studio/LectioPageDocumentView.svelte
9:43:02 AM [vite] (client) page reload .svelte-kit/generated/client/app.js
9:43:06 AM [vite] (client) hmr update /src/app.css
9:43:06 AM [vite] (ssr) page reload src/routes/studio/print/[id]/+page.svelte
9:43:07 AM [vite] (ssr) page reload .svelte-kit/generated/shared/error-template.js
9:43:07 AM [vite] (ssr) page reload .svelte-kit/generated/server/internal.js
9:43:07 AM [vite] (client) page reload .svelte-kit/generated/client/nodes/16.js
9:43:07 AM [vite] (client) page reload .svelte-kit/generated/client/nodes/19.js
9:43:07 AM [vite] (client) page reload .svelte-kit/generated/client/nodes/21.js
9:43:07 AM [vite] (client) hmr update /src/app.css
9:43:07 AM [vite] (ssr) page reload src/lib/studio/document-version.test.ts
9:43:33 AM [vite] (client) page reload .svelte-kit/generated/client/app.js
9:43:33 AM [vite] (client) page reload .svelte-kit/generated/client/matchers.js
9:43:33 AM [vite] (client) page reload .svelte-kit/generated/root.js
9:43:33 AM [vite] (ssr) page reload .svelte-kit/generated/root.js
9:43:33 AM [vite] (ssr) page reload .svelte-kit/generated/shared/error-template.js
9:43:33 AM [vite] (ssr) page reload .svelte-kit/generated/server/internal.js
9:43:47 AM [vite] (ssr) page reload .svelte-kit/generated/root.svelte
9:46:14 AM [vite] (client) page reload .svelte-kit/generated/client/nodes/0.js
9:46:14 AM [vite] (client) page reload .svelte-kit/generated/client/nodes/1.js
9:46:14 AM [vite] (client) page reload .svelte-kit/generated/client/nodes/16.js
9:46:14 AM [vite] (client) page reload .svelte-kit/generated/client/nodes/19.js
9:46:14 AM [vite] (client) page reload .svelte-kit/generated/client/nodes/21.js
9:46:14 AM [vite] (client) page reload .svelte-kit/generated/client/app.js
9:46:14 AM [vite] (ssr) page reload .svelte-kit/generated/shared/error-template.js
9:46:14 AM [vite] (ssr) page reload .svelte-kit/generated/server/internal.js
9:46:14 AM [vite] (client) page reload .svelte-kit/generated/client/matchers.js
9:46:14 AM [vite] (client) page reload .svelte-kit/generated/root.js
9:46:14 AM [vite] (ssr) page reload .svelte-kit/generated/root.js
9:46:14 AM [vite] (ssr) page reload .svelte-kit/generated/root.svelte
