
> frontend@1.0.0-beta.1 dev
> vite dev --host 127.0.0.1 --port 5173 --strictPort


  VITE v7.3.6  ready in 61260 ms

  ➜  Local:   http://127.0.0.1:5173/
  ➜  press h + enter to show help
4:57:08 PM [vite] (ssr) page reload .svelte-kit/generated/shared/error-template.js
4:57:08 PM [vite] (ssr) page reload .svelte-kit/generated/server/internal.js
4:57:08 PM [vite] (ssr) page reload .svelte-kit/generated/root.svelte
4:57:08 PM [vite] (ssr) page reload .svelte-kit/generated/root.js
4:57:08 PM [vite] (ssr) page reload .svelte-kit/generated/shared/error-template.js
5:00:53 PM [vite] (ssr) page reload .svelte-kit/generated/shared/error-template.js
5:00:53 PM [vite] (ssr) page reload .svelte-kit/generated/server/internal.js
5:00:53 PM [vite] (ssr) page reload .svelte-kit/generated/root.svelte
5:00:53 PM [vite] (ssr) page reload .svelte-kit/generated/shared/error-template.js
5:00:53 PM [vite] (ssr) page reload .svelte-kit/generated/root.js
5:05:03 PM [vite] (ssr) page reload .svelte-kit/generated/shared/error-template.js
5:05:03 PM [vite] (ssr) page reload .svelte-kit/generated/server/internal.js
5:05:03 PM [vite] (ssr) page reload .svelte-kit/generated/root.svelte
5:05:03 PM [vite] (ssr) page reload .svelte-kit/generated/root.js
5:21:49 PM [vite] (ssr) page reload .svelte-kit/generated/shared/error-template.js
5:21:49 PM [vite] (ssr) page reload .svelte-kit/generated/shared/error-template.js
5:21:49 PM [vite] (ssr) page reload .svelte-kit/generated/server/internal.js
5:21:49 PM [vite] (ssr) page reload .svelte-kit/generated/root.svelte
5:21:50 PM [vite] (ssr) page reload .svelte-kit/generated/server/internal.js
5:21:50 PM [vite] (ssr) page reload .svelte-kit/generated/root.svelte
5:21:50 PM [vite] (ssr) page reload .svelte-kit/generated/root.js
5:26:04 PM [vite] (ssr) page reload .svelte-kit/generated/shared/error-template.js
5:26:05 PM [vite] (ssr) page reload .svelte-kit/generated/server/internal.js
5:26:05 PM [vite] (ssr) page reload .svelte-kit/generated/root.svelte
5:26:05 PM [vite] (ssr) page reload .svelte-kit/generated/shared/error-template.js
5:26:05 PM [vite] (ssr) page reload .svelte-kit/generated/server/internal.js
5:26:05 PM [vite] (ssr) page reload .svelte-kit/generated/root.svelte
5:26:05 PM [vite] (ssr) page reload .svelte-kit/generated/root.js
5:30:29 PM [vite] (client) page reload .svelte-kit/generated/client/nodes/0.js
5:30:29 PM [vite] (client) page reload .svelte-kit/generated/client/nodes/1.js
5:30:30 PM [vite] (client) page reload .svelte-kit/generated/client/nodes/0.js
5:30:30 PM [vite] (client) page reload .svelte-kit/generated/client/nodes/1.js
5:30:30 PM [vite] (client) page reload .svelte-kit/generated/client/app.js
5:30:30 PM [vite] (client) page reload .svelte-kit/generated/client/nodes/19.js
5:30:30 PM [vite] (ssr) page reload .svelte-kit/generated/shared/error-template.js
5:30:30 PM [vite] (ssr) page reload .svelte-kit/generated/server/internal.js
5:30:30 PM [vite] (client) page reload .svelte-kit/generated/client/nodes/19.js
5:30:30 PM [vite] (client) page reload .svelte-kit/generated/client/app.js
5:30:30 PM [vite] (client) page reload .svelte-kit/generated/client/matchers.js
5:30:30 PM [vite] (ssr) page reload .svelte-kit/generated/shared/error-template.js
5:30:30 PM [vite] (client) page reload .svelte-kit/generated/root.js
5:30:30 PM [vite] (ssr) page reload .svelte-kit/generated/root.js
5:30:30 PM [vite] (ssr) page reload .svelte-kit/generated/root.svelte
5:31:18 PM [vite] (client) page reload .svelte-kit/generated/client/nodes/0.js
5:31:18 PM [vite] (client) page reload .svelte-kit/generated/client/nodes/1.js
5:31:19 PM [vite] (client) page reload .svelte-kit/generated/client/app.js
5:31:19 PM [vite] (client) page reload .svelte-kit/generated/client/nodes/19.js
5:31:19 PM [vite] (ssr) page reload .svelte-kit/generated/shared/error-template.js
5:31:19 PM [vite] (ssr) page reload .svelte-kit/generated/server/internal.js
5:31:19 PM [vite] (client) page reload .svelte-kit/generated/client/app.js
5:31:19 PM [vite] (client) page reload .svelte-kit/generated/client/matchers.js
5:31:19 PM [vite] (ssr) page reload .svelte-kit/generated/shared/error-template.js
5:31:19 PM [vite] (client) page reload .svelte-kit/generated/root.js
5:31:19 PM [vite] (ssr) page reload .svelte-kit/generated/root.js
5:31:20 PM [vite] (ssr) page reload .svelte-kit/generated/root.svelte
6:59:55 PM [vite] (client) hmr update /src/app.css
6:59:55 PM [vite] (ssr) page reload src/lib/types/v3.ts
6:59:55 PM [vite] (client) hmr update /src/app.css
6:59:55 PM [vite] (ssr) page reload src/lib/types/v3.ts
7:00:22 PM [vite] (client) hmr update /src/routes/studio/generations/[id]/+page.svelte, /src/app.css
7:00:22 PM [vite] (ssr) page reload src/routes/studio/generations/[id]/+page.svelte
7:00:52 PM [vite] (client) hmr update /src/app.css
7:00:52 PM [vite] (ssr) page reload src/routes/studio/generations/[id]/page.test.ts
7:01:37 PM [vite] (client) page reload .svelte-kit/generated/client/nodes/0.js
7:01:37 PM [vite] (client) page reload .svelte-kit/generated/client/nodes/1.js
7:01:38 PM [vite] (client) page reload .svelte-kit/generated/client/nodes/16.js
7:01:38 PM [vite] (client) page reload .svelte-kit/generated/client/nodes/17.js
7:01:38 PM [vite] (client) page reload .svelte-kit/generated/client/app.js
7:01:38 PM [vite] (client) page reload .svelte-kit/generated/client/nodes/19.js
7:01:38 PM [vite] (client) page reload .svelte-kit/generated/client/nodes/21.js
7:01:38 PM [vite] (ssr) page reload .svelte-kit/generated/shared/error-template.js
7:01:38 PM [vite] (ssr) page reload .svelte-kit/generated/server/internal.js
7:01:38 PM [vite] (client) page reload .svelte-kit/generated/client/matchers.js
7:01:38 PM [vite] (client) page reload .svelte-kit/generated/root.js
7:01:38 PM [vite] (ssr) page reload .svelte-kit/generated/root.js
7:01:46 PM [vite] (ssr) page reload .svelte-kit/generated/root.svelte
7:03:19 PM [vite] (client) page reload .svelte-kit/generated/client/nodes/0.js
7:03:19 PM [vite] (client) page reload .svelte-kit/generated/client/app.js
7:03:19 PM [vite] (ssr) page reload .svelte-kit/generated/shared/error-template.js
7:03:19 PM [vite] (ssr) page reload .svelte-kit/generated/server/internal.js
7:03:19 PM [vite] (client) page reload .svelte-kit/generated/client/nodes/1.js
7:03:19 PM [vite] (client) page reload .svelte-kit/generated/client/nodes/16.js
7:03:19 PM [vite] (client) page reload .svelte-kit/generated/client/nodes/17.js
7:03:19 PM [vite] (client) page reload .svelte-kit/generated/client/nodes/19.js
7:03:19 PM [vite] (client) page reload .svelte-kit/generated/client/nodes/21.js
7:03:19 PM [vite] (client) page reload .svelte-kit/generated/client/matchers.js
7:03:19 PM [vite] (client) page reload .svelte-kit/generated/root.js
7:03:19 PM [vite] (ssr) page reload .svelte-kit/generated/root.js
7:03:19 PM [vite] (ssr) page reload .svelte-kit/generated/root.svelte
7:06:55 PM [vite] (client) hmr update /src/app.css
7:06:55 PM [vite] (ssr) page reload src/lib/types/v3.ts
7:06:55 PM [vite] (client) hmr update /src/app.css, /src/routes/studio/+page.svelte, /src/lib/components/studio/V3BookletIssuesPanel.svelte, /src/routes/studio/generations/[id]/+page.svelte
7:06:55 PM [vite] (ssr) page reload src/lib/api/v3.ts
7:06:55 PM [vite] (client) hmr update /src/app.css
7:06:55 PM [vite] (ssr) page reload src/lib/api/v3.test.ts
7:07:03 PM [vite] (client) page reload .svelte-kit/generated/client/nodes/0.js
7:07:03 PM [vite] (client) page reload .svelte-kit/generated/client/app.js
7:07:03 PM [vite] (ssr) page reload .svelte-kit/generated/shared/error-template.js
7:07:03 PM [vite] (ssr) page reload .svelte-kit/generated/server/internal.js
7:07:03 PM [vite] (client) page reload .svelte-kit/generated/client/nodes/0.js
7:07:03 PM [vite] (client) page reload .svelte-kit/generated/client/nodes/1.js
7:07:03 PM [vite] (client) page reload .svelte-kit/generated/client/nodes/16.js
7:07:03 PM [vite] (client) page reload .svelte-kit/generated/client/nodes/17.js
7:07:03 PM [vite] (client) page reload .svelte-kit/generated/client/nodes/19.js
7:07:03 PM [vite] (client) page reload .svelte-kit/generated/client/nodes/21.js
7:07:03 PM [vite] (client) page reload .svelte-kit/generated/client/app.js
7:07:03 PM [vite] (client) page reload .svelte-kit/generated/client/matchers.js
7:07:03 PM [vite] (ssr) page reload .svelte-kit/generated/shared/error-template.js
7:07:03 PM [vite] (ssr) page reload .svelte-kit/generated/server/internal.js
7:07:03 PM [vite] (client) page reload .svelte-kit/generated/root.js
7:07:03 PM [vite] (ssr) page reload .svelte-kit/generated/root.js
7:07:03 PM [vite] (ssr) page reload .svelte-kit/generated/root.svelte
7:07:03 PM [vite] (ssr) page reload .svelte-kit/generated/root.svelte
7:08:15 PM [vite] (client) hmr update /src/app.css
7:08:15 PM [vite] (ssr) page reload src/lib/types/v3.ts
7:08:16 PM [vite] (client) hmr update /src/routes/studio/generations/[id]/+page.svelte, /src/app.css
7:08:16 PM [vite] (ssr) page reload src/routes/studio/generations/[id]/+page.svelte
7:08:26 PM [vite] (client) hmr update /src/app.css
7:08:26 PM [vite] (ssr) page reload src/routes/studio/generations/[id]/page.test.ts
7:08:32 PM [vite] (client) page reload .svelte-kit/generated/client/nodes/0.js
7:08:32 PM [vite] (client) page reload .svelte-kit/generated/client/nodes/1.js
7:08:33 PM [vite] (client) page reload .svelte-kit/generated/client/nodes/16.js
7:08:33 PM [vite] (client) page reload .svelte-kit/generated/client/nodes/17.js
7:08:33 PM [vite] (client) page reload .svelte-kit/generated/client/nodes/19.js
7:08:33 PM [vite] (client) page reload .svelte-kit/generated/client/nodes/21.js
7:08:33 PM [vite] (client) page reload .svelte-kit/generated/client/nodes/1.js
7:08:33 PM [vite] (client) page reload .svelte-kit/generated/client/app.js
7:08:33 PM [vite] (ssr) page reload .svelte-kit/generated/shared/error-template.js
7:08:33 PM [vite] (ssr) page reload .svelte-kit/generated/server/internal.js
7:08:33 PM [vite] (client) page reload .svelte-kit/generated/client/matchers.js
7:08:33 PM [vite] (client) page reload .svelte-kit/generated/root.js
7:08:33 PM [vite] (ssr) page reload .svelte-kit/generated/root.js
7:08:33 PM [vite] (ssr) page reload .svelte-kit/generated/root.svelte
7:08:52 PM [vite] (client) page reload .svelte-kit/generated/client/nodes/0.js
7:08:52 PM [vite] (client) page reload .svelte-kit/generated/client/app.js
7:08:52 PM [vite] (ssr) page reload .svelte-kit/generated/shared/error-template.js
7:08:52 PM [vite] (ssr) page reload .svelte-kit/generated/server/internal.js
7:08:52 PM [vite] (client) page reload .svelte-kit/generated/client/nodes/1.js
7:08:52 PM [vite] (client) page reload .svelte-kit/generated/client/nodes/16.js
7:08:52 PM [vite] (client) page reload .svelte-kit/generated/client/nodes/17.js
7:08:52 PM [vite] (client) page reload .svelte-kit/generated/client/nodes/19.js
7:08:52 PM [vite] (client) page reload .svelte-kit/generated/client/nodes/21.js
7:08:52 PM [vite] (client) page reload .svelte-kit/generated/client/matchers.js
7:08:52 PM [vite] (client) page reload .svelte-kit/generated/root.js
7:08:52 PM [vite] (ssr) page reload .svelte-kit/generated/root.js
7:08:52 PM [vite] (ssr) page reload .svelte-kit/generated/root.svelte
7:12:10 PM [vite] (client) hmr update /src/routes/studio/generations/[id]/+page.svelte, /src/app.css
7:12:10 PM [vite] (ssr) page reload src/routes/studio/generations/[id]/+page.svelte
7:12:16 PM [vite] (client) hmr update /src/routes/studio/generations/[id]/+page.svelte, /src/app.css
7:12:16 PM [vite] (ssr) page reload src/routes/studio/generations/[id]/+page.svelte
7:12:22 PM [vite] (client) page reload .svelte-kit/generated/client/nodes/0.js
7:12:22 PM [vite] (client) page reload .svelte-kit/generated/client/nodes/1.js
7:12:22 PM [vite] (client) page reload .svelte-kit/generated/client/nodes/1.js
7:12:22 PM [vite] (client) page reload .svelte-kit/generated/client/app.js
7:12:22 PM [vite] (ssr) page reload .svelte-kit/generated/shared/error-template.js
7:12:22 PM [vite] (ssr) page reload .svelte-kit/generated/server/internal.js
7:12:22 PM [vite] (client) page reload .svelte-kit/generated/client/nodes/16.js
7:12:22 PM [vite] (client) page reload .svelte-kit/generated/client/nodes/17.js
7:12:22 PM [vite] (client) page reload .svelte-kit/generated/client/nodes/19.js
7:12:22 PM [vite] (client) page reload .svelte-kit/generated/client/nodes/21.js
7:12:22 PM [vite] (client) page reload .svelte-kit/generated/client/matchers.js
7:12:22 PM [vite] (client) page reload .svelte-kit/generated/root.js
7:12:22 PM [vite] (ssr) page reload .svelte-kit/generated/root.js
7:12:22 PM [vite] (ssr) page reload .svelte-kit/generated/root.svelte
7:13:00 PM [vite] (client) page reload .svelte-kit/generated/client/nodes/0.js
7:13:00 PM [vite] (client) page reload .svelte-kit/generated/client/nodes/1.js
7:13:00 PM [vite] (client) page reload .svelte-kit/generated/client/nodes/16.js
7:13:01 PM [vite] (client) page reload .svelte-kit/generated/client/app.js
7:13:01 PM [vite] (ssr) page reload .svelte-kit/generated/shared/error-template.js
7:13:01 PM [vite] (ssr) page reload .svelte-kit/generated/server/internal.js
7:13:01 PM [vite] (client) page reload .svelte-kit/generated/client/nodes/17.js
7:13:01 PM [vite] (client) page reload .svelte-kit/generated/client/nodes/19.js
7:13:01 PM [vite] (client) page reload .svelte-kit/generated/client/nodes/21.js
7:13:01 PM [vite] (client) page reload .svelte-kit/generated/client/app.js
7:13:01 PM [vite] (client) page reload .svelte-kit/generated/client/matchers.js
7:13:01 PM [vite] (ssr) page reload .svelte-kit/generated/shared/error-template.js
7:13:01 PM [vite] (ssr) page reload .svelte-kit/generated/server/internal.js
7:13:01 PM [vite] (client) page reload .svelte-kit/generated/root.js
7:13:01 PM [vite] (ssr) page reload .svelte-kit/generated/root.js
7:13:01 PM [vite] (ssr) page reload .svelte-kit/generated/root.svelte
7:13:01 PM [vite] (ssr) page reload .svelte-kit/generated/root.svelte
7:44:05 AM [vite] (client) page reload .svelte-kit/generated/client/nodes/0.js
7:44:05 AM [vite] (client) page reload .svelte-kit/generated/client/nodes/0.js
7:44:05 AM [vite] (client) page reload .svelte-kit/generated/client/nodes/1.js
7:44:05 AM [vite] (client) page reload .svelte-kit/generated/client/nodes/16.js
7:44:05 AM [vite] (client) page reload .svelte-kit/generated/client/nodes/17.js
7:44:05 AM [vite] (client) page reload .svelte-kit/generated/client/nodes/19.js
7:44:05 AM [vite] (client) page reload .svelte-kit/generated/client/app.js
7:44:05 AM [vite] (ssr) page reload .svelte-kit/generated/shared/error-template.js
7:44:05 AM [vite] (ssr) page reload .svelte-kit/generated/server/internal.js
7:44:05 AM [vite] (client) page reload .svelte-kit/generated/client/nodes/21.js
7:44:05 AM [vite] (client) page reload .svelte-kit/generated/client/app.js
7:44:05 AM [vite] (client) page reload .svelte-kit/generated/client/matchers.js
7:44:05 AM [vite] (client) page reload .svelte-kit/generated/root.js
7:44:05 AM [vite] (ssr) page reload .svelte-kit/generated/root.js
7:44:05 AM [vite] (ssr) page reload .svelte-kit/generated/shared/error-template.js
7:44:05 AM [vite] (ssr) page reload .svelte-kit/generated/root.svelte
7:56:01 AM [vite] (client) page reload .svelte-kit/generated/client/nodes/0.js
7:56:02 AM [vite] (client) page reload .svelte-kit/generated/client/nodes/1.js
7:56:02 AM [vite] (client) page reload .svelte-kit/generated/client/app.js
7:56:02 AM [vite] (ssr) page reload .svelte-kit/generated/shared/error-template.js
7:56:02 AM [vite] (ssr) page reload .svelte-kit/generated/server/internal.js
7:56:02 AM [vite] (client) page reload .svelte-kit/generated/client/nodes/16.js
7:56:02 AM [vite] (client) page reload .svelte-kit/generated/client/nodes/17.js
7:56:02 AM [vite] (client) page reload .svelte-kit/generated/client/nodes/19.js
7:56:02 AM [vite] (client) page reload .svelte-kit/generated/client/nodes/21.js
7:56:02 AM [vite] (client) page reload .svelte-kit/generated/client/matchers.js
7:56:02 AM [vite] (client) page reload .svelte-kit/generated/root.js
7:56:02 AM [vite] (ssr) page reload .svelte-kit/generated/root.js
7:56:02 AM [vite] (ssr) page reload .svelte-kit/generated/root.svelte
8:13:39 AM [vite] (client) page reload .svelte-kit/generated/client/nodes/0.js
8:13:39 AM [vite] (client) page reload .svelte-kit/generated/client/nodes/1.js
8:13:39 AM [vite] (client) page reload .svelte-kit/generated/client/nodes/16.js
8:13:39 AM [vite] (client) page reload .svelte-kit/generated/client/nodes/17.js
8:13:39 AM [vite] (client) page reload .svelte-kit/generated/client/app.js
8:13:39 AM [vite] (ssr) page reload .svelte-kit/generated/shared/error-template.js
8:13:39 AM [vite] (ssr) page reload .svelte-kit/generated/server/internal.js
8:13:39 AM [vite] (client) page reload .svelte-kit/generated/client/nodes/19.js
8:13:39 AM [vite] (client) page reload .svelte-kit/generated/client/nodes/21.js
8:13:39 AM [vite] (client) page reload .svelte-kit/generated/client/matchers.js
8:13:39 AM [vite] (client) page reload .svelte-kit/generated/root.js
8:13:39 AM [vite] (ssr) page reload .svelte-kit/generated/root.js
8:13:39 AM [vite] (ssr) page reload .svelte-kit/generated/root.svelte
8:21:58 AM [vite] (client) page reload .svelte-kit/generated/client/nodes/0.js
8:21:58 AM [vite] (client) page reload .svelte-kit/generated/client/nodes/1.js
8:21:58 AM [vite] (client) page reload .svelte-kit/generated/client/nodes/16.js
8:21:58 AM [vite] (client) page reload .svelte-kit/generated/client/nodes/17.js
8:21:58 AM [vite] (client) page reload .svelte-kit/generated/client/nodes/19.js
8:21:58 AM [vite] (client) page reload .svelte-kit/generated/client/nodes/21.js
8:21:58 AM [vite] (client) page reload .svelte-kit/generated/client/app.js
8:21:58 AM [vite] (ssr) page reload .svelte-kit/generated/shared/error-template.js
8:21:58 AM [vite] (client) page reload .svelte-kit/generated/client/matchers.js
8:21:58 AM [vite] (ssr) page reload .svelte-kit/generated/server/internal.js
8:21:58 AM [vite] (client) page reload .svelte-kit/generated/root.js
8:21:58 AM [vite] (ssr) page reload .svelte-kit/generated/root.js
8:21:58 AM [vite] (ssr) page reload .svelte-kit/generated/root.svelte
8:23:24 AM [vite] (client) page reload .svelte-kit/generated/client/nodes/0.js
8:23:24 AM [vite] (client) page reload .svelte-kit/generated/client/app.js
8:23:24 AM [vite] (ssr) page reload .svelte-kit/generated/shared/error-template.js
8:23:24 AM [vite] (ssr) page reload .svelte-kit/generated/server/internal.js
8:23:24 AM [vite] (client) page reload .svelte-kit/generated/client/nodes/1.js
8:23:24 AM [vite] (client) page reload .svelte-kit/generated/client/nodes/16.js
8:23:24 AM [vite] (client) page reload .svelte-kit/generated/client/nodes/17.js
8:23:24 AM [vite] (client) page reload .svelte-kit/generated/client/nodes/19.js
8:23:24 AM [vite] (client) page reload .svelte-kit/generated/client/nodes/21.js
8:23:24 AM [vite] (client) page reload .svelte-kit/generated/client/matchers.js
8:23:24 AM [vite] (client) page reload .svelte-kit/generated/root.js
8:23:24 AM [vite] (ssr) page reload .svelte-kit/generated/root.js
8:23:24 AM [vite] (ssr) page reload .svelte-kit/generated/root.svelte
8:24:27 AM [vite] (client) page reload .svelte-kit/generated/client/nodes/0.js
8:24:27 AM [vite] (client) page reload .svelte-kit/generated/client/nodes/1.js
8:24:27 AM [vite] (client) page reload .svelte-kit/generated/client/app.js
8:24:27 AM [vite] (ssr) page reload .svelte-kit/generated/shared/error-template.js
8:24:27 AM [vite] (client) page reload .svelte-kit/generated/client/nodes/16.js
8:24:27 AM [vite] (client) page reload .svelte-kit/generated/client/nodes/17.js
8:24:27 AM [vite] (client) page reload .svelte-kit/generated/client/nodes/19.js
8:24:27 AM [vite] (client) page reload .svelte-kit/generated/client/nodes/21.js
8:24:27 AM [vite] (ssr) page reload .svelte-kit/generated/server/internal.js
8:24:27 AM [vite] (client) page reload .svelte-kit/generated/client/matchers.js
8:24:27 AM [vite] (client) page reload .svelte-kit/generated/root.js
8:24:27 AM [vite] (ssr) page reload .svelte-kit/generated/root.js
8:24:27 AM [vite] (ssr) page reload .svelte-kit/generated/root.svelte
8:25:18 AM [vite] (client) page reload .svelte-kit/generated/client/nodes/0.js
8:25:18 AM [vite] (client) page reload .svelte-kit/generated/client/nodes/1.js
8:25:18 AM [vite] (client) page reload .svelte-kit/generated/client/app.js
8:25:18 AM [vite] (ssr) page reload .svelte-kit/generated/shared/error-template.js
8:25:18 AM [vite] (ssr) page reload .svelte-kit/generated/server/internal.js
8:25:18 AM [vite] (client) page reload .svelte-kit/generated/client/nodes/16.js
8:25:18 AM [vite] (client) page reload .svelte-kit/generated/client/nodes/17.js
8:25:18 AM [vite] (client) page reload .svelte-kit/generated/client/nodes/19.js
8:25:18 AM [vite] (client) page reload .svelte-kit/generated/client/nodes/21.js
8:25:18 AM [vite] (client) page reload .svelte-kit/generated/client/app.js
8:25:18 AM [vite] (client) page reload .svelte-kit/generated/client/matchers.js
8:25:18 AM [vite] (ssr) page reload .svelte-kit/generated/shared/error-template.js
8:25:18 AM [vite] (ssr) page reload .svelte-kit/generated/server/internal.js
8:25:18 AM [vite] (client) page reload .svelte-kit/generated/root.js
8:25:18 AM [vite] (ssr) page reload .svelte-kit/generated/root.js
8:25:18 AM [vite] (client) page reload .svelte-kit/generated/client/nodes/0.js
8:25:18 AM [vite] (client) page reload .svelte-kit/generated/client/nodes/1.js
8:25:18 AM [vite] (client) page reload .svelte-kit/generated/client/nodes/16.js
8:25:18 AM [vite] (client) page reload .svelte-kit/generated/client/nodes/17.js
8:25:18 AM [vite] (client) page reload .svelte-kit/generated/client/nodes/19.js
8:25:18 AM [vite] (client) page reload .svelte-kit/generated/client/nodes/21.js
8:25:19 AM [vite] (ssr) page reload .svelte-kit/generated/root.svelte
8:25:19 AM [vite] (ssr) page reload .svelte-kit/generated/root.svelte
8:26:24 AM [vite] (client) page reload .svelte-kit/generated/client/nodes/0.js
8:26:24 AM [vite] (client) page reload .svelte-kit/generated/client/nodes/1.js
8:26:24 AM [vite] (client) page reload .svelte-kit/generated/client/nodes/16.js
8:26:24 AM [vite] (client) page reload .svelte-kit/generated/client/nodes/17.js
8:26:24 AM [vite] (client) page reload .svelte-kit/generated/client/nodes/19.js
8:26:24 AM [vite] (client) page reload .svelte-kit/generated/client/nodes/21.js
8:26:24 AM [vite] (client) page reload .svelte-kit/generated/client/app.js
8:26:24 AM [vite] (ssr) page reload .svelte-kit/generated/shared/error-template.js
8:26:24 AM [vite] (ssr) page reload .svelte-kit/generated/server/internal.js
8:26:24 AM [vite] (client) page reload .svelte-kit/generated/client/matchers.js
8:26:24 AM [vite] (client) page reload .svelte-kit/generated/root.js
8:26:24 AM [vite] (ssr) page reload .svelte-kit/generated/root.js
8:26:24 AM [vite] (client) page reload .svelte-kit/generated/client/nodes/0.js
8:26:24 AM [vite] (client) page reload .svelte-kit/generated/client/nodes/1.js
8:26:24 AM [vite] (client) page reload .svelte-kit/generated/client/app.js
8:26:24 AM [vite] (client) page reload .svelte-kit/generated/client/nodes/16.js
8:26:24 AM [vite] (client) page reload .svelte-kit/generated/client/nodes/17.js
8:26:24 AM [vite] (client) page reload .svelte-kit/generated/client/nodes/19.js
8:26:24 AM [vite] (client) page reload .svelte-kit/generated/client/nodes/21.js
8:26:24 AM [vite] (ssr) page reload .svelte-kit/generated/shared/error-template.js
8:26:24 AM [vite] (ssr) page reload .svelte-kit/generated/server/internal.js
8:26:24 AM [vite] (client) page reload .svelte-kit/generated/client/matchers.js
8:26:24 AM [vite] (client) page reload .svelte-kit/generated/root.js
8:26:24 AM [vite] (ssr) page reload .svelte-kit/generated/root.js
8:26:24 AM [vite] (ssr) page reload .svelte-kit/generated/root.svelte
8:26:24 AM [vite] (ssr) page reload .svelte-kit/generated/root.svelte
8:41:48 AM [vite] (client) hmr update /src/routes/studio/generations/[id]/+page.svelte, /src/app.css
8:41:48 AM [vite] (ssr) page reload src/routes/studio/generations/[id]/+page.svelte
8:42:13 AM [vite] (client) hmr update /src/app.css
8:42:13 AM [vite] (ssr) page reload src/routes/studio/generations/[id]/page.test.ts
8:42:53 AM [vite] (client) page reload .svelte-kit/generated/client/nodes/0.js
8:42:53 AM [vite] (client) page reload .svelte-kit/generated/client/nodes/1.js
8:42:53 AM [vite] (client) page reload .svelte-kit/generated/client/nodes/16.js
8:42:53 AM [vite] (client) page reload .svelte-kit/generated/client/nodes/17.js
8:42:53 AM [vite] (client) page reload .svelte-kit/generated/client/nodes/19.js
8:42:53 AM [vite] (client) page reload .svelte-kit/generated/client/nodes/21.js
8:42:53 AM [vite] (client) page reload .svelte-kit/generated/client/app.js
8:42:53 AM [vite] (ssr) page reload .svelte-kit/generated/shared/error-template.js
8:42:53 AM [vite] (ssr) page reload .svelte-kit/generated/server/internal.js
8:42:53 AM [vite] (client) page reload .svelte-kit/generated/client/matchers.js
8:42:53 AM [vite] (client) page reload .svelte-kit/generated/root.js
8:42:53 AM [vite] (ssr) page reload .svelte-kit/generated/root.js
8:42:55 AM [vite] (ssr) page reload .svelte-kit/generated/root.svelte
8:43:50 AM [vite] (client) page reload .svelte-kit/generated/client/nodes/0.js
8:43:50 AM [vite] (client) page reload .svelte-kit/generated/client/app.js
8:43:50 AM [vite] (client) page reload .svelte-kit/generated/client/nodes/1.js
8:43:50 AM [vite] (client) page reload .svelte-kit/generated/client/nodes/16.js
8:43:50 AM [vite] (client) page reload .svelte-kit/generated/client/nodes/17.js
8:43:50 AM [vite] (client) page reload .svelte-kit/generated/client/nodes/19.js
8:43:50 AM [vite] (client) page reload .svelte-kit/generated/client/nodes/21.js
8:43:50 AM [vite] (ssr) page reload .svelte-kit/generated/shared/error-template.js
8:43:50 AM [vite] (ssr) page reload .svelte-kit/generated/server/internal.js
8:43:50 AM [vite] (client) page reload .svelte-kit/generated/client/matchers.js
8:43:50 AM [vite] (client) page reload .svelte-kit/generated/root.js
8:43:50 AM [vite] (ssr) page reload .svelte-kit/generated/root.js
8:43:50 AM [vite] (ssr) page reload .svelte-kit/generated/root.svelte
8:47:35 AM [vite] (client) page reload .svelte-kit/generated/client/nodes/0.js
8:47:35 AM [vite] (client) page reload .svelte-kit/generated/client/nodes/1.js
8:47:35 AM [vite] (client) page reload .svelte-kit/generated/client/app.js
8:47:35 AM [vite] (ssr) page reload .svelte-kit/generated/shared/error-template.js
8:47:35 AM [vite] (ssr) page reload .svelte-kit/generated/server/internal.js
8:47:35 AM [vite] (client) page reload .svelte-kit/generated/client/nodes/16.js
8:47:35 AM [vite] (client) page reload .svelte-kit/generated/client/nodes/17.js
8:47:35 AM [vite] (client) page reload .svelte-kit/generated/client/nodes/19.js
8:47:35 AM [vite] (client) page reload .svelte-kit/generated/client/nodes/21.js
8:47:35 AM [vite] (client) page reload .svelte-kit/generated/client/matchers.js
8:47:35 AM [vite] (client) page reload .svelte-kit/generated/root.js
8:47:35 AM [vite] (ssr) page reload .svelte-kit/generated/root.js
8:47:36 AM [vite] (ssr) page reload .svelte-kit/generated/root.svelte
8:50:32 AM [vite] (client) page reload .svelte-kit/generated/client/nodes/0.js
8:50:32 AM [vite] (client) page reload .svelte-kit/generated/client/nodes/1.js
8:50:32 AM [vite] (client) page reload .svelte-kit/generated/client/nodes/16.js
8:50:32 AM [vite] (client) page reload .svelte-kit/generated/client/nodes/17.js
8:50:32 AM [vite] (client) page reload .svelte-kit/generated/client/app.js
8:50:32 AM [vite] (ssr) page reload .svelte-kit/generated/shared/error-template.js
8:50:32 AM [vite] (ssr) page reload .svelte-kit/generated/server/internal.js
8:50:32 AM [vite] (client) page reload .svelte-kit/generated/client/nodes/19.js
8:50:32 AM [vite] (client) page reload .svelte-kit/generated/client/nodes/21.js
8:50:32 AM [vite] (client) page reload .svelte-kit/generated/client/matchers.js
8:50:32 AM [vite] (client) page reload .svelte-kit/generated/root.js
8:50:32 AM [vite] (ssr) page reload .svelte-kit/generated/root.js
8:50:32 AM [vite] (ssr) page reload .svelte-kit/generated/root.svelte
8:57:27 AM [vite] (client) page reload .svelte-kit/generated/client/nodes/0.js
8:57:27 AM [vite] (client) page reload .svelte-kit/generated/client/nodes/1.js
8:57:27 AM [vite] (client) page reload .svelte-kit/generated/client/app.js
8:57:27 AM [vite] (ssr) page reload .svelte-kit/generated/shared/error-template.js
8:57:27 AM [vite] (client) page reload .svelte-kit/generated/client/nodes/16.js
8:57:27 AM [vite] (client) page reload .svelte-kit/generated/client/nodes/17.js
8:57:27 AM [vite] (client) page reload .svelte-kit/generated/client/nodes/19.js
8:57:27 AM [vite] (client) page reload .svelte-kit/generated/client/nodes/21.js
8:57:27 AM [vite] (client) page reload .svelte-kit/generated/client/matchers.js
8:57:27 AM [vite] (ssr) page reload .svelte-kit/generated/server/internal.js
8:57:27 AM [vite] (client) page reload .svelte-kit/generated/root.js
8:57:27 AM [vite] (ssr) page reload .svelte-kit/generated/root.js
8:57:28 AM [vite] (ssr) page reload .svelte-kit/generated/root.svelte
8:58:14 AM [vite] (client) page reload .svelte-kit/generated/client/nodes/0.js
8:58:14 AM [vite] (client) page reload .svelte-kit/generated/client/app.js
8:58:14 AM [vite] (ssr) page reload .svelte-kit/generated/shared/error-template.js
8:58:14 AM [vite] (ssr) page reload .svelte-kit/generated/server/internal.js
8:58:14 AM [vite] (client) page reload .svelte-kit/generated/client/nodes/1.js
8:58:14 AM [vite] (client) page reload .svelte-kit/generated/client/nodes/16.js
8:58:14 AM [vite] (client) page reload .svelte-kit/generated/client/nodes/17.js
8:58:14 AM [vite] (client) page reload .svelte-kit/generated/client/nodes/19.js
8:58:14 AM [vite] (client) page reload .svelte-kit/generated/client/nodes/21.js
8:58:14 AM [vite] (client) page reload .svelte-kit/generated/client/matchers.js
8:58:14 AM [vite] (client) page reload .svelte-kit/generated/root.js
8:58:14 AM [vite] (ssr) page reload .svelte-kit/generated/root.js
8:58:15 AM [vite] (ssr) page reload .svelte-kit/generated/root.svelte
8:59:04 AM [vite] (client) page reload .svelte-kit/generated/client/nodes/0.js
8:59:04 AM [vite] (client) page reload .svelte-kit/generated/client/nodes/1.js
8:59:04 AM [vite] (client) page reload .svelte-kit/generated/client/app.js
8:59:04 AM [vite] (ssr) page reload .svelte-kit/generated/shared/error-template.js
8:59:04 AM [vite] (ssr) page reload .svelte-kit/generated/server/internal.js
8:59:04 AM [vite] (client) page reload .svelte-kit/generated/client/nodes/16.js
8:59:04 AM [vite] (client) page reload .svelte-kit/generated/client/nodes/17.js
8:59:04 AM [vite] (client) page reload .svelte-kit/generated/client/nodes/19.js
8:59:04 AM [vite] (client) page reload .svelte-kit/generated/client/nodes/21.js
8:59:04 AM [vite] (client) page reload .svelte-kit/generated/client/matchers.js
8:59:04 AM [vite] (client) page reload .svelte-kit/generated/root.js
8:59:04 AM [vite] (ssr) page reload .svelte-kit/generated/root.js
8:59:04 AM [vite] (ssr) page reload .svelte-kit/generated/root.svelte
9:52:05 AM [vite] (client) hmr update /src/app.css
9:52:05 AM [vite] (ssr) page reload src/routes/studio/print/[id]/+page.svelte
9:52:05 AM [vite] (client) hmr update /src/app.css
9:52:05 AM [vite] (ssr) page reload src/routes/studio/print/[id]/page.test.ts
9:52:48 AM [vite] (client) page reload .svelte-kit/generated/client/nodes/0.js
9:52:48 AM [vite] (client) page reload .svelte-kit/generated/client/nodes/0.js
9:52:48 AM [vite] (client) page reload .svelte-kit/generated/client/nodes/1.js
9:52:48 AM [vite] (client) page reload .svelte-kit/generated/client/nodes/8.js
9:52:49 AM [vite] (client) page reload .svelte-kit/generated/client/app.js
9:52:49 AM [vite] (ssr) page reload .svelte-kit/generated/shared/error-template.js
9:52:49 AM [vite] (client) page reload .svelte-kit/generated/client/nodes/16.js
9:52:49 AM [vite] (client) page reload .svelte-kit/generated/client/nodes/17.js
9:52:49 AM [vite] (client) page reload .svelte-kit/generated/client/nodes/19.js
9:52:49 AM [vite] (client) page reload .svelte-kit/generated/client/nodes/21.js
9:52:49 AM [vite] (ssr) page reload .svelte-kit/generated/server/internal.js
9:52:49 AM [vite] (client) page reload .svelte-kit/generated/client/app.js
9:52:49 AM [vite] (client) page reload .svelte-kit/generated/client/matchers.js
9:52:49 AM [vite] (client) page reload .svelte-kit/generated/root.js
9:52:49 AM [vite] (ssr) page reload .svelte-kit/generated/root.js
9:52:49 AM [vite] (ssr) page reload .svelte-kit/generated/root.svelte
9:53:59 AM [vite] (client) page reload .svelte-kit/generated/client/nodes/0.js
9:53:59 AM [vite] (client) page reload .svelte-kit/generated/client/nodes/1.js
9:53:59 AM [vite] (client) page reload .svelte-kit/generated/client/nodes/8.js
9:53:59 AM [vite] (client) page reload .svelte-kit/generated/client/app.js
9:53:59 AM [vite] (ssr) page reload .svelte-kit/generated/shared/error-template.js
9:53:59 AM [vite] (ssr) page reload .svelte-kit/generated/server/internal.js
9:53:59 AM [vite] (client) page reload .svelte-kit/generated/client/nodes/16.js
9:53:59 AM [vite] (client) page reload .svelte-kit/generated/client/nodes/17.js
9:53:59 AM [vite] (client) page reload .svelte-kit/generated/client/nodes/19.js
9:53:59 AM [vite] (client) page reload .svelte-kit/generated/client/nodes/21.js
9:53:59 AM [vite] (client) page reload .svelte-kit/generated/client/matchers.js
9:53:59 AM [vite] (client) page reload .svelte-kit/generated/root.js
9:53:59 AM [vite] (ssr) page reload .svelte-kit/generated/root.js
9:53:59 AM [vite] (ssr) page reload .svelte-kit/generated/root.svelte
10:13:38 AM [vite] (client) page reload .svelte-kit/generated/client/nodes/0.js
10:13:39 AM [vite] (client) page reload .svelte-kit/generated/client/nodes/0.js
10:13:39 AM [vite] (client) page reload .svelte-kit/generated/client/nodes/1.js
10:13:39 AM [vite] (client) page reload .svelte-kit/generated/client/nodes/8.js
10:13:39 AM [vite] (client) page reload .svelte-kit/generated/client/app.js
10:13:39 AM [vite] (ssr) page reload .svelte-kit/generated/shared/error-template.js
10:13:39 AM [vite] (ssr) page reload .svelte-kit/generated/server/internal.js
10:13:39 AM [vite] (client) page reload .svelte-kit/generated/client/nodes/16.js
10:13:39 AM [vite] (client) page reload .svelte-kit/generated/client/nodes/17.js
10:13:39 AM [vite] (client) page reload .svelte-kit/generated/client/nodes/19.js
10:13:39 AM [vite] (client) page reload .svelte-kit/generated/client/nodes/21.js
10:13:39 AM [vite] (client) page reload .svelte-kit/generated/client/app.js
10:13:39 AM [vite] (client) page reload .svelte-kit/generated/client/matchers.js
10:13:39 AM [vite] (ssr) page reload .svelte-kit/generated/shared/error-template.js
10:13:39 AM [vite] (ssr) page reload .svelte-kit/generated/server/internal.js
10:13:39 AM [vite] (client) page reload .svelte-kit/generated/root.js
10:13:39 AM [vite] (ssr) page reload .svelte-kit/generated/root.js
10:13:40 AM [vite] (ssr) page reload .svelte-kit/generated/root.svelte
10:13:40 AM [vite] (ssr) page reload .svelte-kit/generated/root.svelte
10:17:30 AM [vite] (client) page reload .svelte-kit/generated/client/nodes/0.js
10:17:30 AM [vite] (client) page reload .svelte-kit/generated/client/nodes/0.js
10:17:30 AM [vite] (client) page reload .svelte-kit/generated/client/nodes/1.js
10:17:30 AM [vite] (client) page reload .svelte-kit/generated/client/nodes/8.js
10:17:30 AM [vite] (client) page reload .svelte-kit/generated/client/app.js
10:17:30 AM [vite] (ssr) page reload .svelte-kit/generated/shared/error-template.js
10:17:30 AM [vite] (ssr) page reload .svelte-kit/generated/server/internal.js
10:17:30 AM [vite] (client) page reload .svelte-kit/generated/client/nodes/16.js
10:17:30 AM [vite] (client) page reload .svelte-kit/generated/client/nodes/17.js
10:17:30 AM [vite] (client) page reload .svelte-kit/generated/client/nodes/19.js
10:17:30 AM [vite] (client) page reload .svelte-kit/generated/client/nodes/21.js
10:17:30 AM [vite] (client) page reload .svelte-kit/generated/client/app.js
10:17:30 AM [vite] (client) page reload .svelte-kit/generated/client/matchers.js
10:17:30 AM [vite] (ssr) page reload .svelte-kit/generated/shared/error-template.js
10:17:30 AM [vite] (ssr) page reload .svelte-kit/generated/server/internal.js
10:17:30 AM [vite] (client) page reload .svelte-kit/generated/root.js
10:17:30 AM [vite] (ssr) page reload .svelte-kit/generated/root.js
10:17:31 AM [vite] (ssr) page reload .svelte-kit/generated/root.svelte
10:17:31 AM [vite] (ssr) page reload .svelte-kit/generated/root.svelte
10:20:13 AM [vite] (client) page reload .svelte-kit/generated/client/nodes/0.js
10:20:13 AM [vite] (client) page reload .svelte-kit/generated/client/nodes/0.js
10:20:13 AM [vite] (client) page reload .svelte-kit/generated/client/nodes/1.js
10:20:13 AM [vite] (client) page reload .svelte-kit/generated/client/nodes/8.js
10:20:13 AM [vite] (client) page reload .svelte-kit/generated/client/nodes/16.js
10:20:13 AM [vite] (client) page reload .svelte-kit/generated/client/nodes/17.js
10:20:13 AM [vite] (client) page reload .svelte-kit/generated/client/nodes/19.js
10:20:13 AM [vite] (client) page reload .svelte-kit/generated/client/app.js
10:20:13 AM [vite] (ssr) page reload .svelte-kit/generated/shared/error-template.js
10:20:13 AM [vite] (ssr) page reload .svelte-kit/generated/server/internal.js
10:20:13 AM [vite] (client) page reload .svelte-kit/generated/client/nodes/21.js
10:20:13 AM [vite] (client) page reload .svelte-kit/generated/client/app.js
10:20:13 AM [vite] (client) page reload .svelte-kit/generated/client/matchers.js
10:20:13 AM [vite] (client) page reload .svelte-kit/generated/root.js
10:20:13 AM [vite] (ssr) page reload .svelte-kit/generated/root.js
10:20:14 AM [vite] (ssr) page reload .svelte-kit/generated/root.svelte
10:22:11 AM [vite] (client) page reload .svelte-kit/generated/client/nodes/0.js
10:22:11 AM [vite] (client) page reload .svelte-kit/generated/client/nodes/1.js
10:22:11 AM [vite] (client) page reload .svelte-kit/generated/client/nodes/8.js
10:22:11 AM [vite] (client) page reload .svelte-kit/generated/client/nodes/16.js
10:22:11 AM [vite] (client) page reload .svelte-kit/generated/client/nodes/17.js
10:22:11 AM [vite] (client) page reload .svelte-kit/generated/client/app.js
10:22:11 AM [vite] (ssr) page reload .svelte-kit/generated/shared/error-template.js
10:22:11 AM [vite] (ssr) page reload .svelte-kit/generated/server/internal.js
10:22:11 AM [vite] (client) page reload .svelte-kit/generated/client/nodes/19.js
10:22:11 AM [vite] (client) page reload .svelte-kit/generated/client/nodes/21.js
10:22:11 AM [vite] (client) page reload .svelte-kit/generated/client/matchers.js
10:22:11 AM [vite] (client) page reload .svelte-kit/generated/root.js
10:22:11 AM [vite] (ssr) page reload .svelte-kit/generated/root.js
10:22:41 AM [vite] (ssr) page reload .svelte-kit/generated/root.svelte
10:32:55 AM [vite] (client) hmr update /src/app.css
10:32:55 AM [vite] (ssr) page reload src/routes/studio/print/[id]/page.test.ts
10:32:55 AM [vite] (client) hmr update /src/routes/studio/print/[id]/+page.svelte, /src/app.css
10:32:55 AM [vite] (ssr) page reload src/routes/studio/print/[id]/+page.svelte
10:33:26 AM [vite] (client) page reload .svelte-kit/generated/client/nodes/0.js
10:33:26 AM [vite] (client) page reload .svelte-kit/generated/client/nodes/1.js
10:33:26 AM [vite] (client) page reload .svelte-kit/generated/client/nodes/8.js
10:33:26 AM [vite] (client) page reload .svelte-kit/generated/client/nodes/9.js
10:33:26 AM [vite] (client) page reload .svelte-kit/generated/client/app.js
10:33:26 AM [vite] (ssr) page reload .svelte-kit/generated/shared/error-template.js
10:33:26 AM [vite] (ssr) page reload .svelte-kit/generated/server/internal.js
10:33:26 AM [vite] (client) page reload .svelte-kit/generated/client/nodes/16.js
10:33:26 AM [vite] (client) page reload .svelte-kit/generated/client/nodes/17.js
10:33:26 AM [vite] (client) page reload .svelte-kit/generated/client/nodes/18.js
10:33:26 AM [vite] (client) page reload .svelte-kit/generated/client/nodes/19.js
10:33:26 AM [vite] (client) page reload .svelte-kit/generated/client/nodes/21.js
10:33:26 AM [vite] (client) page reload .svelte-kit/generated/client/app.js
10:33:26 AM [vite] (client) page reload .svelte-kit/generated/client/matchers.js
10:33:26 AM [vite] (client) page reload .svelte-kit/generated/root.js
10:33:26 AM [vite] (ssr) page reload .svelte-kit/generated/root.js
10:33:26 AM [vite] (ssr) page reload .svelte-kit/generated/root.svelte
10:34:22 AM [vite] (client) page reload .svelte-kit/generated/client/nodes/0.js
10:34:22 AM [vite] (client) page reload .svelte-kit/generated/client/nodes/1.js
10:34:22 AM [vite] (client) page reload .svelte-kit/generated/client/nodes/8.js
10:34:22 AM [vite] (client) page reload .svelte-kit/generated/client/nodes/9.js
10:34:23 AM [vite] (client) page reload .svelte-kit/generated/client/app.js
10:34:23 AM [vite] (ssr) page reload .svelte-kit/generated/shared/error-template.js
10:34:23 AM [vite] (ssr) page reload .svelte-kit/generated/server/internal.js
10:34:23 AM [vite] (client) page reload .svelte-kit/generated/client/nodes/16.js
10:34:23 AM [vite] (client) page reload .svelte-kit/generated/client/nodes/17.js
10:34:23 AM [vite] (client) page reload .svelte-kit/generated/client/nodes/18.js
10:34:23 AM [vite] (client) page reload .svelte-kit/generated/client/nodes/19.js
10:34:23 AM [vite] (client) page reload .svelte-kit/generated/client/nodes/21.js
10:34:23 AM [vite] (client) page reload .svelte-kit/generated/client/matchers.js
10:34:23 AM [vite] (client) page reload .svelte-kit/generated/root.js
10:34:23 AM [vite] (ssr) page reload .svelte-kit/generated/root.js
10:34:23 AM [vite] (ssr) page reload .svelte-kit/generated/root.svelte
10:39:57 AM [vite] (client) hmr update /src/app.css
10:39:58 AM [vite] (ssr) page reload src/routes/studio/print/[id]/page.test.ts
10:39:58 AM [vite] (client) hmr update /src/routes/studio/print/[id]/+page.svelte, /src/app.css
10:39:58 AM [vite] (ssr) page reload src/routes/studio/print/[id]/+page.svelte
10:40:17 AM [vite] (client) page reload .svelte-kit/generated/client/nodes/0.js
10:40:17 AM [vite] (client) page reload .svelte-kit/generated/client/nodes/1.js
10:40:17 AM [vite] (client) page reload .svelte-kit/generated/client/nodes/8.js
10:40:17 AM [vite] (client) page reload .svelte-kit/generated/client/nodes/9.js
10:40:17 AM [vite] (client) page reload .svelte-kit/generated/client/app.js
10:40:17 AM [vite] (ssr) page reload .svelte-kit/generated/shared/error-template.js
10:40:17 AM [vite] (ssr) page reload .svelte-kit/generated/server/internal.js
10:40:17 AM [vite] (client) page reload .svelte-kit/generated/client/nodes/16.js
10:40:17 AM [vite] (client) page reload .svelte-kit/generated/client/nodes/17.js
10:40:17 AM [vite] (client) page reload .svelte-kit/generated/client/nodes/18.js
10:40:17 AM [vite] (client) page reload .svelte-kit/generated/client/nodes/19.js
10:40:17 AM [vite] (client) page reload .svelte-kit/generated/client/nodes/21.js
10:40:17 AM [vite] (client) page reload .svelte-kit/generated/client/matchers.js
10:40:17 AM [vite] (client) page reload .svelte-kit/generated/root.js
10:40:17 AM [vite] (ssr) page reload .svelte-kit/generated/root.js
10:40:18 AM [vite] (ssr) page reload .svelte-kit/generated/root.svelte
10:40:32 AM [vite] (client) page reload .svelte-kit/generated/client/nodes/0.js
10:40:32 AM [vite] (client) page reload .svelte-kit/generated/client/nodes/1.js
10:40:32 AM [vite] (client) page reload .svelte-kit/generated/client/nodes/8.js
10:40:32 AM [vite] (client) page reload .svelte-kit/generated/client/nodes/9.js
10:40:32 AM [vite] (client) page reload .svelte-kit/generated/client/app.js
10:40:32 AM [vite] (ssr) page reload .svelte-kit/generated/shared/error-template.js
10:40:32 AM [vite] (ssr) page reload .svelte-kit/generated/server/internal.js
10:40:32 AM [vite] (client) page reload .svelte-kit/generated/client/nodes/16.js
10:40:32 AM [vite] (client) page reload .svelte-kit/generated/client/nodes/17.js
10:40:32 AM [vite] (client) page reload .svelte-kit/generated/client/nodes/18.js
10:40:32 AM [vite] (client) page reload .svelte-kit/generated/client/nodes/19.js
10:40:32 AM [vite] (client) page reload .svelte-kit/generated/client/nodes/21.js
10:40:32 AM [vite] (client) page reload .svelte-kit/generated/client/app.js
10:40:32 AM [vite] (client) page reload .svelte-kit/generated/client/matchers.js
10:40:32 AM [vite] (ssr) page reload .svelte-kit/generated/shared/error-template.js
10:40:32 AM [vite] (client) page reload .svelte-kit/generated/root.js
10:40:32 AM [vite] (ssr) page reload .svelte-kit/generated/root.js
10:40:33 AM [vite] (ssr) page reload .svelte-kit/generated/root.svelte
10:43:59 AM [vite] (client) page reload .svelte-kit/generated/client/nodes/0.js
10:43:59 AM [vite] (client) page reload .svelte-kit/generated/client/nodes/1.js
10:43:59 AM [vite] (client) page reload .svelte-kit/generated/client/nodes/8.js
10:43:59 AM [vite] (client) page reload .svelte-kit/generated/client/nodes/9.js
10:43:59 AM [vite] (client) page reload .svelte-kit/generated/client/app.js
10:43:59 AM [vite] (ssr) page reload .svelte-kit/generated/shared/error-template.js
10:43:59 AM [vite] (ssr) page reload .svelte-kit/generated/server/internal.js
10:43:59 AM [vite] (client) page reload .svelte-kit/generated/client/nodes/16.js
10:43:59 AM [vite] (client) page reload .svelte-kit/generated/client/nodes/17.js
10:43:59 AM [vite] (client) page reload .svelte-kit/generated/client/nodes/18.js
10:43:59 AM [vite] (client) page reload .svelte-kit/generated/client/nodes/19.js
10:43:59 AM [vite] (client) page reload .svelte-kit/generated/client/nodes/21.js
10:43:59 AM [vite] (client) page reload .svelte-kit/generated/client/matchers.js
10:43:59 AM [vite] (client) page reload .svelte-kit/generated/root.js
10:43:59 AM [vite] (ssr) page reload .svelte-kit/generated/root.js
10:43:59 AM [vite] (ssr) page reload .svelte-kit/generated/root.svelte
10:46:03 AM [vite] (client) page reload .svelte-kit/generated/client/nodes/0.js
10:46:03 AM [vite] (client) page reload .svelte-kit/generated/client/nodes/1.js
10:46:03 AM [vite] (client) page reload .svelte-kit/generated/client/nodes/8.js
10:46:03 AM [vite] (client) page reload .svelte-kit/generated/client/nodes/9.js
10:46:03 AM [vite] (client) page reload .svelte-kit/generated/client/app.js
10:46:03 AM [vite] (ssr) page reload .svelte-kit/generated/shared/error-template.js
10:46:03 AM [vite] (ssr) page reload .svelte-kit/generated/server/internal.js
10:46:03 AM [vite] (client) page reload .svelte-kit/generated/client/nodes/16.js
10:46:03 AM [vite] (client) page reload .svelte-kit/generated/client/nodes/17.js
10:46:03 AM [vite] (client) page reload .svelte-kit/generated/client/nodes/18.js
10:46:03 AM [vite] (client) page reload .svelte-kit/generated/client/nodes/19.js
10:46:03 AM [vite] (client) page reload .svelte-kit/generated/client/nodes/21.js
10:46:03 AM [vite] (client) page reload .svelte-kit/generated/client/app.js
10:46:04 AM [vite] (client) page reload .svelte-kit/generated/client/matchers.js
10:46:04 AM [vite] (ssr) page reload .svelte-kit/generated/shared/error-template.js
10:46:04 AM [vite] (ssr) page reload .svelte-kit/generated/server/internal.js
10:46:04 AM [vite] (client) page reload .svelte-kit/generated/root.js
10:46:04 AM [vite] (ssr) page reload .svelte-kit/generated/root.js
10:46:04 AM [vite] (ssr) page reload .svelte-kit/generated/root.svelte
10:46:05 AM [vite] (ssr) page reload .svelte-kit/generated/root.svelte
10:55:47 AM [vite] (client) hmr update /src/routes/studio/print/[id]/+page.svelte, /src/routes/studio/print/[id]/+page.svelte?svelte&type=style&lang.css, /src/app.css
10:55:47 AM [vite] (ssr) page reload src/routes/studio/print/[id]/+page.svelte
10:56:40 AM [vite] (client) hmr update /src/routes/studio/print/[id]/+page.svelte, /src/routes/studio/print/[id]/+page.svelte?svelte&type=style&lang.css, /src/app.css
10:56:40 AM [vite] (ssr) page reload src/routes/studio/print/[id]/+page.svelte
10:57:18 AM [vite] (client) hmr update /src/app.css
10:57:18 AM [vite] (ssr) page reload src/routes/studio/print/[id]/+page.svelte
10:58:28 AM [vite] (client) hmr update /src/routes/studio/print/[id]/+page.svelte, /src/routes/studio/print/[id]/+page.svelte?svelte&type=style&lang.css, /src/app.css
10:58:28 AM [vite] (ssr) page reload src/routes/studio/print/[id]/+page.svelte
10:58:46 AM [vite] (client) hmr update /src/routes/studio/print/[id]/+page.svelte, /src/routes/studio/print/[id]/+page.svelte?svelte&type=style&lang.css, /src/app.css
10:58:46 AM [vite] (ssr) page reload src/routes/studio/print/[id]/+page.svelte
10:59:38 AM [vite] (client) hmr update /src/routes/+layout.svelte, /src/routes/login/+page.svelte, /src/routes/units/+page.svelte, /src/routes/units/[id]/+page.svelte, /src/lib/components/units/UnitGroupsPanel.svelte, /src/lib/components/units/TeachingSchedulePanel.svelte, /src/lib/components/units/LessonResultsPanel.svelte, /src/lib/components/units/LessonShapePanel.svelte, /src/lib/components/units/ResourceComposerPanel.svelte, /src/routes/studio/+page.svelte, /src/lib/components/studio/V3BookletIssuesPanel.svelte, /src/routes/studio/generations/[id]/+page.svelte, /src/routes/studio/print/[id]/+page.svelte, /src/app.css
10:59:38 AM [vite] (ssr) page reload src/lib/api/client.ts
11:00:48 AM [vite] (client) page reload .svelte-kit/generated/client/nodes/0.js
11:00:48 AM [vite] (client) page reload .svelte-kit/generated/client/nodes/1.js
11:00:48 AM [vite] (client) page reload .svelte-kit/generated/client/nodes/8.js
11:00:48 AM [vite] (client) page reload .svelte-kit/generated/client/nodes/9.js
11:00:48 AM [vite] (client) page reload .svelte-kit/generated/client/app.js
11:00:48 AM [vite] (client) page reload .svelte-kit/generated/client/nodes/16.js
11:00:48 AM [vite] (client) page reload .svelte-kit/generated/client/nodes/17.js
11:00:48 AM [vite] (client) page reload .svelte-kit/generated/client/nodes/18.js
11:00:48 AM [vite] (client) page reload .svelte-kit/generated/client/nodes/19.js
11:00:48 AM [vite] (client) page reload .svelte-kit/generated/client/nodes/21.js
11:00:48 AM [vite] (ssr) page reload .svelte-kit/generated/shared/error-template.js
11:00:48 AM [vite] (client) page reload .svelte-kit/generated/client/matchers.js
11:00:48 AM [vite] (ssr) page reload .svelte-kit/generated/server/internal.js
11:00:48 AM [vite] (client) page reload .svelte-kit/generated/root.js
11:00:48 AM [vite] (ssr) page reload .svelte-kit/generated/root.js
11:00:50 AM [vite] (ssr) page reload .svelte-kit/generated/root.svelte
11:01:56 AM [vite] (ssr) page reload src/lib/api/client.test.ts
11:02:17 AM [vite] (client) page reload .svelte-kit/generated/client/nodes/0.js
11:02:17 AM [vite] (client) page reload .svelte-kit/generated/client/nodes/1.js
11:02:17 AM [vite] (client) page reload .svelte-kit/generated/client/nodes/8.js
11:02:17 AM [vite] (client) page reload .svelte-kit/generated/client/nodes/9.js
11:02:17 AM [vite] (client) page reload .svelte-kit/generated/client/nodes/16.js
11:02:17 AM [vite] (client) page reload .svelte-kit/generated/client/nodes/17.js
11:02:17 AM [vite] (client) page reload .svelte-kit/generated/client/nodes/18.js
11:02:17 AM [vite] (client) page reload .svelte-kit/generated/client/nodes/19.js
11:02:17 AM [vite] (client) page reload .svelte-kit/generated/client/app.js
11:02:17 AM [vite] (ssr) page reload .svelte-kit/generated/shared/error-template.js
11:02:17 AM [vite] (ssr) page reload .svelte-kit/generated/server/internal.js
11:02:17 AM [vite] (client) page reload .svelte-kit/generated/client/nodes/21.js
11:02:17 AM [vite] (client) page reload .svelte-kit/generated/client/matchers.js
11:02:17 AM [vite] (client) page reload .svelte-kit/generated/root.js
11:02:17 AM [vite] (ssr) page reload .svelte-kit/generated/root.js
11:02:17 AM [vite] (ssr) page reload .svelte-kit/generated/root.svelte
11:02:58 AM [vite] (client) page reload .svelte-kit/generated/client/nodes/0.js
11:02:58 AM [vite] (client) page reload .svelte-kit/generated/client/nodes/1.js
11:02:58 AM [vite] (client) page reload .svelte-kit/generated/client/nodes/8.js
11:02:58 AM [vite] (client) page reload .svelte-kit/generated/client/nodes/9.js
11:02:58 AM [vite] (client) page reload .svelte-kit/generated/client/app.js
11:02:58 AM [vite] (ssr) page reload .svelte-kit/generated/shared/error-template.js
11:02:58 AM [vite] (ssr) page reload .svelte-kit/generated/server/internal.js
11:02:58 AM [vite] (client) page reload .svelte-kit/generated/client/nodes/16.js
11:02:58 AM [vite] (client) page reload .svelte-kit/generated/client/nodes/17.js
11:02:58 AM [vite] (client) page reload .svelte-kit/generated/client/nodes/18.js
11:02:58 AM [vite] (client) page reload .svelte-kit/generated/client/nodes/19.js
11:02:58 AM [vite] (client) page reload .svelte-kit/generated/client/nodes/21.js
11:02:59 AM [vite] (client) page reload .svelte-kit/generated/client/matchers.js
11:02:59 AM [vite] (client) page reload .svelte-kit/generated/root.js
11:02:59 AM [vite] (ssr) page reload .svelte-kit/generated/root.js
11:02:59 AM [vite] (ssr) page reload .svelte-kit/generated/root.svelte
11:19:36 AM [vite] (client) page reload .svelte-kit/generated/client/nodes/0.js
11:19:36 AM [vite] (client) page reload .svelte-kit/generated/client/nodes/1.js
11:19:36 AM [vite] (client) page reload .svelte-kit/generated/client/nodes/8.js
11:19:36 AM [vite] (client) page reload .svelte-kit/generated/client/nodes/9.js
11:19:36 AM [vite] (client) page reload .svelte-kit/generated/client/app.js
11:19:36 AM [vite] (ssr) page reload .svelte-kit/generated/shared/error-template.js
11:19:36 AM [vite] (ssr) page reload .svelte-kit/generated/server/internal.js
11:19:36 AM [vite] (client) page reload .svelte-kit/generated/client/nodes/16.js
11:19:36 AM [vite] (client) page reload .svelte-kit/generated/client/nodes/17.js
11:19:36 AM [vite] (client) page reload .svelte-kit/generated/client/nodes/18.js
11:19:36 AM [vite] (client) page reload .svelte-kit/generated/client/nodes/19.js
11:19:36 AM [vite] (client) page reload .svelte-kit/generated/client/nodes/21.js
11:19:36 AM [vite] (client) page reload .svelte-kit/generated/client/matchers.js
11:19:36 AM [vite] (client) page reload .svelte-kit/generated/root.js
11:19:36 AM [vite] (ssr) page reload .svelte-kit/generated/root.js
11:19:36 AM [vite] (ssr) page reload .svelte-kit/generated/root.svelte
11:36:59 AM [vite] (client) page reload .svelte-kit/generated/client/nodes/0.js
11:36:59 AM [vite] (client) page reload .svelte-kit/generated/client/nodes/1.js
11:36:59 AM [vite] (client) page reload .svelte-kit/generated/client/nodes/8.js
11:36:59 AM [vite] (client) page reload .svelte-kit/generated/client/nodes/9.js
11:36:59 AM [vite] (client) page reload .svelte-kit/generated/client/app.js
11:36:59 AM [vite] (ssr) page reload .svelte-kit/generated/shared/error-template.js
11:36:59 AM [vite] (ssr) page reload .svelte-kit/generated/server/internal.js
11:36:59 AM [vite] (client) page reload .svelte-kit/generated/client/nodes/16.js
11:36:59 AM [vite] (client) page reload .svelte-kit/generated/client/nodes/17.js
11:36:59 AM [vite] (client) page reload .svelte-kit/generated/client/nodes/18.js
11:36:59 AM [vite] (client) page reload .svelte-kit/generated/client/nodes/19.js
11:36:59 AM [vite] (client) page reload .svelte-kit/generated/client/nodes/21.js
11:36:59 AM [vite] (client) page reload .svelte-kit/generated/client/app.js
11:36:59 AM [vite] (client) page reload .svelte-kit/generated/client/matchers.js
11:36:59 AM [vite] (ssr) page reload .svelte-kit/generated/shared/error-template.js
11:36:59 AM [vite] (ssr) page reload .svelte-kit/generated/server/internal.js
11:36:59 AM [vite] (client) page reload .svelte-kit/generated/root.js
11:36:59 AM [vite] (ssr) page reload .svelte-kit/generated/root.js
11:37:10 AM [vite] (ssr) page reload .svelte-kit/generated/root.svelte
11:37:10 AM [vite] (ssr) page reload .svelte-kit/generated/root.svelte
4:02:32 PM [vite] (client) page reload .svelte-kit/generated/client/nodes/0.js
4:02:32 PM [vite] (ssr) page reload .svelte-kit/generated/shared/error-template.js
4:02:32 PM [vite] (ssr) page reload .svelte-kit/generated/server/internal.js
4:02:34 PM [vite] (client) page reload .svelte-kit/generated/root.js
4:02:34 PM [vite] (ssr) page reload .svelte-kit/generated/root.js
4:02:34 PM [vite] (client) page reload .svelte-kit/generated/client/app.js
4:02:34 PM [vite] (client) page reload .svelte-kit/generated/client/matchers.js
4:02:34 PM [vite] (client) page reload .svelte-kit/generated/client/nodes/0.js
4:02:34 PM [vite] (client) page reload .svelte-kit/generated/client/nodes/1.js
4:02:34 PM [vite] (client) page reload .svelte-kit/generated/client/nodes/8.js
4:02:34 PM [vite] (client) page reload .svelte-kit/generated/client/nodes/9.js
4:02:34 PM [vite] (client) page reload .svelte-kit/generated/client/nodes/16.js
4:02:34 PM [vite] (client) page reload .svelte-kit/generated/client/nodes/17.js
4:02:34 PM [vite] (client) page reload .svelte-kit/generated/client/nodes/18.js
4:02:34 PM [vite] (client) page reload .svelte-kit/generated/client/nodes/19.js
4:02:34 PM [vite] (client) page reload .svelte-kit/generated/client/nodes/21.js
4:02:34 PM [vite] (ssr) page reload .svelte-kit/generated/shared/error-template.js
4:02:48 PM [vite] (ssr) page reload .svelte-kit/generated/root.svelte
4:03:43 PM [vite] (client) page reload .svelte-kit/generated/client/nodes/0.js
4:03:43 PM [vite] (client) page reload .svelte-kit/generated/client/app.js
4:03:43 PM [vite] (ssr) page reload .svelte-kit/generated/shared/error-template.js
4:03:43 PM [vite] (ssr) page reload .svelte-kit/generated/server/internal.js
4:03:44 PM [vite] (client) page reload .svelte-kit/generated/client/nodes/0.js
4:03:44 PM [vite] (client) page reload .svelte-kit/generated/client/nodes/1.js
4:03:44 PM [vite] (client) page reload .svelte-kit/generated/client/nodes/8.js
4:03:44 PM [vite] (client) page reload .svelte-kit/generated/client/nodes/9.js
4:03:44 PM [vite] (client) page reload .svelte-kit/generated/client/nodes/16.js
4:03:44 PM [vite] (client) page reload .svelte-kit/generated/client/nodes/17.js
4:03:44 PM [vite] (client) page reload .svelte-kit/generated/client/nodes/18.js
4:03:44 PM [vite] (client) page reload .svelte-kit/generated/client/nodes/19.js
4:03:44 PM [vite] (client) page reload .svelte-kit/generated/client/nodes/21.js
4:03:44 PM [vite] (client) page reload .svelte-kit/generated/client/app.js
4:03:44 PM [vite] (client) page reload .svelte-kit/generated/client/matchers.js
4:03:44 PM [vite] (ssr) page reload .svelte-kit/generated/shared/error-template.js
4:03:44 PM [vite] (client) page reload .svelte-kit/generated/root.js
4:03:44 PM [vite] (ssr) page reload .svelte-kit/generated/root.js
4:03:44 PM [vite] (ssr) page reload .svelte-kit/generated/root.svelte
4:12:29 PM [vite] (client) page reload .svelte-kit/generated/client/nodes/0.js
4:12:29 PM [vite] (client) page reload .svelte-kit/generated/client/nodes/1.js
4:12:29 PM [vite] (client) page reload .svelte-kit/generated/client/nodes/8.js
4:12:29 PM [vite] (client) page reload .svelte-kit/generated/client/nodes/9.js
4:12:29 PM [vite] (client) page reload .svelte-kit/generated/client/app.js
4:12:29 PM [vite] (ssr) page reload .svelte-kit/generated/shared/error-template.js
4:12:29 PM [vite] (ssr) page reload .svelte-kit/generated/server/internal.js
4:12:29 PM [vite] (client) page reload .svelte-kit/generated/client/nodes/16.js
4:12:29 PM [vite] (client) page reload .svelte-kit/generated/client/nodes/17.js
4:12:29 PM [vite] (client) page reload .svelte-kit/generated/client/nodes/18.js
4:12:29 PM [vite] (client) page reload .svelte-kit/generated/client/nodes/19.js
4:12:29 PM [vite] (client) page reload .svelte-kit/generated/client/nodes/21.js
4:12:29 PM [vite] (client) page reload .svelte-kit/generated/client/matchers.js
4:12:29 PM [vite] (client) page reload .svelte-kit/generated/root.js
4:12:29 PM [vite] (ssr) page reload .svelte-kit/generated/root.js
4:12:29 PM [vite] (ssr) page reload .svelte-kit/generated/root.svelte
4:13:17 PM [vite] (client) page reload .svelte-kit/generated/client/nodes/0.js
4:13:17 PM [vite] (client) page reload .svelte-kit/generated/client/nodes/1.js
4:13:17 PM [vite] (client) page reload .svelte-kit/generated/client/nodes/8.js
4:13:17 PM [vite] (client) page reload .svelte-kit/generated/client/nodes/9.js
4:13:17 PM [vite] (client) page reload .svelte-kit/generated/client/app.js
4:13:17 PM [vite] (ssr) page reload .svelte-kit/generated/shared/error-template.js
4:13:17 PM [vite] (ssr) page reload .svelte-kit/generated/server/internal.js
4:13:17 PM [vite] (client) page reload .svelte-kit/generated/client/nodes/16.js
4:13:17 PM [vite] (client) page reload .svelte-kit/generated/client/nodes/17.js
4:13:17 PM [vite] (client) page reload .svelte-kit/generated/client/nodes/18.js
4:13:17 PM [vite] (client) page reload .svelte-kit/generated/client/nodes/19.js
4:13:17 PM [vite] (client) page reload .svelte-kit/generated/client/nodes/21.js
4:13:17 PM [vite] (client) page reload .svelte-kit/generated/client/matchers.js
4:13:17 PM [vite] (client) page reload .svelte-kit/generated/root.js
4:13:17 PM [vite] (ssr) page reload .svelte-kit/generated/root.js
4:13:17 PM [vite] (ssr) page reload .svelte-kit/generated/root.svelte
4:14:45 PM [vite] (client) page reload .svelte-kit/generated/client/nodes/0.js
4:14:45 PM [vite] (client) page reload .svelte-kit/generated/client/app.js
4:14:45 PM [vite] (ssr) page reload .svelte-kit/generated/shared/error-template.js
4:14:45 PM [vite] (ssr) page reload .svelte-kit/generated/server/internal.js
4:14:45 PM [vite] (client) page reload .svelte-kit/generated/client/nodes/0.js
4:14:45 PM [vite] (client) page reload .svelte-kit/generated/client/nodes/1.js
4:14:45 PM [vite] (client) page reload .svelte-kit/generated/client/nodes/8.js
4:14:45 PM [vite] (client) page reload .svelte-kit/generated/client/nodes/9.js
4:14:45 PM [vite] (client) page reload .svelte-kit/generated/client/nodes/16.js
4:14:45 PM [vite] (client) page reload .svelte-kit/generated/client/nodes/17.js
4:14:45 PM [vite] (client) page reload .svelte-kit/generated/client/nodes/18.js
4:14:45 PM [vite] (client) page reload .svelte-kit/generated/client/nodes/19.js
4:14:45 PM [vite] (client) page reload .svelte-kit/generated/client/nodes/21.js
4:14:45 PM [vite] (client) page reload .svelte-kit/generated/client/matchers.js
4:14:45 PM [vite] (client) page reload .svelte-kit/generated/root.js
4:14:45 PM [vite] (ssr) page reload .svelte-kit/generated/root.js
4:14:46 PM [vite] (ssr) page reload .svelte-kit/generated/root.svelte
4:15:42 PM [vite] (client) page reload .svelte-kit/generated/client/nodes/0.js
4:15:42 PM [vite] (client) page reload .svelte-kit/generated/client/nodes/1.js
4:15:42 PM [vite] (client) page reload .svelte-kit/generated/client/nodes/8.js
4:15:42 PM [vite] (client) page reload .svelte-kit/generated/client/nodes/9.js
4:15:42 PM [vite] (client) page reload .svelte-kit/generated/client/nodes/16.js
4:15:42 PM [vite] (client) page reload .svelte-kit/generated/client/nodes/17.js
4:15:42 PM [vite] (client) page reload .svelte-kit/generated/client/nodes/18.js
4:15:42 PM [vite] (client) page reload .svelte-kit/generated/client/nodes/19.js
4:15:42 PM [vite] (client) page reload .svelte-kit/generated/client/app.js
4:15:42 PM [vite] (ssr) page reload .svelte-kit/generated/shared/error-template.js
4:15:42 PM [vite] (ssr) page reload .svelte-kit/generated/server/internal.js
4:15:42 PM [vite] (client) page reload .svelte-kit/generated/client/nodes/21.js
4:15:42 PM [vite] (client) page reload .svelte-kit/generated/client/matchers.js
4:15:42 PM [vite] (client) page reload .svelte-kit/generated/root.js
4:15:42 PM [vite] (ssr) page reload .svelte-kit/generated/root.js
4:16:05 PM [vite] (ssr) page reload .svelte-kit/generated/root.svelte
