[    4620ms] [ERROR] Failed to load resource: the server responded with a status of 404 (Not Found) @ http://127.0.0.1:5173/favicon.ico:0
[    5832ms] [ERROR] Failed to load resource: the server responded with a status of 403 () @ https://accounts.google.com/gsi/button?theme=outline&size=large&width=320&text=signin_with&is_fedcm_supported=true&client_id=265820548539-9b5snae65fvovp4tk5vebehe73f718sa.apps.googleusercontent.com&iframe_id=gsi_366048_340498&cas=cFnGE9pkpwo9%2FLbCiUlUmx%2FQVBhSUAj2n8LAn%2BysNeA:0
[    6205ms] [ERROR] Failed to load resource: the server responded with a status of 401 (Unauthorized) @ http://127.0.0.1:5173/api/v1/capabilities:0
[    6312ms] [ERROR] [GSI_LOGGER]: The given origin is not allowed for the given client ID. @ https://ssl.gstatic.com/_/gsi/_/js/k=gsi.gsi.en_GB.WVJ-XT8ub3A.O/am=AAAAAIIAbBME/d=1/rs=AF0KOtUVdydvg6a2XhWjKI2vYRLDpu5bTw/m=credential_button_library:87
[ 1069103ms] [ERROR] Failed to load resource: the server responded with a status of 403 () @ https://accounts.google.com/gsi/button?theme=outline&size=large&width=320&text=signin_with&is_fedcm_supported=true&client_id=265820548539-9b5snae65fvovp4tk5vebehe73f718sa.apps.googleusercontent.com&iframe_id=gsi_429458_731126&cas=Kj7wBsZYZx%2Bg7ibs4I9CF73fhvSCJvd%2B3OTl%2BAyuWpo:0
[ 1069656ms] [ERROR] [GSI_LOGGER]: The given origin is not allowed for the given client ID. @ https://ssl.gstatic.com/_/gsi/_/js/k=gsi.gsi.en_GB.WVJ-XT8ub3A.O/am=AAAAAIIATBME/d=1/rs=AF0KOtVkNVVA8LHIbpC7PjURRbu34aeIzQ/m=credential_button_library:87
[ 1290284ms] [LOG] [vite] server connection lost. Polling for restart... @ http://127.0.0.1:5173/@vite/client:864
[ 1350137ms] [ERROR] Failed to load resource: the server responded with a status of 403 () @ https://accounts.google.com/gsi/button?theme=outline&size=large&width=320&text=signin_with&is_fedcm_supported=true&client_id=265820548539-9b5snae65fvovp4tk5vebehe73f718sa.apps.googleusercontent.com&iframe_id=gsi_710381_584143&cas=dBLojhfjRUJha5mJAnT2vhaBOx68co5jmTvI0XbPilI:0
[ 1350258ms] [ERROR] [GSI_LOGGER]: The given origin is not allowed for the given client ID. @ https://ssl.gstatic.com/_/gsi/_/js/k=gsi.gsi.en_GB.WVJ-XT8ub3A.O/am=AAAAAIIAbBME/d=1/rs=AF0KOtUVdydvg6a2XhWjKI2vYRLDpu5bTw/m=credential_button_library:87
[ 1845579ms] [ERROR] Failed to load resource: the server responded with a status of 403 () @ https://accounts.google.com/gsi/button?theme=outline&size=large&width=320&text=signin_with&is_fedcm_supported=true&client_id=265820548539-9b5snae65fvovp4tk5vebehe73f718sa.apps.googleusercontent.com&iframe_id=gsi_205884_53601&cas=JLibBQ4ksmVZd8l7M4nBTwAdB%2BLnyZZXwj1Fcw%2FxJhw:0
[ 1845655ms] [ERROR] [GSI_LOGGER]: The given origin is not allowed for the given client ID. @ https://ssl.gstatic.com/_/gsi/_/js/k=gsi.gsi.en_GB.WVJ-XT8ub3A.O/am=AAAAAIIAbBME/d=1/rs=AF0KOtUVdydvg6a2XhWjKI2vYRLDpu5bTw/m=credential_button_library:87
[ 1946861ms] [ERROR] Failed to load resource: the server responded with a status of 403 () @ https://accounts.google.com/gsi/button?theme=outline&size=large&width=320&text=signin_with&is_fedcm_supported=true&client_id=265820548539-9b5snae65fvovp4tk5vebehe73f718sa.apps.googleusercontent.com&iframe_id=gsi_307390_625292&cas=feauEfI3UgHf6ze2ZKKAp6B1K5QIbq6M9F7hABXyloM:0
[ 1946921ms] [ERROR] [GSI_LOGGER]: The given origin is not allowed for the given client ID. @ https://ssl.gstatic.com/_/gsi/_/js/k=gsi.gsi.en_GB.WVJ-XT8ub3A.O/am=AAAAAIIATBME/d=1/rs=AF0KOtVkNVVA8LHIbpC7PjURRbu34aeIzQ/m=credential_button_library:87
[ 3279234ms] [ERROR] Failed to load resource: the server responded with a status of 403 () @ https://accounts.google.com/gsi/button?theme=outline&size=large&width=320&text=signin_with&is_fedcm_supported=true&client_id=265820548539-9b5snae65fvovp4tk5vebehe73f718sa.apps.googleusercontent.com&iframe_id=gsi_639544_141962&cas=SaWO%2BvAxy9ZU4YwrOsnvv5JB3iHZIyAAbRbFIY8Z%2BO8:0
[ 3279408ms] [ERROR] [GSI_LOGGER]: The given origin is not allowed for the given client ID. @ https://ssl.gstatic.com/_/gsi/_/js/k=gsi.gsi.en_GB.WVJ-XT8ub3A.O/am=AAAAAIIAbBME/d=1/rs=AF0KOtUVdydvg6a2XhWjKI2vYRLDpu5bTw/m=credential_button_library:87
[ 3425353ms] [ERROR] Failed to load resource: the server responded with a status of 403 () @ https://accounts.google.com/gsi/button?theme=outline&size=large&width=320&text=signin_with&is_fedcm_supported=true&client_id=265820548539-9b5snae65fvovp4tk5vebehe73f718sa.apps.googleusercontent.com&iframe_id=gsi_785855_136893&cas=zjXBhMsU6s6S9bdjdvsm6jLgj%2Bi0l%2BktLdHQ9Etgjz0:0
[ 3425418ms] [ERROR] [GSI_LOGGER]: The given origin is not allowed for the given client ID. @ https://ssl.gstatic.com/_/gsi/_/js/k=gsi.gsi.en_GB.WVJ-XT8ub3A.O/am=AAAAAIIAbBME/d=1/rs=AF0KOtUVdydvg6a2XhWjKI2vYRLDpu5bTw/m=credential_button_library:87
[ 5163774ms] [ERROR] Failed to load resource: the server responded with a status of 403 () @ https://accounts.google.com/gsi/button?theme=outline&size=large&width=320&text=signin_with&is_fedcm_supported=true&client_id=265820548539-9b5snae65fvovp4tk5vebehe73f718sa.apps.googleusercontent.com&iframe_id=gsi_524079_111930&cas=gwpRAuItkGE%2FRCJ%2FXHwmg43WQKYG2sr9Tf5zp74qtcA:0
[ 5163836ms] [ERROR] [GSI_LOGGER]: The given origin is not allowed for the given client ID. @ https://ssl.gstatic.com/_/gsi/_/js/k=gsi.gsi.en_GB.WVJ-XT8ub3A.O/am=AAAAAIIAbBME/d=1/rs=AF0KOtUVdydvg6a2XhWjKI2vYRLDpu5bTw/m=credential_button_library:87
[ 5318179ms] [ERROR] Failed to load resource: the server responded with a status of 403 () @ https://accounts.google.com/gsi/button?theme=outline&size=large&width=320&text=signin_with&is_fedcm_supported=true&client_id=265820548539-9b5snae65fvovp4tk5vebehe73f718sa.apps.googleusercontent.com&iframe_id=gsi_678291_903728&cas=D4ZJ23XIzRzCELhfS4fU1ZoScoFJiSlbJ7GkMfEvvRo:0
[ 5318356ms] [ERROR] [GSI_LOGGER]: The given origin is not allowed for the given client ID. @ https://ssl.gstatic.com/_/gsi/_/js/k=gsi.gsi.en_GB.WVJ-XT8ub3A.O/am=AAAAAIIATBME/d=1/rs=AF0KOtVkNVVA8LHIbpC7PjURRbu34aeIzQ/m=credential_button_library:87
